<?xml version="1.0" encoding="ISO-8859-1" ?>
<link_info>
   <banner>MSP430 Linker Unix v20.2.0.LTS</banner>
   <copyright>Copyright (c) 2003-2018 Texas Instruments Incorporated</copyright>
   <link_time>0x5ed38f66</link_time>
   <link_errors>0x0</link_errors>
   <output_file>IntermittentDistributed_MSP430.out</output_file>
   <entry_point>
      <name>_c_int00_noargs</name>
      <address>0x450e</address>
   </entry_point>
   <input_file_list>
      <input_file id="fl-2">
         <path>./</path>
         <kind>object</kind>
         <file>main.obj</file>
         <name>main.obj</name>
      </input_file>
      <input_file id="fl-3">
         <path>./CCS_Only/</path>
         <kind>object</kind>
         <file>RegTest.obj</file>
         <name>RegTest.obj</name>
      </input_file>
      <input_file id="fl-4">
         <path>./Connectivity/</path>
         <kind>object</kind>
         <file>CC1101_MSP430.obj</file>
         <name>CC1101_MSP430.obj</name>
      </input_file>
      <input_file id="fl-5">
         <path>./Connectivity/</path>
         <kind>object</kind>
         <file>RFHandler.obj</file>
         <name>RFHandler.obj</name>
      </input_file>
      <input_file id="fl-6">
         <path>./DataManager/</path>
         <kind>object</kind>
         <file>SimpDB.obj</file>
         <name>SimpDB.obj</name>
      </input_file>
      <input_file id="fl-7">
         <path>./DataManager/</path>
         <kind>object</kind>
         <file>maps.obj</file>
         <name>maps.obj</name>
      </input_file>
      <input_file id="fl-8">
         <path>./FreeRTOS_Source/</path>
         <kind>object</kind>
         <file>croutine.obj</file>
         <name>croutine.obj</name>
      </input_file>
      <input_file id="fl-9">
         <path>./FreeRTOS_Source/</path>
         <kind>object</kind>
         <file>event_groups.obj</file>
         <name>event_groups.obj</name>
      </input_file>
      <input_file id="fl-a">
         <path>./FreeRTOS_Source/</path>
         <kind>object</kind>
         <file>list.obj</file>
         <name>list.obj</name>
      </input_file>
      <input_file id="fl-b">
         <path>./FreeRTOS_Source/</path>
         <kind>object</kind>
         <file>queue.obj</file>
         <name>queue.obj</name>
      </input_file>
      <input_file id="fl-c">
         <path>./FreeRTOS_Source/</path>
         <kind>object</kind>
         <file>stream_buffer.obj</file>
         <name>stream_buffer.obj</name>
      </input_file>
      <input_file id="fl-d">
         <path>./FreeRTOS_Source/</path>
         <kind>object</kind>
         <file>tasks.obj</file>
         <name>tasks.obj</name>
      </input_file>
      <input_file id="fl-e">
         <path>./FreeRTOS_Source/</path>
         <kind>object</kind>
         <file>timers.obj</file>
         <name>timers.obj</name>
      </input_file>
      <input_file id="fl-f">
         <path>./FreeRTOS_Source/portable/CCS/MSP430X/</path>
         <kind>object</kind>
         <file>port.obj</file>
         <name>port.obj</name>
      </input_file>
      <input_file id="fl-10">
         <path>./FreeRTOS_Source/portable/CCS/MSP430X/</path>
         <kind>object</kind>
         <file>portext.obj</file>
         <name>portext.obj</name>
      </input_file>
      <input_file id="fl-11">
         <path>./FreeRTOS_Source/portable/MemMang/</path>
         <kind>object</kind>
         <file>heap_4.obj</file>
         <name>heap_4.obj</name>
      </input_file>
      <input_file id="fl-12">
         <path>./RecoveryHandler/</path>
         <kind>object</kind>
         <file>Recovery.obj</file>
         <name>Recovery.obj</name>
      </input_file>
      <input_file id="fl-13">
         <path>./RecoveryHandler/</path>
         <kind>object</kind>
         <file>Validation.obj</file>
         <name>Validation.obj</name>
      </input_file>
      <input_file id="fl-14">
         <path>./Tasks/</path>
         <kind>object</kind>
         <file>TestTasks.obj</file>
         <name>TestTasks.obj</name>
      </input_file>
      <input_file id="fl-15">
         <path>./Tools/</path>
         <kind>object</kind>
         <file>mylist.obj</file>
         <name>mylist.obj</name>
      </input_file>
      <input_file id="fl-16">
         <path>./Tools/</path>
         <kind>object</kind>
         <file>myuart.obj</file>
         <name>myuart.obj</name>
      </input_file>
      <input_file id="fl-17">
         <path>./driverlib/MSP430FR5xx_6xx/</path>
         <kind>object</kind>
         <file>adc12_b.obj</file>
         <name>adc12_b.obj</name>
      </input_file>
      <input_file id="fl-18">
         <path>./driverlib/MSP430FR5xx_6xx/</path>
         <kind>object</kind>
         <file>aes256.obj</file>
         <name>aes256.obj</name>
      </input_file>
      <input_file id="fl-19">
         <path>./driverlib/MSP430FR5xx_6xx/</path>
         <kind>object</kind>
         <file>comp_e.obj</file>
         <name>comp_e.obj</name>
      </input_file>
      <input_file id="fl-1a">
         <path>./driverlib/MSP430FR5xx_6xx/</path>
         <kind>object</kind>
         <file>crc.obj</file>
         <name>crc.obj</name>
      </input_file>
      <input_file id="fl-1b">
         <path>./driverlib/MSP430FR5xx_6xx/</path>
         <kind>object</kind>
         <file>crc32.obj</file>
         <name>crc32.obj</name>
      </input_file>
      <input_file id="fl-1c">
         <path>./driverlib/MSP430FR5xx_6xx/</path>
         <kind>object</kind>
         <file>cs.obj</file>
         <name>cs.obj</name>
      </input_file>
      <input_file id="fl-1d">
         <path>./driverlib/MSP430FR5xx_6xx/</path>
         <kind>object</kind>
         <file>dma.obj</file>
         <name>dma.obj</name>
      </input_file>
      <input_file id="fl-1e">
         <path>./driverlib/MSP430FR5xx_6xx/</path>
         <kind>object</kind>
         <file>esi.obj</file>
         <name>esi.obj</name>
      </input_file>
      <input_file id="fl-1f">
         <path>./driverlib/MSP430FR5xx_6xx/</path>
         <kind>object</kind>
         <file>eusci_a_spi.obj</file>
         <name>eusci_a_spi.obj</name>
      </input_file>
      <input_file id="fl-20">
         <path>./driverlib/MSP430FR5xx_6xx/</path>
         <kind>object</kind>
         <file>eusci_a_uart.obj</file>
         <name>eusci_a_uart.obj</name>
      </input_file>
      <input_file id="fl-21">
         <path>./driverlib/MSP430FR5xx_6xx/</path>
         <kind>object</kind>
         <file>eusci_b_i2c.obj</file>
         <name>eusci_b_i2c.obj</name>
      </input_file>
      <input_file id="fl-22">
         <path>./driverlib/MSP430FR5xx_6xx/</path>
         <kind>object</kind>
         <file>eusci_b_spi.obj</file>
         <name>eusci_b_spi.obj</name>
      </input_file>
      <input_file id="fl-23">
         <path>./driverlib/MSP430FR5xx_6xx/</path>
         <kind>object</kind>
         <file>framctl.obj</file>
         <name>framctl.obj</name>
      </input_file>
      <input_file id="fl-24">
         <path>./driverlib/MSP430FR5xx_6xx/</path>
         <kind>object</kind>
         <file>framctl_a.obj</file>
         <name>framctl_a.obj</name>
      </input_file>
      <input_file id="fl-25">
         <path>./driverlib/MSP430FR5xx_6xx/</path>
         <kind>object</kind>
         <file>gpio.obj</file>
         <name>gpio.obj</name>
      </input_file>
      <input_file id="fl-26">
         <path>./driverlib/MSP430FR5xx_6xx/</path>
         <kind>object</kind>
         <file>hspll.obj</file>
         <name>hspll.obj</name>
      </input_file>
      <input_file id="fl-27">
         <path>./driverlib/MSP430FR5xx_6xx/</path>
         <kind>object</kind>
         <file>lcd_c.obj</file>
         <name>lcd_c.obj</name>
      </input_file>
      <input_file id="fl-28">
         <path>./driverlib/MSP430FR5xx_6xx/</path>
         <kind>object</kind>
         <file>mpu.obj</file>
         <name>mpu.obj</name>
      </input_file>
      <input_file id="fl-29">
         <path>./driverlib/MSP430FR5xx_6xx/</path>
         <kind>object</kind>
         <file>mpy32.obj</file>
         <name>mpy32.obj</name>
      </input_file>
      <input_file id="fl-2a">
         <path>./driverlib/MSP430FR5xx_6xx/</path>
         <kind>object</kind>
         <file>mtif.obj</file>
         <name>mtif.obj</name>
      </input_file>
      <input_file id="fl-2b">
         <path>./driverlib/MSP430FR5xx_6xx/</path>
         <kind>object</kind>
         <file>pmm.obj</file>
         <name>pmm.obj</name>
      </input_file>
      <input_file id="fl-2c">
         <path>./driverlib/MSP430FR5xx_6xx/</path>
         <kind>object</kind>
         <file>ram.obj</file>
         <name>ram.obj</name>
      </input_file>
      <input_file id="fl-2d">
         <path>./driverlib/MSP430FR5xx_6xx/</path>
         <kind>object</kind>
         <file>ref_a.obj</file>
         <name>ref_a.obj</name>
      </input_file>
      <input_file id="fl-2e">
         <path>./driverlib/MSP430FR5xx_6xx/</path>
         <kind>object</kind>
         <file>rtc_b.obj</file>
         <name>rtc_b.obj</name>
      </input_file>
      <input_file id="fl-2f">
         <path>./driverlib/MSP430FR5xx_6xx/</path>
         <kind>object</kind>
         <file>rtc_c.obj</file>
         <name>rtc_c.obj</name>
      </input_file>
      <input_file id="fl-30">
         <path>./driverlib/MSP430FR5xx_6xx/</path>
         <kind>object</kind>
         <file>saph.obj</file>
         <name>saph.obj</name>
      </input_file>
      <input_file id="fl-31">
         <path>./driverlib/MSP430FR5xx_6xx/</path>
         <kind>object</kind>
         <file>saph_a.obj</file>
         <name>saph_a.obj</name>
      </input_file>
      <input_file id="fl-32">
         <path>./driverlib/MSP430FR5xx_6xx/</path>
         <kind>object</kind>
         <file>sdhs.obj</file>
         <name>sdhs.obj</name>
      </input_file>
      <input_file id="fl-33">
         <path>./driverlib/MSP430FR5xx_6xx/</path>
         <kind>object</kind>
         <file>sfr.obj</file>
         <name>sfr.obj</name>
      </input_file>
      <input_file id="fl-34">
         <path>./driverlib/MSP430FR5xx_6xx/</path>
         <kind>object</kind>
         <file>sysctl.obj</file>
         <name>sysctl.obj</name>
      </input_file>
      <input_file id="fl-35">
         <path>./driverlib/MSP430FR5xx_6xx/</path>
         <kind>object</kind>
         <file>timer_a.obj</file>
         <name>timer_a.obj</name>
      </input_file>
      <input_file id="fl-36">
         <path>./driverlib/MSP430FR5xx_6xx/</path>
         <kind>object</kind>
         <file>timer_b.obj</file>
         <name>timer_b.obj</name>
      </input_file>
      <input_file id="fl-37">
         <path>./driverlib/MSP430FR5xx_6xx/</path>
         <kind>object</kind>
         <file>tlv.obj</file>
         <name>tlv.obj</name>
      </input_file>
      <input_file id="fl-38">
         <path>./driverlib/MSP430FR5xx_6xx/</path>
         <kind>object</kind>
         <file>uups.obj</file>
         <name>uups.obj</name>
      </input_file>
      <input_file id="fl-39">
         <path>./driverlib/MSP430FR5xx_6xx/</path>
         <kind>object</kind>
         <file>wdt_a.obj</file>
         <name>wdt_a.obj</name>
      </input_file>
      <input_file id="fl-3f">
         <kind>object</kind>
         <file>&lt;internal&gt;</file>
         <name>&lt;internal&gt;</name>
      </input_file>
      <input_file id="fl-5a">
         <path>/Applications/ti/ccs1000/ccs/tools/compiler/ti-cgt-msp430_20.2.0.LTS/lib/</path>
         <kind>archive</kind>
         <file>rts430x_lc_ld_eabi_se.lib</file>
         <name>copy_decompress_lzss.c.obj</name>
      </input_file>
      <input_file id="fl-5b">
         <path>/Applications/ti/ccs1000/ccs/tools/compiler/ti-cgt-msp430_20.2.0.LTS/lib/</path>
         <kind>archive</kind>
         <file>rts430x_lc_ld_eabi_se.lib</file>
         <name>copy_decompress_none.c.obj</name>
      </input_file>
      <input_file id="fl-5c">
         <path>/Applications/ti/ccs1000/ccs/tools/compiler/ti-cgt-msp430_20.2.0.LTS/lib/</path>
         <kind>archive</kind>
         <file>rts430x_lc_ld_eabi_se.lib</file>
         <name>int18.asm.obj</name>
      </input_file>
      <input_file id="fl-5d">
         <path>/Applications/ti/ccs1000/ccs/tools/compiler/ti-cgt-msp430_20.2.0.LTS/lib/</path>
         <kind>archive</kind>
         <file>rts430x_lc_ld_eabi_se.lib</file>
         <name>isr_trap.asm.obj</name>
      </input_file>
      <input_file id="fl-5e">
         <path>/Applications/ti/ccs1000/ccs/tools/compiler/ti-cgt-msp430_20.2.0.LTS/lib/</path>
         <kind>archive</kind>
         <file>rts430x_lc_ld_eabi_se.lib</file>
         <name>int20.asm.obj</name>
      </input_file>
      <input_file id="fl-5f">
         <path>/Applications/ti/ccs1000/ccs/tools/compiler/ti-cgt-msp430_20.2.0.LTS/lib/</path>
         <kind>archive</kind>
         <file>rts430x_lc_ld_eabi_se.lib</file>
         <name>int21.asm.obj</name>
      </input_file>
      <input_file id="fl-60">
         <path>/Applications/ti/ccs1000/ccs/tools/compiler/ti-cgt-msp430_20.2.0.LTS/lib/</path>
         <kind>archive</kind>
         <file>rts430x_lc_ld_eabi_se.lib</file>
         <name>int22.asm.obj</name>
      </input_file>
      <input_file id="fl-61">
         <path>/Applications/ti/ccs1000/ccs/tools/compiler/ti-cgt-msp430_20.2.0.LTS/lib/</path>
         <kind>archive</kind>
         <file>rts430x_lc_ld_eabi_se.lib</file>
         <name>int23.asm.obj</name>
      </input_file>
      <input_file id="fl-62">
         <path>/Applications/ti/ccs1000/ccs/tools/compiler/ti-cgt-msp430_20.2.0.LTS/lib/</path>
         <kind>archive</kind>
         <file>rts430x_lc_ld_eabi_se.lib</file>
         <name>int24.asm.obj</name>
      </input_file>
      <input_file id="fl-63">
         <path>/Applications/ti/ccs1000/ccs/tools/compiler/ti-cgt-msp430_20.2.0.LTS/lib/</path>
         <kind>archive</kind>
         <file>rts430x_lc_ld_eabi_se.lib</file>
         <name>int25.asm.obj</name>
      </input_file>
      <input_file id="fl-64">
         <path>/Applications/ti/ccs1000/ccs/tools/compiler/ti-cgt-msp430_20.2.0.LTS/lib/</path>
         <kind>archive</kind>
         <file>rts430x_lc_ld_eabi_se.lib</file>
         <name>int26.asm.obj</name>
      </input_file>
      <input_file id="fl-65">
         <path>/Applications/ti/ccs1000/ccs/tools/compiler/ti-cgt-msp430_20.2.0.LTS/lib/</path>
         <kind>archive</kind>
         <file>rts430x_lc_ld_eabi_se.lib</file>
         <name>int28.asm.obj</name>
      </input_file>
      <input_file id="fl-66">
         <path>/Applications/ti/ccs1000/ccs/tools/compiler/ti-cgt-msp430_20.2.0.LTS/lib/</path>
         <kind>archive</kind>
         <file>rts430x_lc_ld_eabi_se.lib</file>
         <name>int29.asm.obj</name>
      </input_file>
      <input_file id="fl-67">
         <path>/Applications/ti/ccs1000/ccs/tools/compiler/ti-cgt-msp430_20.2.0.LTS/lib/</path>
         <kind>archive</kind>
         <file>rts430x_lc_ld_eabi_se.lib</file>
         <name>int30.asm.obj</name>
      </input_file>
      <input_file id="fl-68">
         <path>/Applications/ti/ccs1000/ccs/tools/compiler/ti-cgt-msp430_20.2.0.LTS/lib/</path>
         <kind>archive</kind>
         <file>rts430x_lc_ld_eabi_se.lib</file>
         <name>int31.asm.obj</name>
      </input_file>
      <input_file id="fl-69">
         <path>/Applications/ti/ccs1000/ccs/tools/compiler/ti-cgt-msp430_20.2.0.LTS/lib/</path>
         <kind>archive</kind>
         <file>rts430x_lc_ld_eabi_se.lib</file>
         <name>int32.asm.obj</name>
      </input_file>
      <input_file id="fl-6a">
         <path>/Applications/ti/ccs1000/ccs/tools/compiler/ti-cgt-msp430_20.2.0.LTS/lib/</path>
         <kind>archive</kind>
         <file>rts430x_lc_ld_eabi_se.lib</file>
         <name>int33.asm.obj</name>
      </input_file>
      <input_file id="fl-6b">
         <path>/Applications/ti/ccs1000/ccs/tools/compiler/ti-cgt-msp430_20.2.0.LTS/lib/</path>
         <kind>archive</kind>
         <file>rts430x_lc_ld_eabi_se.lib</file>
         <name>int34.asm.obj</name>
      </input_file>
      <input_file id="fl-6c">
         <path>/Applications/ti/ccs1000/ccs/tools/compiler/ti-cgt-msp430_20.2.0.LTS/lib/</path>
         <kind>archive</kind>
         <file>rts430x_lc_ld_eabi_se.lib</file>
         <name>int35.asm.obj</name>
      </input_file>
      <input_file id="fl-6d">
         <path>/Applications/ti/ccs1000/ccs/tools/compiler/ti-cgt-msp430_20.2.0.LTS/lib/</path>
         <kind>archive</kind>
         <file>rts430x_lc_ld_eabi_se.lib</file>
         <name>int36.asm.obj</name>
      </input_file>
      <input_file id="fl-6e">
         <path>/Applications/ti/ccs1000/ccs/tools/compiler/ti-cgt-msp430_20.2.0.LTS/lib/</path>
         <kind>archive</kind>
         <file>rts430x_lc_ld_eabi_se.lib</file>
         <name>int37.asm.obj</name>
      </input_file>
      <input_file id="fl-6f">
         <path>/Applications/ti/ccs1000/ccs/tools/compiler/ti-cgt-msp430_20.2.0.LTS/lib/</path>
         <kind>archive</kind>
         <file>rts430x_lc_ld_eabi_se.lib</file>
         <name>int38.asm.obj</name>
      </input_file>
      <input_file id="fl-70">
         <path>/Applications/ti/ccs1000/ccs/tools/compiler/ti-cgt-msp430_20.2.0.LTS/lib/</path>
         <kind>archive</kind>
         <file>rts430x_lc_ld_eabi_se.lib</file>
         <name>int39.asm.obj</name>
      </input_file>
      <input_file id="fl-71">
         <path>/Applications/ti/ccs1000/ccs/tools/compiler/ti-cgt-msp430_20.2.0.LTS/lib/</path>
         <kind>archive</kind>
         <file>rts430x_lc_ld_eabi_se.lib</file>
         <name>int41.asm.obj</name>
      </input_file>
      <input_file id="fl-72">
         <path>/Applications/ti/ccs1000/ccs/tools/compiler/ti-cgt-msp430_20.2.0.LTS/lib/</path>
         <kind>archive</kind>
         <file>rts430x_lc_ld_eabi_se.lib</file>
         <name>int42.asm.obj</name>
      </input_file>
      <input_file id="fl-73">
         <path>/Applications/ti/ccs1000/ccs/tools/compiler/ti-cgt-msp430_20.2.0.LTS/lib/</path>
         <kind>archive</kind>
         <file>rts430x_lc_ld_eabi_se.lib</file>
         <name>int43.asm.obj</name>
      </input_file>
      <input_file id="fl-74">
         <path>/Applications/ti/ccs1000/ccs/tools/compiler/ti-cgt-msp430_20.2.0.LTS/lib/</path>
         <kind>archive</kind>
         <file>rts430x_lc_ld_eabi_se.lib</file>
         <name>int44.asm.obj</name>
      </input_file>
      <input_file id="fl-75">
         <path>/Applications/ti/ccs1000/ccs/tools/compiler/ti-cgt-msp430_20.2.0.LTS/lib/</path>
         <kind>archive</kind>
         <file>rts430x_lc_ld_eabi_se.lib</file>
         <name>int47.asm.obj</name>
      </input_file>
      <input_file id="fl-76">
         <path>/Applications/ti/ccs1000/ccs/tools/compiler/ti-cgt-msp430_20.2.0.LTS/lib/</path>
         <kind>archive</kind>
         <file>rts430x_lc_ld_eabi_se.lib</file>
         <name>int48.asm.obj</name>
      </input_file>
      <input_file id="fl-77">
         <path>/Applications/ti/ccs1000/ccs/tools/compiler/ti-cgt-msp430_20.2.0.LTS/lib/</path>
         <kind>archive</kind>
         <file>rts430x_lc_ld_eabi_se.lib</file>
         <name>int49.asm.obj</name>
      </input_file>
      <input_file id="fl-78">
         <path>/Applications/ti/ccs1000/ccs/tools/compiler/ti-cgt-msp430_20.2.0.LTS/lib/</path>
         <kind>archive</kind>
         <file>rts430x_lc_ld_eabi_se.lib</file>
         <name>int50.asm.obj</name>
      </input_file>
      <input_file id="fl-79">
         <path>/Applications/ti/ccs1000/ccs/tools/compiler/ti-cgt-msp430_20.2.0.LTS/lib/</path>
         <kind>archive</kind>
         <file>rts430x_lc_ld_eabi_se.lib</file>
         <name>int51.asm.obj</name>
      </input_file>
      <input_file id="fl-7a">
         <path>/Applications/ti/ccs1000/ccs/tools/compiler/ti-cgt-msp430_20.2.0.LTS/lib/</path>
         <kind>archive</kind>
         <file>rts430x_lc_ld_eabi_se.lib</file>
         <name>int52.asm.obj</name>
      </input_file>
      <input_file id="fl-7b">
         <path>/Applications/ti/ccs1000/ccs/tools/compiler/ti-cgt-msp430_20.2.0.LTS/lib/</path>
         <kind>archive</kind>
         <file>rts430x_lc_ld_eabi_se.lib</file>
         <name>int53.asm.obj</name>
      </input_file>
      <input_file id="fl-7c">
         <path>/Applications/ti/ccs1000/ccs/tools/compiler/ti-cgt-msp430_20.2.0.LTS/lib/</path>
         <kind>archive</kind>
         <file>rts430x_lc_ld_eabi_se.lib</file>
         <name>int54.asm.obj</name>
      </input_file>
      <input_file id="fl-7d">
         <path>/Applications/ti/ccs1000/ccs/tools/compiler/ti-cgt-msp430_20.2.0.LTS/lib/</path>
         <kind>archive</kind>
         <file>rts430x_lc_ld_eabi_se.lib</file>
         <name>copy_zero_init.c.obj</name>
      </input_file>
      <input_file id="fl-7e">
         <path>/Applications/ti/ccs1000/ccs/tools/compiler/ti-cgt-msp430_20.2.0.LTS/lib/</path>
         <kind>archive</kind>
         <file>rts430x_lc_ld_eabi_se.lib</file>
         <name>div16s.asm.obj</name>
      </input_file>
      <input_file id="fl-7f">
         <path>/Applications/ti/ccs1000/ccs/tools/compiler/ti-cgt-msp430_20.2.0.LTS/lib/</path>
         <kind>archive</kind>
         <file>rts430x_lc_ld_eabi_se.lib</file>
         <name>div32s.asm.obj</name>
      </input_file>
      <input_file id="fl-80">
         <path>/Applications/ti/ccs1000/ccs/tools/compiler/ti-cgt-msp430_20.2.0.LTS/lib/</path>
         <kind>archive</kind>
         <file>rts430x_lc_ld_eabi_se.lib</file>
         <name>div16u.asm.obj</name>
      </input_file>
      <input_file id="fl-81">
         <path>/Applications/ti/ccs1000/ccs/tools/compiler/ti-cgt-msp430_20.2.0.LTS/lib/</path>
         <kind>archive</kind>
         <file>rts430x_lc_ld_eabi_se.lib</file>
         <name>div32u.asm.obj</name>
      </input_file>
      <input_file id="fl-82">
         <path>/Applications/ti/ccs1000/ccs/tools/compiler/ti-cgt-msp430_20.2.0.LTS/lib/</path>
         <kind>archive</kind>
         <file>rts430x_lc_ld_eabi_se.lib</file>
         <name>mult16.asm.obj</name>
      </input_file>
      <input_file id="fl-83">
         <path>/Applications/ti/ccs1000/ccs/tools/compiler/ti-cgt-msp430_20.2.0.LTS/lib/</path>
         <kind>archive</kind>
         <file>rts430x_lc_ld_eabi_se.lib</file>
         <name>mult16_f5hw.asm.obj</name>
      </input_file>
      <input_file id="fl-84">
         <path>/Applications/ti/ccs1000/ccs/tools/compiler/ti-cgt-msp430_20.2.0.LTS/lib/</path>
         <kind>archive</kind>
         <file>rts430x_lc_ld_eabi_se.lib</file>
         <name>mult32.asm.obj</name>
      </input_file>
      <input_file id="fl-85">
         <path>/Applications/ti/ccs1000/ccs/tools/compiler/ti-cgt-msp430_20.2.0.LTS/lib/</path>
         <kind>archive</kind>
         <file>rts430x_lc_ld_eabi_se.lib</file>
         <name>mult32_f5hw.asm.obj</name>
      </input_file>
      <input_file id="fl-86">
         <path>/Applications/ti/ccs1000/ccs/tools/compiler/ti-cgt-msp430_20.2.0.LTS/lib/</path>
         <kind>archive</kind>
         <file>rts430x_lc_ld_eabi_se.lib</file>
         <name>mult64_f5hw.asm.obj</name>
      </input_file>
      <input_file id="fl-87">
         <path>/Applications/ti/ccs1000/ccs/tools/compiler/ti-cgt-msp430_20.2.0.LTS/lib/</path>
         <kind>archive</kind>
         <file>rts430x_lc_ld_eabi_se.lib</file>
         <name>mult1632_f5hw.asm.obj</name>
      </input_file>
      <input_file id="fl-88">
         <path>/Applications/ti/ccs1000/ccs/tools/compiler/ti-cgt-msp430_20.2.0.LTS/lib/</path>
         <kind>archive</kind>
         <file>rts430x_lc_ld_eabi_se.lib</file>
         <name>mult3264_f5hw.asm.obj</name>
      </input_file>
      <input_file id="fl-89">
         <path>/Applications/ti/ccs1000/ccs/tools/compiler/ti-cgt-msp430_20.2.0.LTS/lib/</path>
         <kind>archive</kind>
         <file>rts430x_lc_ld_eabi_se.lib</file>
         <name>lsl16.asm.obj</name>
      </input_file>
      <input_file id="fl-8a">
         <path>/Applications/ti/ccs1000/ccs/tools/compiler/ti-cgt-msp430_20.2.0.LTS/lib/</path>
         <kind>archive</kind>
         <file>rts430x_lc_ld_eabi_se.lib</file>
         <name>asr16.asm.obj</name>
      </input_file>
      <input_file id="fl-8b">
         <path>/Applications/ti/ccs1000/ccs/tools/compiler/ti-cgt-msp430_20.2.0.LTS/lib/</path>
         <kind>archive</kind>
         <file>rts430x_lc_ld_eabi_se.lib</file>
         <name>asr32.asm.obj</name>
      </input_file>
      <input_file id="fl-8c">
         <path>/Applications/ti/ccs1000/ccs/tools/compiler/ti-cgt-msp430_20.2.0.LTS/lib/</path>
         <kind>archive</kind>
         <file>rts430x_lc_ld_eabi_se.lib</file>
         <name>boot.c.obj</name>
      </input_file>
      <input_file id="fl-8d">
         <path>/Applications/ti/ccs1000/ccs/tools/compiler/ti-cgt-msp430_20.2.0.LTS/lib/</path>
         <kind>archive</kind>
         <file>rts430x_lc_ld_eabi_se.lib</file>
         <name>mpu_init.c.obj</name>
      </input_file>
      <input_file id="fl-8e">
         <path>/Applications/ti/ccs1000/ccs/tools/compiler/ti-cgt-msp430_20.2.0.LTS/lib/</path>
         <kind>archive</kind>
         <file>rts430x_lc_ld_eabi_se.lib</file>
         <name>args_main.c.obj</name>
      </input_file>
      <input_file id="fl-8f">
         <path>/Applications/ti/ccs1000/ccs/tools/compiler/ti-cgt-msp430_20.2.0.LTS/lib/</path>
         <kind>archive</kind>
         <file>rts430x_lc_ld_eabi_se.lib</file>
         <name>autoinit.c.obj</name>
      </input_file>
      <input_file id="fl-90">
         <path>/Applications/ti/ccs1000/ccs/tools/compiler/ti-cgt-msp430_20.2.0.LTS/lib/</path>
         <kind>archive</kind>
         <file>rts430x_lc_ld_eabi_se.lib</file>
         <name>startup.c.obj</name>
      </input_file>
      <input_file id="fl-91">
         <path>/Applications/ti/ccs1000/ccs/tools/compiler/ti-cgt-msp430_20.2.0.LTS/lib/</path>
         <kind>archive</kind>
         <file>rts430x_lc_ld_eabi_se.lib</file>
         <name>cpy_tbl.c.obj</name>
      </input_file>
      <input_file id="fl-92">
         <path>/Applications/ti/ccs1000/ccs/tools/compiler/ti-cgt-msp430_20.2.0.LTS/lib/</path>
         <kind>archive</kind>
         <file>rts430x_lc_ld_eabi_se.lib</file>
         <name>exit.c.obj</name>
      </input_file>
      <input_file id="fl-93">
         <path>/Applications/ti/ccs1000/ccs/tools/compiler/ti-cgt-msp430_20.2.0.LTS/lib/</path>
         <kind>archive</kind>
         <file>rts430x_lc_ld_eabi_se.lib</file>
         <name>exit_gvars.c.obj</name>
      </input_file>
      <input_file id="fl-94">
         <path>/Applications/ti/ccs1000/ccs/tools/compiler/ti-cgt-msp430_20.2.0.LTS/lib/</path>
         <kind>archive</kind>
         <file>rts430x_lc_ld_eabi_se.lib</file>
         <name>_lock.c.obj</name>
      </input_file>
      <input_file id="fl-95">
         <path>/Applications/ti/ccs1000/ccs/tools/compiler/ti-cgt-msp430_20.2.0.LTS/lib/</path>
         <kind>archive</kind>
         <file>rts430x_lc_ld_eabi_se.lib</file>
         <name>memcpy.c.obj</name>
      </input_file>
      <input_file id="fl-96">
         <path>/Applications/ti/ccs1000/ccs/tools/compiler/ti-cgt-msp430_20.2.0.LTS/lib/</path>
         <kind>archive</kind>
         <file>rts430x_lc_ld_eabi_se.lib</file>
         <name>memset.c.obj</name>
      </input_file>
      <input_file id="fl-97">
         <path>/Applications/ti/ccs1000/ccs/tools/compiler/ti-cgt-msp430_20.2.0.LTS/lib/</path>
         <kind>archive</kind>
         <file>rts430x_lc_ld_eabi_se.lib</file>
         <name>printf.c.obj</name>
      </input_file>
      <input_file id="fl-98">
         <path>/Applications/ti/ccs1000/ccs/tools/compiler/ti-cgt-msp430_20.2.0.LTS/lib/</path>
         <kind>archive</kind>
         <file>rts430x_lc_ld_eabi_se.lib</file>
         <name>_printfi.c.obj</name>
      </input_file>
      <input_file id="fl-99">
         <path>/Applications/ti/ccs1000/ccs/tools/compiler/ti-cgt-msp430_20.2.0.LTS/lib/</path>
         <kind>archive</kind>
         <file>rts430x_lc_ld_eabi_se.lib</file>
         <name>_ltoa.c.obj</name>
      </input_file>
      <input_file id="fl-9a">
         <path>/Applications/ti/ccs1000/ccs/tools/compiler/ti-cgt-msp430_20.2.0.LTS/lib/</path>
         <kind>archive</kind>
         <file>rts430x_lc_ld_eabi_se.lib</file>
         <name>cmpd.c.obj</name>
      </input_file>
      <input_file id="fl-9b">
         <path>/Applications/ti/ccs1000/ccs/tools/compiler/ti-cgt-msp430_20.2.0.LTS/lib/</path>
         <kind>archive</kind>
         <file>rts430x_lc_ld_eabi_se.lib</file>
         <name>divd.c.obj</name>
      </input_file>
      <input_file id="fl-9c">
         <path>/Applications/ti/ccs1000/ccs/tools/compiler/ti-cgt-msp430_20.2.0.LTS/lib/</path>
         <kind>archive</kind>
         <file>rts430x_lc_ld_eabi_se.lib</file>
         <name>frcdivd.c.obj</name>
      </input_file>
      <input_file id="fl-9d">
         <path>/Applications/ti/ccs1000/ccs/tools/compiler/ti-cgt-msp430_20.2.0.LTS/lib/</path>
         <kind>archive</kind>
         <file>rts430x_lc_ld_eabi_se.lib</file>
         <name>div64u.c.obj</name>
      </input_file>
      <input_file id="fl-9e">
         <path>/Applications/ti/ccs1000/ccs/tools/compiler/ti-cgt-msp430_20.2.0.LTS/lib/</path>
         <kind>archive</kind>
         <file>rts430x_lc_ld_eabi_se.lib</file>
         <name>fixdi.c.obj</name>
      </input_file>
      <input_file id="fl-9f">
         <path>/Applications/ti/ccs1000/ccs/tools/compiler/ti-cgt-msp430_20.2.0.LTS/lib/</path>
         <kind>archive</kind>
         <file>rts430x_lc_ld_eabi_se.lib</file>
         <name>fixdli.c.obj</name>
      </input_file>
      <input_file id="fl-a0">
         <path>/Applications/ti/ccs1000/ccs/tools/compiler/ti-cgt-msp430_20.2.0.LTS/lib/</path>
         <kind>archive</kind>
         <file>rts430x_lc_ld_eabi_se.lib</file>
         <name>fltid.c.obj</name>
      </input_file>
      <input_file id="fl-a1">
         <path>/Applications/ti/ccs1000/ccs/tools/compiler/ti-cgt-msp430_20.2.0.LTS/lib/</path>
         <kind>archive</kind>
         <file>rts430x_lc_ld_eabi_se.lib</file>
         <name>fltlid.c.obj</name>
      </input_file>
      <input_file id="fl-a2">
         <path>/Applications/ti/ccs1000/ccs/tools/compiler/ti-cgt-msp430_20.2.0.LTS/lib/</path>
         <kind>archive</kind>
         <file>rts430x_lc_ld_eabi_se.lib</file>
         <name>mpyd.c.obj</name>
      </input_file>
      <input_file id="fl-a3">
         <path>/Applications/ti/ccs1000/ccs/tools/compiler/ti-cgt-msp430_20.2.0.LTS/lib/</path>
         <kind>archive</kind>
         <file>rts430x_lc_ld_eabi_se.lib</file>
         <name>frcmpyd.c.obj</name>
      </input_file>
      <input_file id="fl-a4">
         <path>/Applications/ti/ccs1000/ccs/tools/compiler/ti-cgt-msp430_20.2.0.LTS/lib/</path>
         <kind>archive</kind>
         <file>rts430x_lc_ld_eabi_se.lib</file>
         <name>negd.c.obj</name>
      </input_file>
      <input_file id="fl-a5">
         <path>/Applications/ti/ccs1000/ccs/tools/compiler/ti-cgt-msp430_20.2.0.LTS/lib/</path>
         <kind>archive</kind>
         <file>rts430x_lc_ld_eabi_se.lib</file>
         <name>lsl32.asm.obj</name>
      </input_file>
      <input_file id="fl-a6">
         <path>/Applications/ti/ccs1000/ccs/tools/compiler/ti-cgt-msp430_20.2.0.LTS/lib/</path>
         <kind>archive</kind>
         <file>rts430x_lc_ld_eabi_se.lib</file>
         <name>lsl64.c.obj</name>
      </input_file>
      <input_file id="fl-a7">
         <path>/Applications/ti/ccs1000/ccs/tools/compiler/ti-cgt-msp430_20.2.0.LTS/lib/</path>
         <kind>archive</kind>
         <file>rts430x_lc_ld_eabi_se.lib</file>
         <name>lsr32.asm.obj</name>
      </input_file>
      <input_file id="fl-a8">
         <path>/Applications/ti/ccs1000/ccs/tools/compiler/ti-cgt-msp430_20.2.0.LTS/lib/</path>
         <kind>archive</kind>
         <file>rts430x_lc_ld_eabi_se.lib</file>
         <name>lsr64.c.obj</name>
      </input_file>
      <input_file id="fl-a9">
         <path>/Applications/ti/ccs1000/ccs/tools/compiler/ti-cgt-msp430_20.2.0.LTS/lib/</path>
         <kind>archive</kind>
         <file>rts430x_lc_ld_eabi_se.lib</file>
         <name>subd.c.obj</name>
      </input_file>
      <input_file id="fl-aa">
         <path>/Applications/ti/ccs1000/ccs/tools/compiler/ti-cgt-msp430_20.2.0.LTS/lib/</path>
         <kind>archive</kind>
         <file>rts430x_lc_ld_eabi_se.lib</file>
         <name>addd.c.obj</name>
      </input_file>
      <input_file id="fl-ab">
         <path>/Applications/ti/ccs1000/ccs/tools/compiler/ti-cgt-msp430_20.2.0.LTS/lib/</path>
         <kind>archive</kind>
         <file>rts430x_lc_ld_eabi_se.lib</file>
         <name>frcaddd.c.obj</name>
      </input_file>
      <input_file id="fl-ac">
         <path>/Applications/ti/ccs1000/ccs/tools/compiler/ti-cgt-msp430_20.2.0.LTS/lib/</path>
         <kind>archive</kind>
         <file>rts430x_lc_ld_eabi_se.lib</file>
         <name>renormd.c.obj</name>
      </input_file>
      <input_file id="fl-ad">
         <path>/Applications/ti/ccs1000/ccs/tools/compiler/ti-cgt-msp430_20.2.0.LTS/lib/</path>
         <kind>archive</kind>
         <file>rts430x_lc_ld_eabi_se.lib</file>
         <name>defs.c.obj</name>
      </input_file>
      <input_file id="fl-ae">
         <path>/Applications/ti/ccs1000/ccs/tools/compiler/ti-cgt-msp430_20.2.0.LTS/lib/</path>
         <kind>archive</kind>
         <file>rts430x_lc_ld_eabi_se.lib</file>
         <name>abs.c.obj</name>
      </input_file>
      <input_file id="fl-af">
         <path>/Applications/ti/ccs1000/ccs/tools/compiler/ti-cgt-msp430_20.2.0.LTS/lib/</path>
         <kind>archive</kind>
         <file>rts430x_lc_ld_eabi_se.lib</file>
         <name>atoi.c.obj</name>
      </input_file>
      <input_file id="fl-b0">
         <path>/Applications/ti/ccs1000/ccs/tools/compiler/ti-cgt-msp430_20.2.0.LTS/lib/</path>
         <kind>archive</kind>
         <file>rts430x_lc_ld_eabi_se.lib</file>
         <name>ctype.c.obj</name>
      </input_file>
      <input_file id="fl-b1">
         <path>/Applications/ti/ccs1000/ccs/tools/compiler/ti-cgt-msp430_20.2.0.LTS/lib/</path>
         <kind>archive</kind>
         <file>rts430x_lc_ld_eabi_se.lib</file>
         <name>errno.c.obj</name>
      </input_file>
      <input_file id="fl-b2">
         <path>/Applications/ti/ccs1000/ccs/tools/compiler/ti-cgt-msp430_20.2.0.LTS/lib/</path>
         <kind>archive</kind>
         <file>rts430x_lc_ld_eabi_se.lib</file>
         <name>fputc.c.obj</name>
      </input_file>
      <input_file id="fl-b3">
         <path>/Applications/ti/ccs1000/ccs/tools/compiler/ti-cgt-msp430_20.2.0.LTS/lib/</path>
         <kind>archive</kind>
         <file>rts430x_lc_ld_eabi_se.lib</file>
         <name>fflush.c.obj</name>
      </input_file>
      <input_file id="fl-b4">
         <path>/Applications/ti/ccs1000/ccs/tools/compiler/ti-cgt-msp430_20.2.0.LTS/lib/</path>
         <kind>archive</kind>
         <file>rts430x_lc_ld_eabi_se.lib</file>
         <name>_io_perm.c.obj</name>
      </input_file>
      <input_file id="fl-b5">
         <path>/Applications/ti/ccs1000/ccs/tools/compiler/ti-cgt-msp430_20.2.0.LTS/lib/</path>
         <kind>archive</kind>
         <file>rts430x_lc_ld_eabi_se.lib</file>
         <name>fputs.c.obj</name>
      </input_file>
      <input_file id="fl-b6">
         <path>/Applications/ti/ccs1000/ccs/tools/compiler/ti-cgt-msp430_20.2.0.LTS/lib/</path>
         <kind>archive</kind>
         <file>rts430x_lc_ld_eabi_se.lib</file>
         <name>s_frexp.c.obj</name>
      </input_file>
      <input_file id="fl-b7">
         <path>/Applications/ti/ccs1000/ccs/tools/compiler/ti-cgt-msp430_20.2.0.LTS/lib/</path>
         <kind>archive</kind>
         <file>rts430x_lc_ld_eabi_se.lib</file>
         <name>fseek.c.obj</name>
      </input_file>
      <input_file id="fl-b8">
         <path>/Applications/ti/ccs1000/ccs/tools/compiler/ti-cgt-msp430_20.2.0.LTS/lib/</path>
         <kind>archive</kind>
         <file>rts430x_lc_ld_eabi_se.lib</file>
         <name>s_scalbn.c.obj</name>
      </input_file>
      <input_file id="fl-b9">
         <path>/Applications/ti/ccs1000/ccs/tools/compiler/ti-cgt-msp430_20.2.0.LTS/lib/</path>
         <kind>archive</kind>
         <file>rts430x_lc_ld_eabi_se.lib</file>
         <name>s_copysign.c.obj</name>
      </input_file>
      <input_file id="fl-ba">
         <path>/Applications/ti/ccs1000/ccs/tools/compiler/ti-cgt-msp430_20.2.0.LTS/lib/</path>
         <kind>archive</kind>
         <file>rts430x_lc_ld_eabi_se.lib</file>
         <name>lseek.c.obj</name>
      </input_file>
      <input_file id="fl-bb">
         <path>/Applications/ti/ccs1000/ccs/tools/compiler/ti-cgt-msp430_20.2.0.LTS/lib/</path>
         <kind>archive</kind>
         <file>rts430x_lc_ld_eabi_se.lib</file>
         <name>host_device.c.obj</name>
      </input_file>
      <input_file id="fl-bc">
         <path>/Applications/ti/ccs1000/ccs/tools/compiler/ti-cgt-msp430_20.2.0.LTS/lib/</path>
         <kind>archive</kind>
         <file>rts430x_lc_ld_eabi_se.lib</file>
         <name>hostclose.c.obj</name>
      </input_file>
      <input_file id="fl-bd">
         <path>/Applications/ti/ccs1000/ccs/tools/compiler/ti-cgt-msp430_20.2.0.LTS/lib/</path>
         <kind>archive</kind>
         <file>rts430x_lc_ld_eabi_se.lib</file>
         <name>hostlseek.c.obj</name>
      </input_file>
      <input_file id="fl-be">
         <path>/Applications/ti/ccs1000/ccs/tools/compiler/ti-cgt-msp430_20.2.0.LTS/lib/</path>
         <kind>archive</kind>
         <file>rts430x_lc_ld_eabi_se.lib</file>
         <name>hostopen.c.obj</name>
      </input_file>
      <input_file id="fl-bf">
         <path>/Applications/ti/ccs1000/ccs/tools/compiler/ti-cgt-msp430_20.2.0.LTS/lib/</path>
         <kind>archive</kind>
         <file>rts430x_lc_ld_eabi_se.lib</file>
         <name>hostread.c.obj</name>
      </input_file>
      <input_file id="fl-c0">
         <path>/Applications/ti/ccs1000/ccs/tools/compiler/ti-cgt-msp430_20.2.0.LTS/lib/</path>
         <kind>archive</kind>
         <file>rts430x_lc_ld_eabi_se.lib</file>
         <name>hostrename.c.obj</name>
      </input_file>
      <input_file id="fl-c1">
         <path>/Applications/ti/ccs1000/ccs/tools/compiler/ti-cgt-msp430_20.2.0.LTS/lib/</path>
         <kind>archive</kind>
         <file>rts430x_lc_ld_eabi_se.lib</file>
         <name>hostunlink.c.obj</name>
      </input_file>
      <input_file id="fl-c2">
         <path>/Applications/ti/ccs1000/ccs/tools/compiler/ti-cgt-msp430_20.2.0.LTS/lib/</path>
         <kind>archive</kind>
         <file>rts430x_lc_ld_eabi_se.lib</file>
         <name>hostwrite.c.obj</name>
      </input_file>
      <input_file id="fl-c3">
         <path>/Applications/ti/ccs1000/ccs/tools/compiler/ti-cgt-msp430_20.2.0.LTS/lib/</path>
         <kind>archive</kind>
         <file>rts430x_lc_ld_eabi_se.lib</file>
         <name>trgmsg.c.obj</name>
      </input_file>
      <input_file id="fl-c4">
         <path>/Applications/ti/ccs1000/ccs/tools/compiler/ti-cgt-msp430_20.2.0.LTS/lib/</path>
         <kind>archive</kind>
         <file>rts430x_lc_ld_eabi_se.lib</file>
         <name>memccpy.c.obj</name>
      </input_file>
      <input_file id="fl-c5">
         <path>/Applications/ti/ccs1000/ccs/tools/compiler/ti-cgt-msp430_20.2.0.LTS/lib/</path>
         <kind>archive</kind>
         <file>rts430x_lc_ld_eabi_se.lib</file>
         <name>memchr.c.obj</name>
      </input_file>
      <input_file id="fl-c6">
         <path>/Applications/ti/ccs1000/ccs/tools/compiler/ti-cgt-msp430_20.2.0.LTS/lib/</path>
         <kind>archive</kind>
         <file>rts430x_lc_ld_eabi_se.lib</file>
         <name>setvbuf.c.obj</name>
      </input_file>
      <input_file id="fl-c7">
         <path>/Applications/ti/ccs1000/ccs/tools/compiler/ti-cgt-msp430_20.2.0.LTS/lib/</path>
         <kind>archive</kind>
         <file>rts430x_lc_ld_eabi_se.lib</file>
         <name>fopen.c.obj</name>
      </input_file>
      <input_file id="fl-c8">
         <path>/Applications/ti/ccs1000/ccs/tools/compiler/ti-cgt-msp430_20.2.0.LTS/lib/</path>
         <kind>archive</kind>
         <file>rts430x_lc_ld_eabi_se.lib</file>
         <name>fclose.c.obj</name>
      </input_file>
      <input_file id="fl-c9">
         <path>/Applications/ti/ccs1000/ccs/tools/compiler/ti-cgt-msp430_20.2.0.LTS/lib/</path>
         <kind>archive</kind>
         <file>rts430x_lc_ld_eabi_se.lib</file>
         <name>close.c.obj</name>
      </input_file>
      <input_file id="fl-ca">
         <path>/Applications/ti/ccs1000/ccs/tools/compiler/ti-cgt-msp430_20.2.0.LTS/lib/</path>
         <kind>archive</kind>
         <file>rts430x_lc_ld_eabi_se.lib</file>
         <name>memory.c.obj</name>
      </input_file>
      <input_file id="fl-cb">
         <path>/Applications/ti/ccs1000/ccs/tools/compiler/ti-cgt-msp430_20.2.0.LTS/lib/</path>
         <kind>archive</kind>
         <file>rts430x_lc_ld_eabi_se.lib</file>
         <name>open.c.obj</name>
      </input_file>
      <input_file id="fl-cc">
         <path>/Applications/ti/ccs1000/ccs/tools/compiler/ti-cgt-msp430_20.2.0.LTS/lib/</path>
         <kind>archive</kind>
         <file>rts430x_lc_ld_eabi_se.lib</file>
         <name>getdevice.c.obj</name>
      </input_file>
      <input_file id="fl-cd">
         <path>/Applications/ti/ccs1000/ccs/tools/compiler/ti-cgt-msp430_20.2.0.LTS/lib/</path>
         <kind>archive</kind>
         <file>rts430x_lc_ld_eabi_se.lib</file>
         <name>remove.c.obj</name>
      </input_file>
      <input_file id="fl-ce">
         <path>/Applications/ti/ccs1000/ccs/tools/compiler/ti-cgt-msp430_20.2.0.LTS/lib/</path>
         <kind>archive</kind>
         <file>rts430x_lc_ld_eabi_se.lib</file>
         <name>sprintf.c.obj</name>
      </input_file>
      <input_file id="fl-cf">
         <path>/Applications/ti/ccs1000/ccs/tools/compiler/ti-cgt-msp430_20.2.0.LTS/lib/</path>
         <kind>archive</kind>
         <file>rts430x_lc_ld_eabi_se.lib</file>
         <name>strchr.c.obj</name>
      </input_file>
      <input_file id="fl-d0">
         <path>/Applications/ti/ccs1000/ccs/tools/compiler/ti-cgt-msp430_20.2.0.LTS/lib/</path>
         <kind>archive</kind>
         <file>rts430x_lc_ld_eabi_se.lib</file>
         <name>strcmp.c.obj</name>
      </input_file>
      <input_file id="fl-d1">
         <path>/Applications/ti/ccs1000/ccs/tools/compiler/ti-cgt-msp430_20.2.0.LTS/lib/</path>
         <kind>archive</kind>
         <file>rts430x_lc_ld_eabi_se.lib</file>
         <name>strcpy.c.obj</name>
      </input_file>
      <input_file id="fl-d2">
         <path>/Applications/ti/ccs1000/ccs/tools/compiler/ti-cgt-msp430_20.2.0.LTS/lib/</path>
         <kind>archive</kind>
         <file>rts430x_lc_ld_eabi_se.lib</file>
         <name>strlen.c.obj</name>
      </input_file>
      <input_file id="fl-d3">
         <path>/Applications/ti/ccs1000/ccs/tools/compiler/ti-cgt-msp430_20.2.0.LTS/lib/</path>
         <kind>archive</kind>
         <file>rts430x_lc_ld_eabi_se.lib</file>
         <name>strncpy.c.obj</name>
      </input_file>
      <input_file id="fl-d4">
         <path>/Applications/ti/ccs1000/ccs/tools/compiler/ti-cgt-msp430_20.2.0.LTS/lib/</path>
         <kind>archive</kind>
         <file>rts430x_lc_ld_eabi_se.lib</file>
         <name>toupper.c.obj</name>
      </input_file>
      <input_file id="fl-d5">
         <path>/Applications/ti/ccs1000/ccs/tools/compiler/ti-cgt-msp430_20.2.0.LTS/lib/</path>
         <kind>archive</kind>
         <file>rts430x_lc_ld_eabi_se.lib</file>
         <name>unlink.c.obj</name>
      </input_file>
      <input_file id="fl-d6">
         <path>/Applications/ti/ccs1000/ccs/tools/compiler/ti-cgt-msp430_20.2.0.LTS/lib/</path>
         <kind>archive</kind>
         <file>rts430x_lc_ld_eabi_se.lib</file>
         <name>wcslen.c.obj</name>
      </input_file>
      <input_file id="fl-d7">
         <path>/Applications/ti/ccs1000/ccs/tools/compiler/ti-cgt-msp430_20.2.0.LTS/lib/</path>
         <kind>archive</kind>
         <file>rts430x_lc_ld_eabi_se.lib</file>
         <name>write.c.obj</name>
      </input_file>
   </input_file_list>
   <object_component_list>
      <object_component id="oc-699">
         <name>.sysmem</name>
         <uninitialized>true</uninitialized>
         <run_address>0x4000</run_address>
         <size>0x8</size>
         <input_file_ref idref="fl-ca"/>
      </object_component>
      <object_component id="oc-eb7">
         <name>.sysmem</name>
         <uninitialized>true</uninitialized>
         <run_address>0x4000</run_address>
         <size>0x0</size>
      </object_component>
      <object_component id="oc-eb4">
         <name>.cinit..data.load</name>
         <load_address>0x4d36</load_address>
         <run_address>0x4d36</run_address>
         <size>0x65</size>
      </object_component>
      <object_component id="oc-eb1">
         <name>__TI_handler_table</name>
         <load_address>0x4d9c</load_address>
         <run_address>0x4d9c</run_address>
         <size>0xc</size>
      </object_component>
      <object_component id="oc-eb5">
         <name>.cinit..TI.bound:VMWorkingSpace.load</name>
         <load_address>0x4da8</load_address>
         <run_address>0x4da8</run_address>
         <size>0x6</size>
      </object_component>
      <object_component id="oc-eb3">
         <name>.cinit..bss.load</name>
         <load_address>0x4dae</load_address>
         <run_address>0x4dae</run_address>
         <size>0x6</size>
      </object_component>
      <object_component id="oc-eb2">
         <name>__TI_cinit_table</name>
         <load_address>0x4db4</load_address>
         <run_address>0x4db4</run_address>
         <size>0x18</size>
      </object_component>
      <object_component id="oc-e40">
         <name>.binit</name>
         <load_address>0x4000</load_address>
         <run_address>0x4000</run_address>
         <size>0x0</size>
      </object_component>
      <object_component id="oc-6b9">
         <name>.text:_isr:Port_8</name>
         <load_address>0x4400</load_address>
         <run_address>0x4400</run_address>
         <size>0x9c</size>
         <input_file_ref idref="fl-2"/>
      </object_component>
      <object_component id="oc-6bf">
         <name>.text:_isr:Port_5</name>
         <load_address>0x449c</load_address>
         <run_address>0x449c</run_address>
         <size>0x4e</size>
         <input_file_ref idref="fl-2"/>
      </object_component>
      <object_component id="oc-6d1">
         <name>.text:_isr:ADC12_ISR</name>
         <load_address>0x44ea</load_address>
         <run_address>0x44ea</run_address>
         <size>0x24</size>
         <input_file_ref idref="fl-2"/>
      </object_component>
      <object_component id="oc-6e9">
         <name>.text:_isr:_c_int00_noargs</name>
         <load_address>0x450e</load_address>
         <run_address>0x450e</run_address>
         <size>0x1c</size>
         <input_file_ref idref="fl-8c"/>
      </object_component>
      <object_component id="oc-6c5">
         <name>.text:_isr:v4RunTimeStatsTimerOverflow</name>
         <load_address>0x452a</load_address>
         <run_address>0x452a</run_address>
         <size>0x1a</size>
         <input_file_ref idref="fl-2"/>
      </object_component>
      <object_component id="oc-6cb">
         <name>.text:_isr:vTickISREntry</name>
         <load_address>0x4544</load_address>
         <run_address>0x4544</run_address>
         <size>0x10</size>
         <input_file_ref idref="fl-f"/>
      </object_component>
      <object_component id="oc-6b4">
         <name>.text:_isr:__TI_ISR_TRAP</name>
         <load_address>0x4554</load_address>
         <run_address>0x4554</run_address>
         <size>0x8</size>
         <input_file_ref idref="fl-5d"/>
      </object_component>
      <object_component id="oc-a24">
         <name>.const:.string</name>
         <load_address>0x455c</load_address>
         <run_address>0x455c</run_address>
         <size>0x292</size>
         <input_file_ref idref="fl-6"/>
      </object_component>
      <object_component id="oc-a39">
         <name>.const:.string</name>
         <load_address>0x47ee</load_address>
         <run_address>0x47ee</run_address>
         <size>0x14c</size>
         <input_file_ref idref="fl-5"/>
      </object_component>
      <object_component id="oc-7e8">
         <name>.const:.string</name>
         <load_address>0x493a</load_address>
         <run_address>0x493a</run_address>
         <size>0x10e</size>
         <input_file_ref idref="fl-4"/>
      </object_component>
      <object_component id="oc-72e">
         <name>.const:.string</name>
         <load_address>0x4a48</load_address>
         <run_address>0x4a48</run_address>
         <size>0x72</size>
         <input_file_ref idref="fl-2"/>
      </object_component>
      <object_component id="oc-ac4">
         <name>.const:.string</name>
         <load_address>0x4aba</load_address>
         <run_address>0x4aba</run_address>
         <size>0x68</size>
         <input_file_ref idref="fl-12"/>
      </object_component>
      <object_component id="oc-a88">
         <name>.const:.string</name>
         <load_address>0x4b22</load_address>
         <run_address>0x4b22</run_address>
         <size>0x5c</size>
         <input_file_ref idref="fl-14"/>
      </object_component>
      <object_component id="oc-aaa">
         <name>.const:.string</name>
         <load_address>0x4b7e</load_address>
         <run_address>0x4b7e</run_address>
         <size>0x32</size>
         <input_file_ref idref="fl-d"/>
      </object_component>
      <object_component id="oc-b83">
         <name>.const:.string:CC1101_GFSK_100_kb</name>
         <load_address>0x4bb0</load_address>
         <run_address>0x4bb0</run_address>
         <size>0x2f</size>
         <input_file_ref idref="fl-4"/>
      </object_component>
      <object_component id="oc-b86">
         <name>.const:.string:CC1101_GFSK_1_2_kb</name>
         <load_address>0x4be0</load_address>
         <run_address>0x4be0</run_address>
         <size>0x2f</size>
         <input_file_ref idref="fl-4"/>
      </object_component>
      <object_component id="oc-b71">
         <name>.const:.string:CC1101_GFSK_38_4_kb</name>
         <load_address>0x4c10</load_address>
         <run_address>0x4c10</run_address>
         <size>0x2f</size>
         <input_file_ref idref="fl-4"/>
      </object_component>
      <object_component id="oc-b80">
         <name>.const:.string:CC1101_MSK_250_kb</name>
         <load_address>0x4c40</load_address>
         <run_address>0x4c40</run_address>
         <size>0x2f</size>
         <input_file_ref idref="fl-4"/>
      </object_component>
      <object_component id="oc-b7d">
         <name>.const:.string:CC1101_MSK_500_kb</name>
         <load_address>0x4c70</load_address>
         <run_address>0x4c70</run_address>
         <size>0x2f</size>
         <input_file_ref idref="fl-4"/>
      </object_component>
      <object_component id="oc-b7a">
         <name>.const:.string:CC1101_OOK_4_8_kb</name>
         <load_address>0x4ca0</load_address>
         <run_address>0x4ca0</run_address>
         <size>0x2f</size>
         <input_file_ref idref="fl-4"/>
      </object_component>
      <object_component id="oc-83e">
         <name>.const:GPIO_PORT_TO_BASE</name>
         <load_address>0x4cd0</load_address>
         <run_address>0x4cd0</run_address>
         <size>0x1c</size>
         <input_file_ref idref="fl-25"/>
      </object_component>
      <object_component id="oc-a5e">
         <name>.const:$P$T1$4</name>
         <load_address>0x4cec</load_address>
         <run_address>0x4cec</run_address>
         <size>0xc</size>
         <input_file_ref idref="fl-5"/>
      </object_component>
      <object_component id="oc-b99">
         <name>.const:.string:patable_power_315</name>
         <load_address>0x4cf8</load_address>
         <run_address>0x4cf8</run_address>
         <size>0x8</size>
         <input_file_ref idref="fl-4"/>
      </object_component>
      <object_component id="oc-b96">
         <name>.const:.string:patable_power_433</name>
         <load_address>0x4d00</load_address>
         <run_address>0x4d00</run_address>
         <size>0x8</size>
         <input_file_ref idref="fl-4"/>
      </object_component>
      <object_component id="oc-b90">
         <name>.const:.string:patable_power_868</name>
         <load_address>0x4d08</load_address>
         <run_address>0x4d08</run_address>
         <size>0x8</size>
         <input_file_ref idref="fl-4"/>
      </object_component>
      <object_component id="oc-b93">
         <name>.const:.string:patable_power_915</name>
         <load_address>0x4d10</load_address>
         <run_address>0x4d10</run_address>
         <size>0x8</size>
         <input_file_ref idref="fl-4"/>
      </object_component>
      <object_component id="oc-ca3">
         <name>.const:.string</name>
         <load_address>0x4d18</load_address>
         <run_address>0x4d18</run_address>
         <size>0x8</size>
         <input_file_ref idref="fl-e"/>
      </object_component>
      <object_component id="oc-ac8">
         <name>.const</name>
         <load_address>0x4d20</load_address>
         <run_address>0x4d20</run_address>
         <size>0x8</size>
         <input_file_ref idref="fl-12"/>
      </object_component>
      <object_component id="oc-c74">
         <name>.const:$P$T0$1</name>
         <load_address>0x4d28</load_address>
         <run_address>0x4d28</run_address>
         <size>0x5</size>
         <input_file_ref idref="fl-6"/>
      </object_component>
      <object_component id="oc-a5b">
         <name>.const:$P$T0$3</name>
         <load_address>0x4d2d</load_address>
         <run_address>0x4d2d</run_address>
         <size>0x5</size>
         <input_file_ref idref="fl-5"/>
      </object_component>
      <object_component id="oc-73d">
         <name>.const</name>
         <load_address>0x4d32</load_address>
         <run_address>0x4d32</run_address>
         <size>0x4</size>
         <input_file_ref idref="fl-2"/>
      </object_component>
      <object_component id="oc-890">
         <name>.text:RFHandleReceive</name>
         <load_address>0x34000</load_address>
         <run_address>0x34000</run_address>
         <size>0x32e</size>
         <input_file_ref idref="fl-5"/>
      </object_component>
      <object_component id="oc-e2e">
         <name>.text:xQueueGenericSend</name>
         <load_address>0x3432e</load_address>
         <run_address>0x3432e</run_address>
         <size>0x1ac</size>
         <input_file_ref idref="fl-b"/>
      </object_component>
      <object_component id="oc-a67">
         <name>.text:xQueueReceive</name>
         <load_address>0x344da</load_address>
         <run_address>0x344da</run_address>
         <size>0x196</size>
         <input_file_ref idref="fl-b"/>
      </object_component>
      <object_component id="oc-a25">
         <name>.text:pvPortMalloc</name>
         <load_address>0x34670</load_address>
         <run_address>0x34670</run_address>
         <size>0x16e</size>
         <input_file_ref idref="fl-11"/>
      </object_component>
      <object_component id="oc-869">
         <name>.text:prvSetupHardware</name>
         <load_address>0x347de</load_address>
         <run_address>0x347de</run_address>
         <size>0x168</size>
         <input_file_ref idref="fl-2"/>
      </object_component>
      <object_component id="oc-dc2">
         <name>.text:prvProcessReceivedCommands</name>
         <load_address>0x34946</load_address>
         <run_address>0x34946</run_address>
         <size>0x166</size>
         <input_file_ref idref="fl-e"/>
      </object_component>
      <object_component id="oc-84c">
         <name>.text:xTaskIncrementTick</name>
         <load_address>0x34aac</load_address>
         <run_address>0x34aac</run_address>
         <size>0x15c</size>
         <input_file_ref idref="fl-d"/>
      </object_component>
      <object_component id="oc-852">
         <name>.text:vTaskSwitchContext</name>
         <load_address>0x34c08</load_address>
         <run_address>0x34c08</run_address>
         <size>0x152</size>
         <input_file_ref idref="fl-d"/>
      </object_component>
      <object_component id="oc-b44">
         <name>.text:CS_setDCOFreq</name>
         <load_address>0x34d5a</load_address>
         <run_address>0x34d5a</run_address>
         <size>0x140</size>
         <input_file_ref idref="fl-1c"/>
      </object_component>
      <object_component id="oc-a75">
         <name>.text:prvInitialiseNewTask</name>
         <load_address>0x34e9a</load_address>
         <run_address>0x34e9a</run_address>
         <size>0x116</size>
         <input_file_ref idref="fl-d"/>
      </object_component>
      <object_component id="oc-9ed">
         <name>.text:set_ISM</name>
         <load_address>0x34fb0</load_address>
         <run_address>0x34fb0</run_address>
         <size>0x116</size>
         <input_file_ref idref="fl-4"/>
      </object_component>
      <object_component id="oc-a43">
         <name>.text:xTaskGenericNotify</name>
         <load_address>0x350c6</load_address>
         <run_address>0x350c6</run_address>
         <size>0x10e</size>
         <input_file_ref idref="fl-d"/>
      </object_component>
      <object_component id="oc-87e">
         <name>.text:DBConstructor</name>
         <load_address>0x351d4</load_address>
         <run_address>0x351d4</run_address>
         <size>0x10c</size>
         <input_file_ref idref="fl-6"/>
      </object_component>
      <object_component id="oc-bd8">
         <name>.text:xTaskResumeAll</name>
         <load_address>0x352e0</load_address>
         <run_address>0x352e0</run_address>
         <size>0x106</size>
         <input_file_ref idref="fl-d"/>
      </object_component>
      <object_component id="oc-a95">
         <name>.text:readRemoteDB</name>
         <load_address>0x353e6</load_address>
         <run_address>0x353e6</run_address>
         <size>0x100</size>
         <input_file_ref idref="fl-6"/>
      </object_component>
      <object_component id="oc-72f">
         <name>.text:print2uart</name>
         <load_address>0x354e6</load_address>
         <run_address>0x354e6</run_address>
         <size>0xf8</size>
         <input_file_ref idref="fl-16"/>
      </object_component>
      <object_component id="oc-a55">
         <name>.text:getDataRecord</name>
         <load_address>0x355de</load_address>
         <run_address>0x355de</run_address>
         <size>0xec</size>
         <input_file_ref idref="fl-6"/>
      </object_component>
      <object_component id="oc-8ae">
         <name>.text:failureRecovery</name>
         <load_address>0x356ca</load_address>
         <run_address>0x356ca</run_address>
         <size>0xe0</size>
         <input_file_ref idref="fl-12"/>
      </object_component>
      <object_component id="oc-780">
         <name>.text:main</name>
         <load_address>0x357aa</load_address>
         <run_address>0x357aa</run_address>
         <size>0xd8</size>
         <input_file_ref idref="fl-2"/>
      </object_component>
      <object_component id="oc-bc9">
         <name>.text:prvHeapInit</name>
         <load_address>0x35882</load_address>
         <run_address>0x35882</run_address>
         <size>0xd8</size>
         <input_file_ref idref="fl-11"/>
      </object_component>
      <object_component id="oc-9b0">
         <name>.text:setFrequency</name>
         <load_address>0x3595a</load_address>
         <run_address>0x3595a</run_address>
         <size>0xc6</size>
         <input_file_ref idref="fl-16"/>
      </object_component>
      <object_component id="oc-86f">
         <name>.text:initRF</name>
         <load_address>0x35a20</load_address>
         <run_address>0x35a20</run_address>
         <size>0xc2</size>
         <input_file_ref idref="fl-4"/>
      </object_component>
      <object_component id="oc-c77">
         <name>.text:ulTaskNotifyTake</name>
         <load_address>0x35ae2</load_address>
         <run_address>0x35ae2</run_address>
         <size>0xbe</size>
         <input_file_ref idref="fl-d"/>
      </object_component>
      <object_component id="oc-a7b">
         <name>.text:prvAddNewTaskToReadyList</name>
         <load_address>0x35ba0</load_address>
         <run_address>0x35ba0</run_address>
         <size>0xb8</size>
         <input_file_ref idref="fl-d"/>
      </object_component>
      <object_component id="oc-a33">
         <name>.text:xQueueGenericReset</name>
         <load_address>0x35c58</load_address>
         <run_address>0x35c58</run_address>
         <size>0xb0</size>
         <input_file_ref idref="fl-b"/>
      </object_component>
      <object_component id="oc-737">
         <name>.text:get_packet</name>
         <load_address>0x35d08</load_address>
         <run_address>0x35d08</run_address>
         <size>0xae</size>
         <input_file_ref idref="fl-4"/>
      </object_component>
      <object_component id="oc-c25">
         <name>.text:prvUnlockQueue</name>
         <load_address>0x35db6</load_address>
         <run_address>0x35db6</run_address>
         <size>0xac</size>
         <input_file_ref idref="fl-b"/>
      </object_component>
      <object_component id="oc-a6f">
         <name>.text:vPortFree</name>
         <load_address>0x35e62</load_address>
         <run_address>0x35e62</run_address>
         <size>0xac</size>
         <input_file_ref idref="fl-11"/>
      </object_component>
      <object_component id="oc-c31">
         <name>.text:xTaskCheckForTimeOut</name>
         <load_address>0x35f0e</load_address>
         <run_address>0x35f0e</run_address>
         <size>0xaa</size>
         <input_file_ref idref="fl-d"/>
      </object_component>
      <object_component id="oc-896">
         <name>.text:xTaskCreate</name>
         <load_address>0x35fb8</load_address>
         <run_address>0x35fb8</run_address>
         <size>0xa8</size>
         <input_file_ref idref="fl-d"/>
      </object_component>
      <object_component id="oc-76b">
         <name>.text</name>
         <load_address>0x36060</load_address>
         <run_address>0x36060</run_address>
         <size>0xa6</size>
         <input_file_ref idref="fl-10"/>
      </object_component>
      <object_component id="oc-c5a">
         <name>.text:prvSearchForNameWithinSingleList</name>
         <load_address>0x36106</load_address>
         <run_address>0x36106</run_address>
         <size>0xa6</size>
         <input_file_ref idref="fl-d"/>
      </object_component>
      <object_component id="oc-e1f">
         <name>.text:prvSwitchTimerLists</name>
         <load_address>0x361ac</load_address>
         <run_address>0x361ac</run_address>
         <size>0xa6</size>
         <input_file_ref idref="fl-e"/>
      </object_component>
      <object_component id="oc-81f">
         <name>.text:prvCopyDataToQueue</name>
         <load_address>0x36252</load_address>
         <run_address>0x36252</run_address>
         <size>0x9e</size>
         <input_file_ref idref="fl-b"/>
      </object_component>
      <object_component id="oc-c67">
         <name>.text:prvAddCurrentTaskToDelayedList</name>
         <load_address>0x362f0</load_address>
         <run_address>0x362f0</run_address>
         <size>0x9c</size>
         <input_file_ref idref="fl-d"/>
      </object_component>
      <object_component id="oc-a9d">
         <name>.text:readLocalDB</name>
         <load_address>0x3638c</load_address>
         <run_address>0x3638c</run_address>
         <size>0x9c</size>
         <input_file_ref idref="fl-6"/>
      </object_component>
      <object_component id="oc-b55">
         <name>.text:EUSCI_A_UART_init</name>
         <load_address>0x36428</load_address>
         <run_address>0x36428</run_address>
         <size>0x9a</size>
         <input_file_ref idref="fl-20"/>
      </object_component>
      <object_component id="oc-9e7">
         <name>.text:set_mode</name>
         <load_address>0x364c2</load_address>
         <run_address>0x364c2</run_address>
         <size>0x98</size>
         <input_file_ref idref="fl-4"/>
      </object_component>
      <object_component id="oc-c6e">
         <name>.text:createVMDBobject</name>
         <load_address>0x3655a</load_address>
         <run_address>0x3655a</run_address>
         <size>0x94</size>
         <input_file_ref idref="fl-6"/>
      </object_component>
      <object_component id="oc-935">
         <name>.text:xTaskPriorityDisinherit</name>
         <load_address>0x365ee</load_address>
         <run_address>0x365ee</run_address>
         <size>0x94</size>
         <input_file_ref idref="fl-d"/>
      </object_component>
      <object_component id="oc-825">
         <name>.text:xTaskRemoveFromEventList</name>
         <load_address>0x36682</load_address>
         <run_address>0x36682</run_address>
         <size>0x8e</size>
         <input_file_ref idref="fl-d"/>
      </object_component>
      <object_component id="oc-e12">
         <name>.text:xTimerGenericCommand</name>
         <load_address>0x36710</load_address>
         <run_address>0x36710</run_address>
         <size>0x8e</size>
         <input_file_ref idref="fl-e"/>
      </object_component>
      <object_component id="oc-a89">
         <name>.text:xTaskGetHandle</name>
         <load_address>0x3679e</load_address>
         <run_address>0x3679e</run_address>
         <size>0x88</size>
         <input_file_ref idref="fl-d"/>
      </object_component>
      <object_component id="oc-e05">
         <name>.text:prvProcessExpiredTimer</name>
         <load_address>0x36826</load_address>
         <run_address>0x36826</run_address>
         <size>0x86</size>
         <input_file_ref idref="fl-e"/>
      </object_component>
      <object_component id="oc-741">
         <name>.text:xQueueGenericSendFromISR</name>
         <load_address>0x368ac</load_address>
         <run_address>0x368ac</run_address>
         <size>0x86</size>
         <input_file_ref idref="fl-b"/>
      </object_component>
      <object_component id="oc-89c">
         <name>.text:remoteAccessTask</name>
         <load_address>0x36932</load_address>
         <run_address>0x36932</run_address>
         <size>0x82</size>
         <input_file_ref idref="fl-14"/>
      </object_component>
      <object_component id="oc-e0c">
         <name>.text:prvInsertTimerInActiveList</name>
         <load_address>0x369b4</load_address>
         <run_address>0x369b4</run_address>
         <size>0x7a</size>
         <input_file_ref idref="fl-e"/>
      </object_component>
      <object_component id="oc-dbc">
         <name>.text:prvProcessTimerOrBlockTask</name>
         <load_address>0x36a2e</load_address>
         <run_address>0x36a2e</run_address>
         <size>0x7a</size>
         <input_file_ref idref="fl-e"/>
      </object_component>
      <object_component id="oc-8d9">
         <name>.text:__TI_auto_init_nobinit_nopinit_hold_wdt:__TI_auto_init_nobinit_nopinit_hold_wdt</name>
         <load_address>0x36aa8</load_address>
         <run_address>0x36aa8</run_address>
         <size>0x78</size>
         <input_file_ref idref="fl-8f"/>
      </object_component>
      <object_component id="oc-7dc">
         <name>.text:rx_payload_burst</name>
         <load_address>0x36b20</load_address>
         <run_address>0x36b20</run_address>
         <size>0x78</size>
         <input_file_ref idref="fl-4"/>
      </object_component>
      <object_component id="oc-8a8">
         <name>.text:vTaskStartScheduler</name>
         <load_address>0x36b98</load_address>
         <run_address>0x36b98</run_address>
         <size>0x78</size>
         <input_file_ref idref="fl-d"/>
      </object_component>
      <object_component id="oc-83">
         <name>.text:decompress:lzss:__TI_decompress_lzss</name>
         <load_address>0x36c10</load_address>
         <run_address>0x36c10</run_address>
         <size>0x76</size>
         <input_file_ref idref="fl-5a"/>
      </object_component>
      <object_component id="oc-998">
         <name>.text:GPIO_setAsPeripheralModuleFunctionInputPin</name>
         <load_address>0x36c86</load_address>
         <run_address>0x36c86</run_address>
         <size>0x72</size>
         <input_file_ref idref="fl-25"/>
      </object_component>
      <object_component id="oc-99e">
         <name>.text:GPIO_setAsPeripheralModuleFunctionOutputPin</name>
         <load_address>0x36cf8</load_address>
         <run_address>0x36cf8</run_address>
         <size>0x72</size>
         <input_file_ref idref="fl-25"/>
      </object_component>
      <object_component id="oc-a15">
         <name>.text:init</name>
         <load_address>0x36d6a</load_address>
         <run_address>0x36d6a</run_address>
         <size>0x72</size>
         <input_file_ref idref="fl-7"/>
      </object_component>
      <object_component id="oc-bd2">
         <name>.text:prvInsertBlockIntoFreeList</name>
         <load_address>0x36ddc</load_address>
         <run_address>0x36ddc</run_address>
         <size>0x72</size>
         <input_file_ref idref="fl-11"/>
      </object_component>
      <object_component id="oc-9ce">
         <name>.text:uartinit</name>
         <load_address>0x36e4e</load_address>
         <run_address>0x36e4e</run_address>
         <size>0x70</size>
         <input_file_ref idref="fl-16"/>
      </object_component>
      <object_component id="oc-9bc">
         <name>.text:CS_initClockSignal</name>
         <load_address>0x36ebe</load_address>
         <run_address>0x36ebe</run_address>
         <size>0x6a</size>
         <input_file_ref idref="fl-1c"/>
      </object_component>
      <object_component id="oc-d60">
         <name>.text:tx_payload_burst</name>
         <load_address>0x36f28</load_address>
         <run_address>0x36f28</run_address>
         <size>0x66</size>
         <input_file_ref idref="fl-4"/>
      </object_component>
      <object_component id="oc-c4c">
         <name>.text:prvInitialiseTaskLists</name>
         <load_address>0x36f8e</load_address>
         <run_address>0x36f8e</run_address>
         <size>0x62</size>
         <input_file_ref idref="fl-d"/>
      </object_component>
      <object_component id="oc-a81">
         <name>.text:regTaskStart</name>
         <load_address>0x36ff0</load_address>
         <run_address>0x36ff0</run_address>
         <size>0x62</size>
         <input_file_ref idref="fl-12"/>
      </object_component>
      <object_component id="oc-c8e">
         <name>.text:prvCheckForValidListAndQueue</name>
         <load_address>0x37052</load_address>
         <run_address>0x37052</run_address>
         <size>0x60</size>
         <input_file_ref idref="fl-e"/>
      </object_component>
      <object_component id="oc-9f9">
         <name>.text:set_output_power_level</name>
         <load_address>0x370b2</load_address>
         <run_address>0x370b2</run_address>
         <size>0x60</size>
         <input_file_ref idref="fl-4"/>
      </object_component>
      <object_component id="oc-c81">
         <name>.text:prvCheckTasksWaitingTermination</name>
         <load_address>0x37112</load_address>
         <run_address>0x37112</run_address>
         <size>0x5e</size>
         <input_file_ref idref="fl-d"/>
      </object_component>
      <object_component id="oc-9db">
         <name>.text:spi_init_interface</name>
         <load_address>0x37170</load_address>
         <run_address>0x37170</run_address>
         <size>0x5c</size>
         <input_file_ref idref="fl-4"/>
      </object_component>
      <object_component id="oc-8ff">
         <name>.text</name>
         <load_address>0x371cc</load_address>
         <run_address>0x371cc</run_address>
         <size>0x58</size>
         <input_file_ref idref="fl-81"/>
      </object_component>
      <object_component id="oc-d6f">
         <name>.text:vListInsert</name>
         <load_address>0x37224</load_address>
         <run_address>0x37224</run_address>
         <size>0x54</size>
         <input_file_ref idref="fl-a"/>
      </object_component>
      <object_component id="oc-dff">
         <name>.text:vQueueWaitForMessageRestricted</name>
         <load_address>0x37278</load_address>
         <run_address>0x37278</run_address>
         <size>0x54</size>
         <input_file_ref idref="fl-b"/>
      </object_component>
      <object_component id="oc-a49">
         <name>.text:deleteDataTransferLog</name>
         <load_address>0x372cc</load_address>
         <run_address>0x372cc</run_address>
         <size>0x50</size>
         <input_file_ref idref="fl-12"/>
      </object_component>
      <object_component id="oc-7c9">
         <name>.text:convertl</name>
         <load_address>0x3731c</load_address>
         <run_address>0x3731c</run_address>
         <size>0x4e</size>
         <input_file_ref idref="fl-16"/>
      </object_component>
      <object_component id="oc-a2d">
         <name>.text:xQueueGenericCreate</name>
         <load_address>0x3736a</load_address>
         <run_address>0x3736a</run_address>
         <size>0x4e</size>
         <input_file_ref idref="fl-b"/>
      </object_component>
      <object_component id="oc-aab">
         <name>.text:xTimerCreateTimerTask</name>
         <load_address>0x373b8</load_address>
         <run_address>0x373b8</run_address>
         <size>0x4c</size>
         <input_file_ref idref="fl-e"/>
      </object_component>
      <object_component id="oc-9aa">
         <name>.text:GPIO_setAsInputPinWithPullUpResistor</name>
         <load_address>0x37404</load_address>
         <run_address>0x37404</run_address>
         <size>0x4a</size>
         <input_file_ref idref="fl-25"/>
      </object_component>
      <object_component id="oc-abe">
         <name>.text:prvcheckAdd</name>
         <load_address>0x3744e</load_address>
         <run_address>0x3744e</run_address>
         <size>0x44</size>
         <input_file_ref idref="fl-12"/>
      </object_component>
      <object_component id="oc-7e2">
         <name>.text:check_acknowledge</name>
         <load_address>0x37492</load_address>
         <run_address>0x37492</run_address>
         <size>0x42</size>
         <input_file_ref idref="fl-4"/>
      </object_component>
      <object_component id="oc-8a2">
         <name>.text:localAccessTask</name>
         <load_address>0x374d4</load_address>
         <run_address>0x374d4</run_address>
         <size>0x40</size>
         <input_file_ref idref="fl-14"/>
      </object_component>
      <object_component id="oc-dfd">
         <name>.text:prvSampleTimeNow</name>
         <load_address>0x37514</load_address>
         <run_address>0x37514</run_address>
         <size>0x40</size>
         <input_file_ref idref="fl-e"/>
      </object_component>
      <object_component id="oc-aee">
         <name>.text:l_asr_const</name>
         <load_address>0x37554</load_address>
         <run_address>0x37554</run_address>
         <size>0x3e</size>
         <input_file_ref idref="fl-8b"/>
      </object_component>
      <object_component id="oc-6a7">
         <name>.text:memcpy</name>
         <load_address>0x37592</load_address>
         <run_address>0x37592</run_address>
         <size>0x3c</size>
         <input_file_ref idref="fl-95"/>
      </object_component>
      <object_component id="oc-9c2">
         <name>.text:CS_turnOnLFXT</name>
         <load_address>0x375ce</load_address>
         <run_address>0x375ce</run_address>
         <size>0x3a</size>
         <input_file_ref idref="fl-1c"/>
      </object_component>
      <object_component id="oc-884">
         <name>.text:initRFQueues</name>
         <load_address>0x37608</load_address>
         <run_address>0x37608</run_address>
         <size>0x3a</size>
         <input_file_ref idref="fl-5"/>
      </object_component>
      <object_component id="oc-9e1">
         <name>.text:reset</name>
         <load_address>0x37642</load_address>
         <run_address>0x37642</run_address>
         <size>0x3a</size>
         <input_file_ref idref="fl-4"/>
      </object_component>
      <object_component id="oc-93c">
         <name>.text:uxListRemove</name>
         <load_address>0x3767c</load_address>
         <run_address>0x3767c</run_address>
         <size>0x3a</size>
         <input_file_ref idref="fl-a"/>
      </object_component>
      <object_component id="oc-e25">
         <name>.text:vTaskPlaceOnEventListRestricted</name>
         <load_address>0x376b6</load_address>
         <run_address>0x376b6</run_address>
         <size>0x3a</size>
         <input_file_ref idref="fl-d"/>
      </object_component>
      <object_component id="oc-926">
         <name>.text:receive</name>
         <load_address>0x376f0</load_address>
         <run_address>0x376f0</run_address>
         <size>0x38</size>
         <input_file_ref idref="fl-4"/>
      </object_component>
      <object_component id="oc-914">
         <name>.text:spi_read_burst</name>
         <load_address>0x37728</load_address>
         <run_address>0x37728</run_address>
         <size>0x38</size>
         <input_file_ref idref="fl-4"/>
      </object_component>
      <object_component id="oc-976">
         <name>.text:prvResetNextTaskUnblockTime</name>
         <load_address>0x37760</load_address>
         <run_address>0x37760</run_address>
         <size>0x36</size>
         <input_file_ref idref="fl-d"/>
      </object_component>
      <object_component id="oc-a8f">
         <name>.text:vTaskDelay</name>
         <load_address>0x37796</load_address>
         <run_address>0x37796</run_address>
         <size>0x36</size>
         <input_file_ref idref="fl-d"/>
      </object_component>
      <object_component id="oc-992">
         <name>.text:GPIO_setAsOutputPin</name>
         <load_address>0x377cc</load_address>
         <run_address>0x377cc</run_address>
         <size>0x34</size>
         <input_file_ref idref="fl-25"/>
      </object_component>
      <object_component id="oc-7c3">
         <name>.text:convert</name>
         <load_address>0x37800</load_address>
         <run_address>0x37800</run_address>
         <size>0x34</size>
         <input_file_ref idref="fl-16"/>
      </object_component>
      <object_component id="oc-a4f">
         <name>.text:createDataTransferLog</name>
         <load_address>0x37834</load_address>
         <run_address>0x37834</run_address>
         <size>0x34</size>
         <input_file_ref idref="fl-12"/>
      </object_component>
      <object_component id="oc-c37">
         <name>.text:prvCopyDataFromQueue</name>
         <load_address>0x37868</load_address>
         <run_address>0x37868</run_address>
         <size>0x34</size>
         <input_file_ref idref="fl-b"/>
      </object_component>
      <object_component id="oc-e38">
         <name>.text:prvIsQueueFull</name>
         <load_address>0x3789c</load_address>
         <run_address>0x3789c</run_address>
         <size>0x34</size>
         <input_file_ref idref="fl-b"/>
      </object_component>
      <object_component id="oc-b74">
         <name>.text:spi_write_burst</name>
         <load_address>0x378d0</load_address>
         <run_address>0x378d0</run_address>
         <size>0x34</size>
         <input_file_ref idref="fl-4"/>
      </object_component>
      <object_component id="oc-d66">
         <name>.text:transmit</name>
         <load_address>0x37904</load_address>
         <run_address>0x37904</run_address>
         <size>0x34</size>
         <input_file_ref idref="fl-4"/>
      </object_component>
      <object_component id="oc-858">
         <name>.text:vApplicationSetupTimerInterrupt</name>
         <load_address>0x37938</load_address>
         <run_address>0x37938</run_address>
         <size>0x34</size>
         <input_file_ref idref="fl-2"/>
      </object_component>
      <object_component id="oc-bfd">
         <name>.text:listInsert</name>
         <load_address>0x3796c</load_address>
         <run_address>0x3796c</run_address>
         <size>0x32</size>
         <input_file_ref idref="fl-15"/>
[...]
      </symbol>
      <symbol id="sm-cae">
         <name>xTaskRemoveFromEventList</name>
         <value>0x36682</value>
         <object_component_ref idref="oc-825"/>
      </symbol>
      <symbol id="sm-caf">
         <name>StackToNVM</name>
         <value>0x200c</value>
         <object_component_ref idref="oc-849"/>
      </symbol>
      <symbol id="sm-d70">
         <name>xTimerCreateTimerTask</name>
         <value>0x373b8</value>
         <object_component_ref idref="oc-aab"/>
      </symbol>
      <symbol id="sm-d71">
         <name>xTimerGenericCommand</name>
         <value>0x36710</value>
         <object_component_ref idref="oc-e12"/>
      </symbol>
      <symbol id="sm-d8a">
         <name>__TI_int45</name>
         <value>0xffea</value>
         <object_component_ref idref="oc-aa"/>
      </symbol>
      <symbol id="sm-d8b">
         <name>vTickISREntry</name>
         <value>0x4544</value>
         <object_component_ref idref="oc-6cb"/>
      </symbol>
      <symbol id="sm-d8c">
         <name>usCriticalNesting</name>
         <value>0x207c</value>
         <object_component_ref idref="oc-846"/>
      </symbol>
      <symbol id="sm-d8d">
         <name>pxPortInitialiseStack</name>
         <value>0x37bb2</value>
         <object_component_ref idref="oc-c45"/>
      </symbol>
      <symbol id="sm-d95">
         <name>vPortCooperativeTickISR</name>
         <value>0x36090</value>
         <object_component_ref idref="oc-76b"/>
      </symbol>
      <symbol id="sm-d96">
         <name>vPortPreemptiveTickISR</name>
         <value>0x36060</value>
         <object_component_ref idref="oc-76b"/>
      </symbol>
      <symbol id="sm-d97">
         <name>vPortYield</name>
         <value>0x360bc</value>
         <object_component_ref idref="oc-76b"/>
      </symbol>
      <symbol id="sm-d98">
         <name>xPortStartScheduler</name>
         <value>0x360ec</value>
         <object_component_ref idref="oc-76b"/>
      </symbol>
      <symbol id="sm-e04">
         <name>xPortGetFreeHeapSize</name>
         <value>0x37ee0</value>
         <object_component_ref idref="oc-ad4"/>
      </symbol>
      <symbol id="sm-e05">
         <name>pvPortMalloc</name>
         <value>0x34670</value>
         <object_component_ref idref="oc-a25"/>
      </symbol>
      <symbol id="sm-e06">
         <name>vPortFree</name>
         <value>0x35e62</value>
         <object_component_ref idref="oc-a6f"/>
      </symbol>
      <symbol id="sm-e07">
         <name>pvInitHeapVar</name>
         <value>0x37d84</value>
         <object_component_ref idref="oc-878"/>
      </symbol>
      <symbol id="sm-e8d">
         <name>createDataTransferLog</name>
         <value>0x37834</value>
         <object_component_ref idref="oc-a4f"/>
      </symbol>
      <symbol id="sm-e8e">
         <name>xBlockAllocatedBit</name>
         <value>0x4d24</value>
         <object_component_ref idref="oc-ac8"/>
      </symbol>
      <symbol id="sm-e8f">
         <name>getDataTransferLog</name>
         <value>0x37c3c</value>
         <object_component_ref idref="oc-a3d"/>
      </symbol>
      <symbol id="sm-e90">
         <name>prvcheckAdd</name>
         <value>0x3744e</value>
         <object_component_ref idref="oc-abe"/>
      </symbol>
      <symbol id="sm-e91">
         <name>regTaskStart</name>
         <value>0x36ff0</value>
         <object_component_ref idref="oc-a81"/>
      </symbol>
      <symbol id="sm-e92">
         <name>dataTransferLogList</name>
         <value>0x12412</value>
         <object_component_ref idref="oc-a12"/>
      </symbol>
      <symbol id="sm-e93">
         <name>failureRecovery</name>
         <value>0x356ca</value>
         <object_component_ref idref="oc-8ae"/>
      </symbol>
      <symbol id="sm-e94">
         <name>deleteDataTransferLog</name>
         <value>0x372cc</value>
         <object_component_ref idref="oc-a49"/>
      </symbol>
      <symbol id="sm-eb1">
         <name>localAccessTask</name>
         <value>0x374d4</value>
         <object_component_ref idref="oc-8a2"/>
      </symbol>
      <symbol id="sm-eb2">
         <name>remoteAccessTask</name>
         <value>0x36932</value>
         <object_component_ref idref="oc-89c"/>
      </symbol>
      <symbol id="sm-ede">
         <name>createNode</name>
         <value>0x37c1a</value>
         <object_component_ref idref="oc-d57"/>
      </symbol>
      <symbol id="sm-edf">
         <name>makeList</name>
         <value>0x37dd2</value>
         <object_component_ref idref="oc-a0c"/>
      </symbol>
      <symbol id="sm-ee0">
         <name>listInsert</name>
         <value>0x3796c</value>
         <object_component_ref idref="oc-bfd"/>
      </symbol>
      <symbol id="sm-f36">
         <name>print2uart</name>
         <value>0x354e6</value>
         <object_component_ref idref="oc-72f"/>
      </symbol>
      <symbol id="sm-f37">
         <name>UartParams</name>
         <value>0x1f88</value>
         <object_component_ref idref="oc-b52"/>
      </symbol>
      <symbol id="sm-f38">
         <name>convertl</name>
         <value>0x3731c</value>
         <object_component_ref idref="oc-7c9"/>
      </symbol>
      <symbol id="sm-f39">
         <name>setFrequency</name>
         <value>0x3595a</value>
         <object_component_ref idref="oc-9b0"/>
      </symbol>
      <symbol id="sm-f3a">
         <name>dummyprint</name>
         <value>0x37f78</value>
         <object_component_ref idref="oc-cad"/>
      </symbol>
      <symbol id="sm-f3b">
         <name>convert</name>
         <value>0x37800</value>
         <object_component_ref idref="oc-7c3"/>
      </symbol>
      <symbol id="sm-f3c">
         <name>uartinit</name>
         <value>0x36e4e</value>
         <object_component_ref idref="oc-9ce"/>
      </symbol>
      <symbol id="sm-f89">
         <name>CS_turnOnLFXT</name>
         <value>0x375ce</value>
         <object_component_ref idref="oc-9c2"/>
      </symbol>
      <symbol id="sm-f8a">
         <name>CS_setDCOFreq</name>
         <value>0x34d5a</value>
         <object_component_ref idref="oc-b44"/>
      </symbol>
      <symbol id="sm-f8b">
         <name>CS_setExternalClockSource</name>
         <value>0x37d50</value>
         <object_component_ref idref="oc-9b6"/>
      </symbol>
      <symbol id="sm-f8c">
         <name>CS_initClockSignal</name>
         <value>0x36ebe</value>
         <object_component_ref idref="oc-9bc"/>
      </symbol>
      <symbol id="sm-fbc">
         <name>EUSCI_A_UART_enableInterrupt</name>
         <value>0x37bd6</value>
         <object_component_ref idref="oc-b67"/>
      </symbol>
      <symbol id="sm-fbd">
         <name>EUSCI_A_UART_init</name>
         <value>0x36428</value>
         <object_component_ref idref="oc-b55"/>
      </symbol>
      <symbol id="sm-fbe">
         <name>EUSCI_A_UART_enable</name>
         <value>0x37f6a</value>
         <object_component_ref idref="oc-b5b"/>
      </symbol>
      <symbol id="sm-fbf">
         <name>EUSCI_A_UART_clearInterrupt</name>
         <value>0x37eee</value>
         <object_component_ref idref="oc-b61"/>
      </symbol>
      <symbol id="sm-fc0">
         <name>EUSCI_A_UART_transmitData</name>
         <value>0x37bf8</value>
         <object_component_ref idref="oc-7bd"/>
      </symbol>
      <symbol id="sm-101f">
         <name>GPIO_clearInterrupt</name>
         <value>0x37cbe</value>
         <object_component_ref idref="oc-760"/>
      </symbol>
      <symbol id="sm-1020">
         <name>GPIO_selectInterruptEdge</name>
         <value>0x37a62</value>
         <object_component_ref idref="oc-9a4"/>
      </symbol>
      <symbol id="sm-1021">
         <name>GPIO_setAsInputPinWithPullUpResistor</name>
         <value>0x37404</value>
         <object_component_ref idref="oc-9aa"/>
      </symbol>
      <symbol id="sm-1022">
         <name>GPIO_enableInterrupt</name>
         <value>0x37cfa</value>
         <object_component_ref idref="oc-75a"/>
      </symbol>
      <symbol id="sm-1023">
         <name>GPIO_setAsOutputPin</name>
         <value>0x377cc</value>
         <object_component_ref idref="oc-992"/>
      </symbol>
      <symbol id="sm-1024">
         <name>GPIO_setOutputLowOnPin</name>
         <value>0x37d18</value>
         <object_component_ref idref="oc-98c"/>
      </symbol>
      <symbol id="sm-1025">
         <name>GPIO_setAsPeripheralModuleFunctionOutputPin</name>
         <value>0x36cf8</value>
         <object_component_ref idref="oc-99e"/>
      </symbol>
      <symbol id="sm-1026">
         <name>GPIO_setAsPeripheralModuleFunctionInputPin</name>
         <value>0x36c86</value>
         <object_component_ref idref="oc-998"/>
      </symbol>
      <symbol id="sm-1027">
         <name>GPIO_disableInterrupt</name>
         <value>0x37cdc</value>
         <object_component_ref idref="oc-754"/>
      </symbol>
      <symbol id="sm-1035">
         <name>PMM_unlockLPM5</name>
         <value>0x37f4a</value>
         <object_component_ref idref="oc-9c8"/>
      </symbol>
      <symbol id="sm-104b">
         <name>WDT_A_hold</name>
         <value>0x37e1a</value>
         <object_component_ref idref="oc-861"/>
      </symbol>
      <symbol id="sm-106e">
         <name>__TI_decompress_lzss</name>
         <value>0x36c10</value>
         <object_component_ref idref="oc-83"/>
      </symbol>
      <symbol id="sm-107f">
         <name>__TI_decompress_none</name>
         <value>0x37e30</value>
         <object_component_ref idref="oc-89"/>
      </symbol>
      <symbol id="sm-1082">
         <name>__TI_int18</name>
         <value>0xffb4</value>
         <object_component_ref idref="oc-8f"/>
      </symbol>
      <symbol id="sm-108a">
         <name>__TI_ISR_TRAP</name>
         <value>0x4554</value>
         <object_component_ref idref="oc-6b4"/>
      </symbol>
      <symbol id="sm-108d">
         <name>__TI_int20</name>
         <value>0xffb8</value>
         <object_component_ref idref="oc-91"/>
      </symbol>
      <symbol id="sm-1090">
         <name>__TI_int21</name>
         <value>0xffba</value>
         <object_component_ref idref="oc-92"/>
      </symbol>
      <symbol id="sm-1093">
         <name>__TI_int22</name>
         <value>0xffbc</value>
         <object_component_ref idref="oc-93"/>
      </symbol>
      <symbol id="sm-1096">
         <name>__TI_int23</name>
         <value>0xffbe</value>
         <object_component_ref idref="oc-94"/>
      </symbol>
      <symbol id="sm-1099">
         <name>__TI_int24</name>
         <value>0xffc0</value>
         <object_component_ref idref="oc-95"/>
      </symbol>
      <symbol id="sm-109c">
         <name>__TI_int25</name>
         <value>0xffc2</value>
         <object_component_ref idref="oc-96"/>
      </symbol>
      <symbol id="sm-109f">
         <name>__TI_int26</name>
         <value>0xffc4</value>
         <object_component_ref idref="oc-97"/>
      </symbol>
      <symbol id="sm-10a2">
         <name>__TI_int28</name>
         <value>0xffc8</value>
         <object_component_ref idref="oc-99"/>
      </symbol>
      <symbol id="sm-10a5">
         <name>__TI_int29</name>
         <value>0xffca</value>
         <object_component_ref idref="oc-9a"/>
      </symbol>
      <symbol id="sm-10a8">
         <name>__TI_int30</name>
         <value>0xffcc</value>
         <object_component_ref idref="oc-9b"/>
      </symbol>
      <symbol id="sm-10ab">
         <name>__TI_int31</name>
         <value>0xffce</value>
         <object_component_ref idref="oc-9c"/>
      </symbol>
      <symbol id="sm-10ae">
         <name>__TI_int32</name>
         <value>0xffd0</value>
         <object_component_ref idref="oc-9d"/>
      </symbol>
      <symbol id="sm-10b1">
         <name>__TI_int33</name>
         <value>0xffd2</value>
         <object_component_ref idref="oc-9e"/>
      </symbol>
      <symbol id="sm-10b4">
         <name>__TI_int34</name>
         <value>0xffd4</value>
         <object_component_ref idref="oc-9f"/>
      </symbol>
      <symbol id="sm-10b7">
         <name>__TI_int35</name>
         <value>0xffd6</value>
         <object_component_ref idref="oc-a0"/>
      </symbol>
      <symbol id="sm-10ba">
         <name>__TI_int36</name>
         <value>0xffd8</value>
         <object_component_ref idref="oc-a1"/>
      </symbol>
      <symbol id="sm-10bd">
         <name>__TI_int37</name>
         <value>0xffda</value>
         <object_component_ref idref="oc-a2"/>
      </symbol>
      <symbol id="sm-10c0">
         <name>__TI_int38</name>
         <value>0xffdc</value>
         <object_component_ref idref="oc-a3"/>
      </symbol>
      <symbol id="sm-10c3">
         <name>__TI_int39</name>
         <value>0xffde</value>
         <object_component_ref idref="oc-a4"/>
      </symbol>
      <symbol id="sm-10c6">
         <name>__TI_int41</name>
         <value>0xffe2</value>
         <object_component_ref idref="oc-a6"/>
      </symbol>
      <symbol id="sm-10c9">
         <name>__TI_int42</name>
         <value>0xffe4</value>
         <object_component_ref idref="oc-a7"/>
      </symbol>
      <symbol id="sm-10cc">
         <name>__TI_int43</name>
         <value>0xffe6</value>
         <object_component_ref idref="oc-a8"/>
      </symbol>
      <symbol id="sm-10cf">
         <name>__TI_int44</name>
         <value>0xffe8</value>
         <object_component_ref idref="oc-a9"/>
      </symbol>
      <symbol id="sm-10d2">
         <name>__TI_int47</name>
         <value>0xffee</value>
         <object_component_ref idref="oc-ac"/>
      </symbol>
      <symbol id="sm-10d5">
         <name>__TI_int48</name>
         <value>0xfff0</value>
         <object_component_ref idref="oc-ad"/>
      </symbol>
      <symbol id="sm-10d8">
         <name>__TI_int49</name>
         <value>0xfff2</value>
         <object_component_ref idref="oc-ae"/>
      </symbol>
      <symbol id="sm-10db">
         <name>__TI_int50</name>
         <value>0xfff4</value>
         <object_component_ref idref="oc-af"/>
      </symbol>
      <symbol id="sm-10de">
         <name>__TI_int51</name>
         <value>0xfff6</value>
         <object_component_ref idref="oc-b0"/>
      </symbol>
      <symbol id="sm-10e1">
         <name>__TI_int52</name>
         <value>0xfff8</value>
         <object_component_ref idref="oc-b1"/>
      </symbol>
      <symbol id="sm-10e4">
         <name>__TI_int53</name>
         <value>0xfffa</value>
         <object_component_ref idref="oc-b2"/>
      </symbol>
      <symbol id="sm-10e7">
         <name>__TI_int54</name>
         <value>0xfffc</value>
         <object_component_ref idref="oc-b3"/>
      </symbol>
      <symbol id="sm-10fa">
         <name>__TI_zero_init</name>
         <value>0x37b8e</value>
         <object_component_ref idref="oc-6dd"/>
      </symbol>
      <symbol id="sm-1106">
         <name>__mspabi_remu</name>
         <value>0x37e72</value>
         <object_component_ref idref="oc-8f7"/>
      </symbol>
      <symbol id="sm-1107">
         <name>__mspabi_divu</name>
         <value>0x37e72</value>
         <object_component_ref idref="oc-8f7"/>
      </symbol>
      <symbol id="sm-1115">
         <name>__mspabi_remul</name>
         <value>0x371cc</value>
         <object_component_ref idref="oc-8ff"/>
      </symbol>
      <symbol id="sm-1116">
         <name>__mspabi_divul</name>
         <value>0x371cc</value>
         <object_component_ref idref="oc-8ff"/>
      </symbol>
      <symbol id="sm-111f">
         <name>__mspabi_mpyi_f5hw</name>
         <value>0x37e02</value>
         <object_component_ref idref="oc-942"/>
      </symbol>
      <symbol id="sm-112e">
         <name>__mspabi_sral_15</name>
         <value>0x37554</value>
         <object_component_ref idref="oc-aee"/>
      </symbol>
      <symbol id="sm-112f">
         <name>__mspabi_sral_14</name>
         <value>0x37558</value>
         <object_component_ref idref="oc-aee"/>
      </symbol>
      <symbol id="sm-1130">
         <name>__mspabi_sral_13</name>
         <value>0x3755c</value>
         <object_component_ref idref="oc-aee"/>
      </symbol>
      <symbol id="sm-1131">
         <name>__mspabi_sral_12</name>
         <value>0x37560</value>
         <object_component_ref idref="oc-aee"/>
      </symbol>
      <symbol id="sm-1132">
         <name>__mspabi_sral_11</name>
         <value>0x37564</value>
         <object_component_ref idref="oc-aee"/>
      </symbol>
      <symbol id="sm-1133">
         <name>__mspabi_sral_10</name>
         <value>0x37568</value>
         <object_component_ref idref="oc-aee"/>
      </symbol>
      <symbol id="sm-1134">
         <name>__mspabi_sral_8</name>
         <value>0x37570</value>
         <object_component_ref idref="oc-aee"/>
      </symbol>
      <symbol id="sm-1135">
         <name>__mspabi_sral_9</name>
         <value>0x3756c</value>
         <object_component_ref idref="oc-aee"/>
      </symbol>
      <symbol id="sm-1136">
         <name>__mspabi_sral_6</name>
         <value>0x37578</value>
         <object_component_ref idref="oc-aee"/>
      </symbol>
      <symbol id="sm-1137">
         <name>__mspabi_sral_7</name>
         <value>0x37574</value>
         <object_component_ref idref="oc-aee"/>
      </symbol>
      <symbol id="sm-1138">
         <name>__mspabi_sral_4</name>
         <value>0x37580</value>
         <object_component_ref idref="oc-aee"/>
      </symbol>
      <symbol id="sm-1139">
         <name>__mspabi_sral_5</name>
         <value>0x3757c</value>
         <object_component_ref idref="oc-aee"/>
      </symbol>
      <symbol id="sm-113a">
         <name>__mspabi_sral_2</name>
         <value>0x37588</value>
         <object_component_ref idref="oc-aee"/>
      </symbol>
      <symbol id="sm-113b">
         <name>__mspabi_sral_3</name>
         <value>0x37584</value>
         <object_component_ref idref="oc-aee"/>
      </symbol>
      <symbol id="sm-113c">
         <name>__mspabi_sral_1</name>
         <value>0x3758c</value>
         <object_component_ref idref="oc-aee"/>
      </symbol>
      <symbol id="sm-114c">
         <name>_stack</name>
         <value>0x2b60</value>
         <object_component_ref idref="oc-695"/>
      </symbol>
      <symbol id="sm-114d">
         <name>_c_int00_noargs</name>
         <value>0x450e</value>
         <object_component_ref idref="oc-6e9"/>
      </symbol>
      <symbol id="sm-114e">
         <name>_reset_vector</name>
         <value>0xfffe</value>
         <object_component_ref idref="oc-698"/>
      </symbol>
      <symbol id="sm-1172">
         <name>__TI_auto_init_nobinit_nopinit_hold_wdt</name>
         <value>0x36aa8</value>
         <object_component_ref idref="oc-8d9"/>
      </symbol>
      <symbol id="sm-117b">
         <name>_system_post_cinit</name>
         <value>0x37f76</value>
         <object_component_ref idref="oc-af3"/>
      </symbol>
      <symbol id="sm-1186">
         <name>C$$EXIT</name>
         <value>0x37f70</value>
         <object_component_ref idref="oc-8b5"/>
      </symbol>
      <symbol id="sm-1187">
         <name>abort</name>
         <value>0x37f70</value>
         <object_component_ref idref="oc-8b5"/>
      </symbol>
      <symbol id="sm-1198">
         <name>memcpy</name>
         <value>0x37592</value>
         <object_component_ref idref="oc-6a7"/>
      </symbol>
      <symbol id="sm-11a7">
         <name>memset</name>
         <value>0x37c5e</value>
         <object_component_ref idref="oc-90d"/>
      </symbol>
      <symbol id="sm-11ee">
         <name>_sys_memory</name>
         <value>0x4000</value>
         <object_component_ref idref="oc-699"/>
      </symbol>
      <symbol id="sm-1202">
         <name>strlen</name>
         <value>0x37eb2</value>
         <object_component_ref idref="oc-c54"/>
      </symbol>
      <symbol id="sm-120c">
         <name>vPortSetupTimerInterrupt</name>
         <value>0x37938</value>
      </symbol>
   </symbol_table>
   <title>Link successful</title>
</link_info>
