<?xml version="1.0" encoding="ISO-8859-1" ?>
<link_info>
   <banner>MSP430 Linker Unix v20.2.0.LTS</banner>
   <copyright>Copyright (c) 2003-2018 Texas Instruments Incorporated</copyright>
   <link_time>0x5ecea023</link_time>
   <link_errors>0x0</link_errors>
   <output_file>IntermittentDistributed_MSP430.out</output_file>
   <entry_point>
      <name>_c_int00_noargs</name>
      <address>0x450e</address>
   </entry_point>
   <input_file_list>
      <input_file id="fl-2">
         <path>./</path>
         <kind>object</kind>
         <file>main.obj</file>
         <name>main.obj</name>
      </input_file>
      <input_file id="fl-3">
         <path>./CCS_Only/</path>
         <kind>object</kind>
         <file>RegTest.obj</file>
         <name>RegTest.obj</name>
      </input_file>
      <input_file id="fl-4">
         <path>./Connectivity/</path>
         <kind>object</kind>
         <file>CC1101_MSP430.obj</file>
         <name>CC1101_MSP430.obj</name>
      </input_file>
      <input_file id="fl-5">
         <path>./Connectivity/</path>
         <kind>object</kind>
         <file>RFHandler.obj</file>
         <name>RFHandler.obj</name>
      </input_file>
      <input_file id="fl-6">
         <path>./DataManager/</path>
         <kind>object</kind>
         <file>SimpDB.obj</file>
         <name>SimpDB.obj</name>
      </input_file>
      <input_file id="fl-7">
         <path>./DataManager/</path>
         <kind>object</kind>
         <file>maps.obj</file>
         <name>maps.obj</name>
      </input_file>
      <input_file id="fl-8">
         <path>./FreeRTOS_Source/</path>
         <kind>object</kind>
         <file>croutine.obj</file>
         <name>croutine.obj</name>
      </input_file>
      <input_file id="fl-9">
         <path>./FreeRTOS_Source/</path>
         <kind>object</kind>
         <file>event_groups.obj</file>
         <name>event_groups.obj</name>
      </input_file>
      <input_file id="fl-a">
         <path>./FreeRTOS_Source/</path>
         <kind>object</kind>
         <file>list.obj</file>
         <name>list.obj</name>
      </input_file>
      <input_file id="fl-b">
         <path>./FreeRTOS_Source/</path>
         <kind>object</kind>
         <file>queue.obj</file>
         <name>queue.obj</name>
      </input_file>
      <input_file id="fl-c">
         <path>./FreeRTOS_Source/</path>
         <kind>object</kind>
         <file>stream_buffer.obj</file>
         <name>stream_buffer.obj</name>
      </input_file>
      <input_file id="fl-d">
         <path>./FreeRTOS_Source/</path>
         <kind>object</kind>
         <file>tasks.obj</file>
         <name>tasks.obj</name>
      </input_file>
      <input_file id="fl-e">
         <path>./FreeRTOS_Source/</path>
         <kind>object</kind>
         <file>timers.obj</file>
         <name>timers.obj</name>
      </input_file>
      <input_file id="fl-f">
         <path>./FreeRTOS_Source/portable/CCS/MSP430X/</path>
         <kind>object</kind>
         <file>port.obj</file>
         <name>port.obj</name>
      </input_file>
      <input_file id="fl-10">
         <path>./FreeRTOS_Source/portable/CCS/MSP430X/</path>
         <kind>object</kind>
         <file>portext.obj</file>
         <name>portext.obj</name>
      </input_file>
      <input_file id="fl-11">
         <path>./FreeRTOS_Source/portable/MemMang/</path>
         <kind>object</kind>
         <file>heap_4.obj</file>
         <name>heap_4.obj</name>
      </input_file>
      <input_file id="fl-12">
         <path>./RecoveryHandler/</path>
         <kind>object</kind>
         <file>Recovery.obj</file>
         <name>Recovery.obj</name>
      </input_file>
      <input_file id="fl-13">
         <path>./Tasks/</path>
         <kind>object</kind>
         <file>TestTasks.obj</file>
         <name>TestTasks.obj</name>
      </input_file>
      <input_file id="fl-14">
         <path>./Tools/</path>
         <kind>object</kind>
         <file>mylist.obj</file>
         <name>mylist.obj</name>
      </input_file>
      <input_file id="fl-15">
         <path>./Tools/</path>
         <kind>object</kind>
         <file>myuart.obj</file>
         <name>myuart.obj</name>
      </input_file>
      <input_file id="fl-16">
         <path>./driverlib/MSP430FR5xx_6xx/</path>
         <kind>object</kind>
         <file>adc12_b.obj</file>
         <name>adc12_b.obj</name>
      </input_file>
      <input_file id="fl-17">
         <path>./driverlib/MSP430FR5xx_6xx/</path>
         <kind>object</kind>
         <file>aes256.obj</file>
         <name>aes256.obj</name>
      </input_file>
      <input_file id="fl-18">
         <path>./driverlib/MSP430FR5xx_6xx/</path>
         <kind>object</kind>
         <file>comp_e.obj</file>
         <name>comp_e.obj</name>
      </input_file>
      <input_file id="fl-19">
         <path>./driverlib/MSP430FR5xx_6xx/</path>
         <kind>object</kind>
         <file>crc.obj</file>
         <name>crc.obj</name>
      </input_file>
      <input_file id="fl-1a">
         <path>./driverlib/MSP430FR5xx_6xx/</path>
         <kind>object</kind>
         <file>crc32.obj</file>
         <name>crc32.obj</name>
      </input_file>
      <input_file id="fl-1b">
         <path>./driverlib/MSP430FR5xx_6xx/</path>
         <kind>object</kind>
         <file>cs.obj</file>
         <name>cs.obj</name>
      </input_file>
      <input_file id="fl-1c">
         <path>./driverlib/MSP430FR5xx_6xx/</path>
         <kind>object</kind>
         <file>dma.obj</file>
         <name>dma.obj</name>
      </input_file>
      <input_file id="fl-1d">
         <path>./driverlib/MSP430FR5xx_6xx/</path>
         <kind>object</kind>
         <file>esi.obj</file>
         <name>esi.obj</name>
      </input_file>
      <input_file id="fl-1e">
         <path>./driverlib/MSP430FR5xx_6xx/</path>
         <kind>object</kind>
         <file>eusci_a_spi.obj</file>
         <name>eusci_a_spi.obj</name>
      </input_file>
      <input_file id="fl-1f">
         <path>./driverlib/MSP430FR5xx_6xx/</path>
         <kind>object</kind>
         <file>eusci_a_uart.obj</file>
         <name>eusci_a_uart.obj</name>
      </input_file>
      <input_file id="fl-20">
         <path>./driverlib/MSP430FR5xx_6xx/</path>
         <kind>object</kind>
         <file>eusci_b_i2c.obj</file>
         <name>eusci_b_i2c.obj</name>
      </input_file>
      <input_file id="fl-21">
         <path>./driverlib/MSP430FR5xx_6xx/</path>
         <kind>object</kind>
         <file>eusci_b_spi.obj</file>
         <name>eusci_b_spi.obj</name>
      </input_file>
      <input_file id="fl-22">
         <path>./driverlib/MSP430FR5xx_6xx/</path>
         <kind>object</kind>
         <file>framctl.obj</file>
         <name>framctl.obj</name>
      </input_file>
      <input_file id="fl-23">
         <path>./driverlib/MSP430FR5xx_6xx/</path>
         <kind>object</kind>
         <file>framctl_a.obj</file>
         <name>framctl_a.obj</name>
      </input_file>
      <input_file id="fl-24">
         <path>./driverlib/MSP430FR5xx_6xx/</path>
         <kind>object</kind>
         <file>gpio.obj</file>
         <name>gpio.obj</name>
      </input_file>
      <input_file id="fl-25">
         <path>./driverlib/MSP430FR5xx_6xx/</path>
         <kind>object</kind>
         <file>hspll.obj</file>
         <name>hspll.obj</name>
      </input_file>
      <input_file id="fl-26">
         <path>./driverlib/MSP430FR5xx_6xx/</path>
         <kind>object</kind>
         <file>lcd_c.obj</file>
         <name>lcd_c.obj</name>
      </input_file>
      <input_file id="fl-27">
         <path>./driverlib/MSP430FR5xx_6xx/</path>
         <kind>object</kind>
         <file>mpu.obj</file>
         <name>mpu.obj</name>
      </input_file>
      <input_file id="fl-28">
         <path>./driverlib/MSP430FR5xx_6xx/</path>
         <kind>object</kind>
         <file>mpy32.obj</file>
         <name>mpy32.obj</name>
      </input_file>
      <input_file id="fl-29">
         <path>./driverlib/MSP430FR5xx_6xx/</path>
         <kind>object</kind>
         <file>mtif.obj</file>
         <name>mtif.obj</name>
      </input_file>
      <input_file id="fl-2a">
         <path>./driverlib/MSP430FR5xx_6xx/</path>
         <kind>object</kind>
         <file>pmm.obj</file>
         <name>pmm.obj</name>
      </input_file>
      <input_file id="fl-2b">
         <path>./driverlib/MSP430FR5xx_6xx/</path>
         <kind>object</kind>
         <file>ram.obj</file>
         <name>ram.obj</name>
      </input_file>
      <input_file id="fl-2c">
         <path>./driverlib/MSP430FR5xx_6xx/</path>
         <kind>object</kind>
         <file>ref_a.obj</file>
         <name>ref_a.obj</name>
      </input_file>
      <input_file id="fl-2d">
         <path>./driverlib/MSP430FR5xx_6xx/</path>
         <kind>object</kind>
         <file>rtc_b.obj</file>
         <name>rtc_b.obj</name>
      </input_file>
      <input_file id="fl-2e">
         <path>./driverlib/MSP430FR5xx_6xx/</path>
         <kind>object</kind>
         <file>rtc_c.obj</file>
         <name>rtc_c.obj</name>
      </input_file>
      <input_file id="fl-2f">
         <path>./driverlib/MSP430FR5xx_6xx/</path>
         <kind>object</kind>
         <file>saph.obj</file>
         <name>saph.obj</name>
      </input_file>
      <input_file id="fl-30">
         <path>./driverlib/MSP430FR5xx_6xx/</path>
         <kind>object</kind>
         <file>saph_a.obj</file>
         <name>saph_a.obj</name>
      </input_file>
      <input_file id="fl-31">
         <path>./driverlib/MSP430FR5xx_6xx/</path>
         <kind>object</kind>
         <file>sdhs.obj</file>
         <name>sdhs.obj</name>
      </input_file>
      <input_file id="fl-32">
         <path>./driverlib/MSP430FR5xx_6xx/</path>
         <kind>object</kind>
         <file>sfr.obj</file>
         <name>sfr.obj</name>
      </input_file>
      <input_file id="fl-33">
         <path>./driverlib/MSP430FR5xx_6xx/</path>
         <kind>object</kind>
         <file>sysctl.obj</file>
         <name>sysctl.obj</name>
      </input_file>
      <input_file id="fl-34">
         <path>./driverlib/MSP430FR5xx_6xx/</path>
         <kind>object</kind>
         <file>timer_a.obj</file>
         <name>timer_a.obj</name>
      </input_file>
      <input_file id="fl-35">
         <path>./driverlib/MSP430FR5xx_6xx/</path>
         <kind>object</kind>
         <file>timer_b.obj</file>
         <name>timer_b.obj</name>
      </input_file>
      <input_file id="fl-36">
         <path>./driverlib/MSP430FR5xx_6xx/</path>
         <kind>object</kind>
         <file>tlv.obj</file>
         <name>tlv.obj</name>
      </input_file>
      <input_file id="fl-37">
         <path>./driverlib/MSP430FR5xx_6xx/</path>
         <kind>object</kind>
         <file>uups.obj</file>
         <name>uups.obj</name>
      </input_file>
      <input_file id="fl-38">
         <path>./driverlib/MSP430FR5xx_6xx/</path>
         <kind>object</kind>
         <file>wdt_a.obj</file>
         <name>wdt_a.obj</name>
      </input_file>
      <input_file id="fl-3e">
         <kind>object</kind>
         <file>&lt;internal&gt;</file>
         <name>&lt;internal&gt;</name>
      </input_file>
      <input_file id="fl-59">
         <path>/Applications/ti/ccs1000/ccs/tools/compiler/ti-cgt-msp430_20.2.0.LTS/lib/</path>
         <kind>archive</kind>
         <file>rts430x_lc_ld_eabi_se.lib</file>
         <name>copy_decompress_lzss.c.obj</name>
      </input_file>
      <input_file id="fl-5a">
         <path>/Applications/ti/ccs1000/ccs/tools/compiler/ti-cgt-msp430_20.2.0.LTS/lib/</path>
         <kind>archive</kind>
         <file>rts430x_lc_ld_eabi_se.lib</file>
         <name>copy_decompress_none.c.obj</name>
      </input_file>
      <input_file id="fl-5b">
         <path>/Applications/ti/ccs1000/ccs/tools/compiler/ti-cgt-msp430_20.2.0.LTS/lib/</path>
         <kind>archive</kind>
         <file>rts430x_lc_ld_eabi_se.lib</file>
         <name>int18.asm.obj</name>
      </input_file>
      <input_file id="fl-5c">
         <path>/Applications/ti/ccs1000/ccs/tools/compiler/ti-cgt-msp430_20.2.0.LTS/lib/</path>
         <kind>archive</kind>
         <file>rts430x_lc_ld_eabi_se.lib</file>
         <name>isr_trap.asm.obj</name>
      </input_file>
      <input_file id="fl-5d">
         <path>/Applications/ti/ccs1000/ccs/tools/compiler/ti-cgt-msp430_20.2.0.LTS/lib/</path>
         <kind>archive</kind>
         <file>rts430x_lc_ld_eabi_se.lib</file>
         <name>int20.asm.obj</name>
      </input_file>
      <input_file id="fl-5e">
         <path>/Applications/ti/ccs1000/ccs/tools/compiler/ti-cgt-msp430_20.2.0.LTS/lib/</path>
         <kind>archive</kind>
         <file>rts430x_lc_ld_eabi_se.lib</file>
         <name>int21.asm.obj</name>
      </input_file>
      <input_file id="fl-5f">
         <path>/Applications/ti/ccs1000/ccs/tools/compiler/ti-cgt-msp430_20.2.0.LTS/lib/</path>
         <kind>archive</kind>
         <file>rts430x_lc_ld_eabi_se.lib</file>
         <name>int22.asm.obj</name>
      </input_file>
      <input_file id="fl-60">
         <path>/Applications/ti/ccs1000/ccs/tools/compiler/ti-cgt-msp430_20.2.0.LTS/lib/</path>
         <kind>archive</kind>
         <file>rts430x_lc_ld_eabi_se.lib</file>
         <name>int23.asm.obj</name>
      </input_file>
      <input_file id="fl-61">
         <path>/Applications/ti/ccs1000/ccs/tools/compiler/ti-cgt-msp430_20.2.0.LTS/lib/</path>
         <kind>archive</kind>
         <file>rts430x_lc_ld_eabi_se.lib</file>
         <name>int24.asm.obj</name>
      </input_file>
      <input_file id="fl-62">
         <path>/Applications/ti/ccs1000/ccs/tools/compiler/ti-cgt-msp430_20.2.0.LTS/lib/</path>
         <kind>archive</kind>
         <file>rts430x_lc_ld_eabi_se.lib</file>
         <name>int25.asm.obj</name>
      </input_file>
      <input_file id="fl-63">
         <path>/Applications/ti/ccs1000/ccs/tools/compiler/ti-cgt-msp430_20.2.0.LTS/lib/</path>
         <kind>archive</kind>
         <file>rts430x_lc_ld_eabi_se.lib</file>
         <name>int26.asm.obj</name>
      </input_file>
      <input_file id="fl-64">
         <path>/Applications/ti/ccs1000/ccs/tools/compiler/ti-cgt-msp430_20.2.0.LTS/lib/</path>
         <kind>archive</kind>
         <file>rts430x_lc_ld_eabi_se.lib</file>
         <name>int28.asm.obj</name>
      </input_file>
      <input_file id="fl-65">
         <path>/Applications/ti/ccs1000/ccs/tools/compiler/ti-cgt-msp430_20.2.0.LTS/lib/</path>
         <kind>archive</kind>
         <file>rts430x_lc_ld_eabi_se.lib</file>
         <name>int29.asm.obj</name>
      </input_file>
      <input_file id="fl-66">
         <path>/Applications/ti/ccs1000/ccs/tools/compiler/ti-cgt-msp430_20.2.0.LTS/lib/</path>
         <kind>archive</kind>
         <file>rts430x_lc_ld_eabi_se.lib</file>
         <name>int30.asm.obj</name>
      </input_file>
      <input_file id="fl-67">
         <path>/Applications/ti/ccs1000/ccs/tools/compiler/ti-cgt-msp430_20.2.0.LTS/lib/</path>
         <kind>archive</kind>
         <file>rts430x_lc_ld_eabi_se.lib</file>
         <name>int31.asm.obj</name>
      </input_file>
      <input_file id="fl-68">
         <path>/Applications/ti/ccs1000/ccs/tools/compiler/ti-cgt-msp430_20.2.0.LTS/lib/</path>
         <kind>archive</kind>
         <file>rts430x_lc_ld_eabi_se.lib</file>
         <name>int32.asm.obj</name>
      </input_file>
      <input_file id="fl-69">
         <path>/Applications/ti/ccs1000/ccs/tools/compiler/ti-cgt-msp430_20.2.0.LTS/lib/</path>
         <kind>archive</kind>
         <file>rts430x_lc_ld_eabi_se.lib</file>
         <name>int33.asm.obj</name>
      </input_file>
      <input_file id="fl-6a">
         <path>/Applications/ti/ccs1000/ccs/tools/compiler/ti-cgt-msp430_20.2.0.LTS/lib/</path>
         <kind>archive</kind>
         <file>rts430x_lc_ld_eabi_se.lib</file>
         <name>int34.asm.obj</name>
      </input_file>
      <input_file id="fl-6b">
         <path>/Applications/ti/ccs1000/ccs/tools/compiler/ti-cgt-msp430_20.2.0.LTS/lib/</path>
         <kind>archive</kind>
         <file>rts430x_lc_ld_eabi_se.lib</file>
         <name>int35.asm.obj</name>
      </input_file>
      <input_file id="fl-6c">
         <path>/Applications/ti/ccs1000/ccs/tools/compiler/ti-cgt-msp430_20.2.0.LTS/lib/</path>
         <kind>archive</kind>
         <file>rts430x_lc_ld_eabi_se.lib</file>
         <name>int36.asm.obj</name>
      </input_file>
      <input_file id="fl-6d">
         <path>/Applications/ti/ccs1000/ccs/tools/compiler/ti-cgt-msp430_20.2.0.LTS/lib/</path>
         <kind>archive</kind>
         <file>rts430x_lc_ld_eabi_se.lib</file>
         <name>int37.asm.obj</name>
      </input_file>
      <input_file id="fl-6e">
         <path>/Applications/ti/ccs1000/ccs/tools/compiler/ti-cgt-msp430_20.2.0.LTS/lib/</path>
         <kind>archive</kind>
         <file>rts430x_lc_ld_eabi_se.lib</file>
         <name>int38.asm.obj</name>
      </input_file>
      <input_file id="fl-6f">
         <path>/Applications/ti/ccs1000/ccs/tools/compiler/ti-cgt-msp430_20.2.0.LTS/lib/</path>
         <kind>archive</kind>
         <file>rts430x_lc_ld_eabi_se.lib</file>
         <name>int39.asm.obj</name>
      </input_file>
      <input_file id="fl-70">
         <path>/Applications/ti/ccs1000/ccs/tools/compiler/ti-cgt-msp430_20.2.0.LTS/lib/</path>
         <kind>archive</kind>
         <file>rts430x_lc_ld_eabi_se.lib</file>
         <name>int41.asm.obj</name>
      </input_file>
      <input_file id="fl-71">
         <path>/Applications/ti/ccs1000/ccs/tools/compiler/ti-cgt-msp430_20.2.0.LTS/lib/</path>
         <kind>archive</kind>
         <file>rts430x_lc_ld_eabi_se.lib</file>
         <name>int42.asm.obj</name>
      </input_file>
      <input_file id="fl-72">
         <path>/Applications/ti/ccs1000/ccs/tools/compiler/ti-cgt-msp430_20.2.0.LTS/lib/</path>
         <kind>archive</kind>
         <file>rts430x_lc_ld_eabi_se.lib</file>
         <name>int43.asm.obj</name>
      </input_file>
      <input_file id="fl-73">
         <path>/Applications/ti/ccs1000/ccs/tools/compiler/ti-cgt-msp430_20.2.0.LTS/lib/</path>
         <kind>archive</kind>
         <file>rts430x_lc_ld_eabi_se.lib</file>
         <name>int44.asm.obj</name>
      </input_file>
      <input_file id="fl-74">
         <path>/Applications/ti/ccs1000/ccs/tools/compiler/ti-cgt-msp430_20.2.0.LTS/lib/</path>
         <kind>archive</kind>
         <file>rts430x_lc_ld_eabi_se.lib</file>
         <name>int47.asm.obj</name>
      </input_file>
      <input_file id="fl-75">
         <path>/Applications/ti/ccs1000/ccs/tools/compiler/ti-cgt-msp430_20.2.0.LTS/lib/</path>
         <kind>archive</kind>
         <file>rts430x_lc_ld_eabi_se.lib</file>
         <name>int48.asm.obj</name>
      </input_file>
      <input_file id="fl-76">
         <path>/Applications/ti/ccs1000/ccs/tools/compiler/ti-cgt-msp430_20.2.0.LTS/lib/</path>
         <kind>archive</kind>
         <file>rts430x_lc_ld_eabi_se.lib</file>
         <name>int49.asm.obj</name>
      </input_file>
      <input_file id="fl-77">
         <path>/Applications/ti/ccs1000/ccs/tools/compiler/ti-cgt-msp430_20.2.0.LTS/lib/</path>
         <kind>archive</kind>
         <file>rts430x_lc_ld_eabi_se.lib</file>
         <name>int50.asm.obj</name>
      </input_file>
      <input_file id="fl-78">
         <path>/Applications/ti/ccs1000/ccs/tools/compiler/ti-cgt-msp430_20.2.0.LTS/lib/</path>
         <kind>archive</kind>
         <file>rts430x_lc_ld_eabi_se.lib</file>
         <name>int51.asm.obj</name>
      </input_file>
      <input_file id="fl-79">
         <path>/Applications/ti/ccs1000/ccs/tools/compiler/ti-cgt-msp430_20.2.0.LTS/lib/</path>
         <kind>archive</kind>
         <file>rts430x_lc_ld_eabi_se.lib</file>
         <name>int52.asm.obj</name>
      </input_file>
      <input_file id="fl-7a">
         <path>/Applications/ti/ccs1000/ccs/tools/compiler/ti-cgt-msp430_20.2.0.LTS/lib/</path>
         <kind>archive</kind>
         <file>rts430x_lc_ld_eabi_se.lib</file>
         <name>int53.asm.obj</name>
      </input_file>
      <input_file id="fl-7b">
         <path>/Applications/ti/ccs1000/ccs/tools/compiler/ti-cgt-msp430_20.2.0.LTS/lib/</path>
         <kind>archive</kind>
         <file>rts430x_lc_ld_eabi_se.lib</file>
         <name>int54.asm.obj</name>
      </input_file>
      <input_file id="fl-7c">
         <path>/Applications/ti/ccs1000/ccs/tools/compiler/ti-cgt-msp430_20.2.0.LTS/lib/</path>
         <kind>archive</kind>
         <file>rts430x_lc_ld_eabi_se.lib</file>
         <name>copy_zero_init.c.obj</name>
      </input_file>
      <input_file id="fl-7d">
         <path>/Applications/ti/ccs1000/ccs/tools/compiler/ti-cgt-msp430_20.2.0.LTS/lib/</path>
         <kind>archive</kind>
         <file>rts430x_lc_ld_eabi_se.lib</file>
         <name>div16s.asm.obj</name>
      </input_file>
      <input_file id="fl-7e">
         <path>/Applications/ti/ccs1000/ccs/tools/compiler/ti-cgt-msp430_20.2.0.LTS/lib/</path>
         <kind>archive</kind>
         <file>rts430x_lc_ld_eabi_se.lib</file>
         <name>div32s.asm.obj</name>
      </input_file>
      <input_file id="fl-7f">
         <path>/Applications/ti/ccs1000/ccs/tools/compiler/ti-cgt-msp430_20.2.0.LTS/lib/</path>
         <kind>archive</kind>
         <file>rts430x_lc_ld_eabi_se.lib</file>
         <name>div16u.asm.obj</name>
      </input_file>
      <input_file id="fl-80">
         <path>/Applications/ti/ccs1000/ccs/tools/compiler/ti-cgt-msp430_20.2.0.LTS/lib/</path>
         <kind>archive</kind>
         <file>rts430x_lc_ld_eabi_se.lib</file>
         <name>div32u.asm.obj</name>
      </input_file>
      <input_file id="fl-81">
         <path>/Applications/ti/ccs1000/ccs/tools/compiler/ti-cgt-msp430_20.2.0.LTS/lib/</path>
         <kind>archive</kind>
         <file>rts430x_lc_ld_eabi_se.lib</file>
         <name>mult16.asm.obj</name>
      </input_file>
      <input_file id="fl-82">
         <path>/Applications/ti/ccs1000/ccs/tools/compiler/ti-cgt-msp430_20.2.0.LTS/lib/</path>
         <kind>archive</kind>
         <file>rts430x_lc_ld_eabi_se.lib</file>
         <name>mult16_f5hw.asm.obj</name>
      </input_file>
      <input_file id="fl-83">
         <path>/Applications/ti/ccs1000/ccs/tools/compiler/ti-cgt-msp430_20.2.0.LTS/lib/</path>
         <kind>archive</kind>
         <file>rts430x_lc_ld_eabi_se.lib</file>
         <name>mult32.asm.obj</name>
      </input_file>
      <input_file id="fl-84">
         <path>/Applications/ti/ccs1000/ccs/tools/compiler/ti-cgt-msp430_20.2.0.LTS/lib/</path>
         <kind>archive</kind>
         <file>rts430x_lc_ld_eabi_se.lib</file>
         <name>mult32_f5hw.asm.obj</name>
      </input_file>
      <input_file id="fl-85">
         <path>/Applications/ti/ccs1000/ccs/tools/compiler/ti-cgt-msp430_20.2.0.LTS/lib/</path>
         <kind>archive</kind>
         <file>rts430x_lc_ld_eabi_se.lib</file>
         <name>mult64_f5hw.asm.obj</name>
      </input_file>
      <input_file id="fl-86">
         <path>/Applications/ti/ccs1000/ccs/tools/compiler/ti-cgt-msp430_20.2.0.LTS/lib/</path>
         <kind>archive</kind>
         <file>rts430x_lc_ld_eabi_se.lib</file>
         <name>mult1632_f5hw.asm.obj</name>
      </input_file>
      <input_file id="fl-87">
         <path>/Applications/ti/ccs1000/ccs/tools/compiler/ti-cgt-msp430_20.2.0.LTS/lib/</path>
         <kind>archive</kind>
         <file>rts430x_lc_ld_eabi_se.lib</file>
         <name>mult3264_f5hw.asm.obj</name>
      </input_file>
      <input_file id="fl-88">
         <path>/Applications/ti/ccs1000/ccs/tools/compiler/ti-cgt-msp430_20.2.0.LTS/lib/</path>
         <kind>archive</kind>
         <file>rts430x_lc_ld_eabi_se.lib</file>
         <name>lsl16.asm.obj</name>
      </input_file>
      <input_file id="fl-89">
         <path>/Applications/ti/ccs1000/ccs/tools/compiler/ti-cgt-msp430_20.2.0.LTS/lib/</path>
         <kind>archive</kind>
         <file>rts430x_lc_ld_eabi_se.lib</file>
         <name>asr16.asm.obj</name>
      </input_file>
      <input_file id="fl-8a">
         <path>/Applications/ti/ccs1000/ccs/tools/compiler/ti-cgt-msp430_20.2.0.LTS/lib/</path>
         <kind>archive</kind>
         <file>rts430x_lc_ld_eabi_se.lib</file>
         <name>boot.c.obj</name>
      </input_file>
      <input_file id="fl-8b">
         <path>/Applications/ti/ccs1000/ccs/tools/compiler/ti-cgt-msp430_20.2.0.LTS/lib/</path>
         <kind>archive</kind>
         <file>rts430x_lc_ld_eabi_se.lib</file>
         <name>mpu_init.c.obj</name>
      </input_file>
      <input_file id="fl-8c">
         <path>/Applications/ti/ccs1000/ccs/tools/compiler/ti-cgt-msp430_20.2.0.LTS/lib/</path>
         <kind>archive</kind>
         <file>rts430x_lc_ld_eabi_se.lib</file>
         <name>args_main.c.obj</name>
      </input_file>
      <input_file id="fl-8d">
         <path>/Applications/ti/ccs1000/ccs/tools/compiler/ti-cgt-msp430_20.2.0.LTS/lib/</path>
         <kind>archive</kind>
         <file>rts430x_lc_ld_eabi_se.lib</file>
         <name>autoinit.c.obj</name>
      </input_file>
      <input_file id="fl-8e">
         <path>/Applications/ti/ccs1000/ccs/tools/compiler/ti-cgt-msp430_20.2.0.LTS/lib/</path>
         <kind>archive</kind>
         <file>rts430x_lc_ld_eabi_se.lib</file>
         <name>asr32.asm.obj</name>
      </input_file>
      <input_file id="fl-8f">
         <path>/Applications/ti/ccs1000/ccs/tools/compiler/ti-cgt-msp430_20.2.0.LTS/lib/</path>
         <kind>archive</kind>
         <file>rts430x_lc_ld_eabi_se.lib</file>
         <name>startup.c.obj</name>
      </input_file>
      <input_file id="fl-90">
         <path>/Applications/ti/ccs1000/ccs/tools/compiler/ti-cgt-msp430_20.2.0.LTS/lib/</path>
         <kind>archive</kind>
         <file>rts430x_lc_ld_eabi_se.lib</file>
         <name>cpy_tbl.c.obj</name>
      </input_file>
      <input_file id="fl-91">
         <path>/Applications/ti/ccs1000/ccs/tools/compiler/ti-cgt-msp430_20.2.0.LTS/lib/</path>
         <kind>archive</kind>
         <file>rts430x_lc_ld_eabi_se.lib</file>
         <name>exit.c.obj</name>
      </input_file>
      <input_file id="fl-92">
         <path>/Applications/ti/ccs1000/ccs/tools/compiler/ti-cgt-msp430_20.2.0.LTS/lib/</path>
         <kind>archive</kind>
         <file>rts430x_lc_ld_eabi_se.lib</file>
         <name>exit_gvars.c.obj</name>
      </input_file>
      <input_file id="fl-93">
         <path>/Applications/ti/ccs1000/ccs/tools/compiler/ti-cgt-msp430_20.2.0.LTS/lib/</path>
         <kind>archive</kind>
         <file>rts430x_lc_ld_eabi_se.lib</file>
         <name>_lock.c.obj</name>
      </input_file>
      <input_file id="fl-94">
         <path>/Applications/ti/ccs1000/ccs/tools/compiler/ti-cgt-msp430_20.2.0.LTS/lib/</path>
         <kind>archive</kind>
         <file>rts430x_lc_ld_eabi_se.lib</file>
         <name>memcpy.c.obj</name>
      </input_file>
      <input_file id="fl-95">
         <path>/Applications/ti/ccs1000/ccs/tools/compiler/ti-cgt-msp430_20.2.0.LTS/lib/</path>
         <kind>archive</kind>
         <file>rts430x_lc_ld_eabi_se.lib</file>
         <name>memset.c.obj</name>
      </input_file>
      <input_file id="fl-96">
         <path>/Applications/ti/ccs1000/ccs/tools/compiler/ti-cgt-msp430_20.2.0.LTS/lib/</path>
         <kind>archive</kind>
         <file>rts430x_lc_ld_eabi_se.lib</file>
         <name>printf.c.obj</name>
      </input_file>
      <input_file id="fl-97">
         <path>/Applications/ti/ccs1000/ccs/tools/compiler/ti-cgt-msp430_20.2.0.LTS/lib/</path>
         <kind>archive</kind>
         <file>rts430x_lc_ld_eabi_se.lib</file>
         <name>_printfi.c.obj</name>
      </input_file>
      <input_file id="fl-98">
         <path>/Applications/ti/ccs1000/ccs/tools/compiler/ti-cgt-msp430_20.2.0.LTS/lib/</path>
         <kind>archive</kind>
         <file>rts430x_lc_ld_eabi_se.lib</file>
         <name>_ltoa.c.obj</name>
      </input_file>
      <input_file id="fl-99">
         <path>/Applications/ti/ccs1000/ccs/tools/compiler/ti-cgt-msp430_20.2.0.LTS/lib/</path>
         <kind>archive</kind>
         <file>rts430x_lc_ld_eabi_se.lib</file>
         <name>cmpd.c.obj</name>
      </input_file>
      <input_file id="fl-9a">
         <path>/Applications/ti/ccs1000/ccs/tools/compiler/ti-cgt-msp430_20.2.0.LTS/lib/</path>
         <kind>archive</kind>
         <file>rts430x_lc_ld_eabi_se.lib</file>
         <name>divd.c.obj</name>
      </input_file>
      <input_file id="fl-9b">
         <path>/Applications/ti/ccs1000/ccs/tools/compiler/ti-cgt-msp430_20.2.0.LTS/lib/</path>
         <kind>archive</kind>
         <file>rts430x_lc_ld_eabi_se.lib</file>
         <name>frcdivd.c.obj</name>
      </input_file>
      <input_file id="fl-9c">
         <path>/Applications/ti/ccs1000/ccs/tools/compiler/ti-cgt-msp430_20.2.0.LTS/lib/</path>
         <kind>archive</kind>
         <file>rts430x_lc_ld_eabi_se.lib</file>
         <name>div64u.c.obj</name>
      </input_file>
      <input_file id="fl-9d">
         <path>/Applications/ti/ccs1000/ccs/tools/compiler/ti-cgt-msp430_20.2.0.LTS/lib/</path>
         <kind>archive</kind>
         <file>rts430x_lc_ld_eabi_se.lib</file>
         <name>fixdi.c.obj</name>
      </input_file>
      <input_file id="fl-9e">
         <path>/Applications/ti/ccs1000/ccs/tools/compiler/ti-cgt-msp430_20.2.0.LTS/lib/</path>
         <kind>archive</kind>
         <file>rts430x_lc_ld_eabi_se.lib</file>
         <name>fixdli.c.obj</name>
      </input_file>
      <input_file id="fl-9f">
         <path>/Applications/ti/ccs1000/ccs/tools/compiler/ti-cgt-msp430_20.2.0.LTS/lib/</path>
         <kind>archive</kind>
         <file>rts430x_lc_ld_eabi_se.lib</file>
         <name>fltid.c.obj</name>
      </input_file>
      <input_file id="fl-a0">
         <path>/Applications/ti/ccs1000/ccs/tools/compiler/ti-cgt-msp430_20.2.0.LTS/lib/</path>
         <kind>archive</kind>
         <file>rts430x_lc_ld_eabi_se.lib</file>
         <name>fltlid.c.obj</name>
      </input_file>
      <input_file id="fl-a1">
         <path>/Applications/ti/ccs1000/ccs/tools/compiler/ti-cgt-msp430_20.2.0.LTS/lib/</path>
         <kind>archive</kind>
         <file>rts430x_lc_ld_eabi_se.lib</file>
         <name>mpyd.c.obj</name>
      </input_file>
      <input_file id="fl-a2">
         <path>/Applications/ti/ccs1000/ccs/tools/compiler/ti-cgt-msp430_20.2.0.LTS/lib/</path>
         <kind>archive</kind>
         <file>rts430x_lc_ld_eabi_se.lib</file>
         <name>frcmpyd.c.obj</name>
      </input_file>
      <input_file id="fl-a3">
         <path>/Applications/ti/ccs1000/ccs/tools/compiler/ti-cgt-msp430_20.2.0.LTS/lib/</path>
         <kind>archive</kind>
         <file>rts430x_lc_ld_eabi_se.lib</file>
         <name>negd.c.obj</name>
      </input_file>
      <input_file id="fl-a4">
         <path>/Applications/ti/ccs1000/ccs/tools/compiler/ti-cgt-msp430_20.2.0.LTS/lib/</path>
         <kind>archive</kind>
         <file>rts430x_lc_ld_eabi_se.lib</file>
         <name>lsl32.asm.obj</name>
      </input_file>
      <input_file id="fl-a5">
         <path>/Applications/ti/ccs1000/ccs/tools/compiler/ti-cgt-msp430_20.2.0.LTS/lib/</path>
         <kind>archive</kind>
         <file>rts430x_lc_ld_eabi_se.lib</file>
         <name>lsl64.c.obj</name>
      </input_file>
      <input_file id="fl-a6">
         <path>/Applications/ti/ccs1000/ccs/tools/compiler/ti-cgt-msp430_20.2.0.LTS/lib/</path>
         <kind>archive</kind>
         <file>rts430x_lc_ld_eabi_se.lib</file>
         <name>lsr32.asm.obj</name>
      </input_file>
      <input_file id="fl-a7">
         <path>/Applications/ti/ccs1000/ccs/tools/compiler/ti-cgt-msp430_20.2.0.LTS/lib/</path>
         <kind>archive</kind>
         <file>rts430x_lc_ld_eabi_se.lib</file>
         <name>lsr64.c.obj</name>
      </input_file>
      <input_file id="fl-a8">
         <path>/Applications/ti/ccs1000/ccs/tools/compiler/ti-cgt-msp430_20.2.0.LTS/lib/</path>
         <kind>archive</kind>
         <file>rts430x_lc_ld_eabi_se.lib</file>
         <name>subd.c.obj</name>
      </input_file>
      <input_file id="fl-a9">
         <path>/Applications/ti/ccs1000/ccs/tools/compiler/ti-cgt-msp430_20.2.0.LTS/lib/</path>
         <kind>archive</kind>
         <file>rts430x_lc_ld_eabi_se.lib</file>
         <name>addd.c.obj</name>
      </input_file>
      <input_file id="fl-aa">
         <path>/Applications/ti/ccs1000/ccs/tools/compiler/ti-cgt-msp430_20.2.0.LTS/lib/</path>
         <kind>archive</kind>
         <file>rts430x_lc_ld_eabi_se.lib</file>
         <name>frcaddd.c.obj</name>
      </input_file>
      <input_file id="fl-ab">
         <path>/Applications/ti/ccs1000/ccs/tools/compiler/ti-cgt-msp430_20.2.0.LTS/lib/</path>
         <kind>archive</kind>
         <file>rts430x_lc_ld_eabi_se.lib</file>
         <name>renormd.c.obj</name>
      </input_file>
      <input_file id="fl-ac">
         <path>/Applications/ti/ccs1000/ccs/tools/compiler/ti-cgt-msp430_20.2.0.LTS/lib/</path>
         <kind>archive</kind>
         <file>rts430x_lc_ld_eabi_se.lib</file>
         <name>defs.c.obj</name>
      </input_file>
      <input_file id="fl-ad">
         <path>/Applications/ti/ccs1000/ccs/tools/compiler/ti-cgt-msp430_20.2.0.LTS/lib/</path>
         <kind>archive</kind>
         <file>rts430x_lc_ld_eabi_se.lib</file>
         <name>abs.c.obj</name>
      </input_file>
      <input_file id="fl-ae">
         <path>/Applications/ti/ccs1000/ccs/tools/compiler/ti-cgt-msp430_20.2.0.LTS/lib/</path>
         <kind>archive</kind>
         <file>rts430x_lc_ld_eabi_se.lib</file>
         <name>atoi.c.obj</name>
      </input_file>
      <input_file id="fl-af">
         <path>/Applications/ti/ccs1000/ccs/tools/compiler/ti-cgt-msp430_20.2.0.LTS/lib/</path>
         <kind>archive</kind>
         <file>rts430x_lc_ld_eabi_se.lib</file>
         <name>ctype.c.obj</name>
      </input_file>
      <input_file id="fl-b0">
         <path>/Applications/ti/ccs1000/ccs/tools/compiler/ti-cgt-msp430_20.2.0.LTS/lib/</path>
         <kind>archive</kind>
         <file>rts430x_lc_ld_eabi_se.lib</file>
         <name>errno.c.obj</name>
      </input_file>
      <input_file id="fl-b1">
         <path>/Applications/ti/ccs1000/ccs/tools/compiler/ti-cgt-msp430_20.2.0.LTS/lib/</path>
         <kind>archive</kind>
         <file>rts430x_lc_ld_eabi_se.lib</file>
         <name>fputc.c.obj</name>
      </input_file>
      <input_file id="fl-b2">
         <path>/Applications/ti/ccs1000/ccs/tools/compiler/ti-cgt-msp430_20.2.0.LTS/lib/</path>
         <kind>archive</kind>
         <file>rts430x_lc_ld_eabi_se.lib</file>
         <name>fflush.c.obj</name>
      </input_file>
      <input_file id="fl-b3">
         <path>/Applications/ti/ccs1000/ccs/tools/compiler/ti-cgt-msp430_20.2.0.LTS/lib/</path>
         <kind>archive</kind>
         <file>rts430x_lc_ld_eabi_se.lib</file>
         <name>_io_perm.c.obj</name>
      </input_file>
      <input_file id="fl-b4">
         <path>/Applications/ti/ccs1000/ccs/tools/compiler/ti-cgt-msp430_20.2.0.LTS/lib/</path>
         <kind>archive</kind>
         <file>rts430x_lc_ld_eabi_se.lib</file>
         <name>fputs.c.obj</name>
      </input_file>
      <input_file id="fl-b5">
         <path>/Applications/ti/ccs1000/ccs/tools/compiler/ti-cgt-msp430_20.2.0.LTS/lib/</path>
         <kind>archive</kind>
         <file>rts430x_lc_ld_eabi_se.lib</file>
         <name>s_frexp.c.obj</name>
      </input_file>
      <input_file id="fl-b6">
         <path>/Applications/ti/ccs1000/ccs/tools/compiler/ti-cgt-msp430_20.2.0.LTS/lib/</path>
         <kind>archive</kind>
         <file>rts430x_lc_ld_eabi_se.lib</file>
         <name>fseek.c.obj</name>
      </input_file>
      <input_file id="fl-b7">
         <path>/Applications/ti/ccs1000/ccs/tools/compiler/ti-cgt-msp430_20.2.0.LTS/lib/</path>
         <kind>archive</kind>
         <file>rts430x_lc_ld_eabi_se.lib</file>
         <name>s_scalbn.c.obj</name>
      </input_file>
      <input_file id="fl-b8">
         <path>/Applications/ti/ccs1000/ccs/tools/compiler/ti-cgt-msp430_20.2.0.LTS/lib/</path>
         <kind>archive</kind>
         <file>rts430x_lc_ld_eabi_se.lib</file>
         <name>s_copysign.c.obj</name>
      </input_file>
      <input_file id="fl-b9">
         <path>/Applications/ti/ccs1000/ccs/tools/compiler/ti-cgt-msp430_20.2.0.LTS/lib/</path>
         <kind>archive</kind>
         <file>rts430x_lc_ld_eabi_se.lib</file>
         <name>lseek.c.obj</name>
      </input_file>
      <input_file id="fl-ba">
         <path>/Applications/ti/ccs1000/ccs/tools/compiler/ti-cgt-msp430_20.2.0.LTS/lib/</path>
         <kind>archive</kind>
         <file>rts430x_lc_ld_eabi_se.lib</file>
         <name>host_device.c.obj</name>
      </input_file>
      <input_file id="fl-bb">
         <path>/Applications/ti/ccs1000/ccs/tools/compiler/ti-cgt-msp430_20.2.0.LTS/lib/</path>
         <kind>archive</kind>
         <file>rts430x_lc_ld_eabi_se.lib</file>
         <name>hostclose.c.obj</name>
      </input_file>
      <input_file id="fl-bc">
         <path>/Applications/ti/ccs1000/ccs/tools/compiler/ti-cgt-msp430_20.2.0.LTS/lib/</path>
         <kind>archive</kind>
         <file>rts430x_lc_ld_eabi_se.lib</file>
         <name>hostlseek.c.obj</name>
      </input_file>
      <input_file id="fl-bd">
         <path>/Applications/ti/ccs1000/ccs/tools/compiler/ti-cgt-msp430_20.2.0.LTS/lib/</path>
         <kind>archive</kind>
         <file>rts430x_lc_ld_eabi_se.lib</file>
         <name>hostopen.c.obj</name>
      </input_file>
      <input_file id="fl-be">
         <path>/Applications/ti/ccs1000/ccs/tools/compiler/ti-cgt-msp430_20.2.0.LTS/lib/</path>
         <kind>archive</kind>
         <file>rts430x_lc_ld_eabi_se.lib</file>
         <name>hostread.c.obj</name>
      </input_file>
      <input_file id="fl-bf">
         <path>/Applications/ti/ccs1000/ccs/tools/compiler/ti-cgt-msp430_20.2.0.LTS/lib/</path>
         <kind>archive</kind>
         <file>rts430x_lc_ld_eabi_se.lib</file>
         <name>hostrename.c.obj</name>
      </input_file>
      <input_file id="fl-c0">
         <path>/Applications/ti/ccs1000/ccs/tools/compiler/ti-cgt-msp430_20.2.0.LTS/lib/</path>
         <kind>archive</kind>
         <file>rts430x_lc_ld_eabi_se.lib</file>
         <name>hostunlink.c.obj</name>
      </input_file>
      <input_file id="fl-c1">
         <path>/Applications/ti/ccs1000/ccs/tools/compiler/ti-cgt-msp430_20.2.0.LTS/lib/</path>
         <kind>archive</kind>
         <file>rts430x_lc_ld_eabi_se.lib</file>
         <name>hostwrite.c.obj</name>
      </input_file>
      <input_file id="fl-c2">
         <path>/Applications/ti/ccs1000/ccs/tools/compiler/ti-cgt-msp430_20.2.0.LTS/lib/</path>
         <kind>archive</kind>
         <file>rts430x_lc_ld_eabi_se.lib</file>
         <name>trgmsg.c.obj</name>
      </input_file>
      <input_file id="fl-c3">
         <path>/Applications/ti/ccs1000/ccs/tools/compiler/ti-cgt-msp430_20.2.0.LTS/lib/</path>
         <kind>archive</kind>
         <file>rts430x_lc_ld_eabi_se.lib</file>
         <name>memccpy.c.obj</name>
      </input_file>
      <input_file id="fl-c4">
         <path>/Applications/ti/ccs1000/ccs/tools/compiler/ti-cgt-msp430_20.2.0.LTS/lib/</path>
         <kind>archive</kind>
         <file>rts430x_lc_ld_eabi_se.lib</file>
         <name>memchr.c.obj</name>
      </input_file>
      <input_file id="fl-c5">
         <path>/Applications/ti/ccs1000/ccs/tools/compiler/ti-cgt-msp430_20.2.0.LTS/lib/</path>
         <kind>archive</kind>
         <file>rts430x_lc_ld_eabi_se.lib</file>
         <name>setvbuf.c.obj</name>
      </input_file>
      <input_file id="fl-c6">
         <path>/Applications/ti/ccs1000/ccs/tools/compiler/ti-cgt-msp430_20.2.0.LTS/lib/</path>
         <kind>archive</kind>
         <file>rts430x_lc_ld_eabi_se.lib</file>
         <name>fopen.c.obj</name>
      </input_file>
      <input_file id="fl-c7">
         <path>/Applications/ti/ccs1000/ccs/tools/compiler/ti-cgt-msp430_20.2.0.LTS/lib/</path>
         <kind>archive</kind>
         <file>rts430x_lc_ld_eabi_se.lib</file>
         <name>fclose.c.obj</name>
      </input_file>
      <input_file id="fl-c8">
         <path>/Applications/ti/ccs1000/ccs/tools/compiler/ti-cgt-msp430_20.2.0.LTS/lib/</path>
         <kind>archive</kind>
         <file>rts430x_lc_ld_eabi_se.lib</file>
         <name>close.c.obj</name>
      </input_file>
      <input_file id="fl-c9">
         <path>/Applications/ti/ccs1000/ccs/tools/compiler/ti-cgt-msp430_20.2.0.LTS/lib/</path>
         <kind>archive</kind>
         <file>rts430x_lc_ld_eabi_se.lib</file>
         <name>memory.c.obj</name>
      </input_file>
      <input_file id="fl-ca">
         <path>/Applications/ti/ccs1000/ccs/tools/compiler/ti-cgt-msp430_20.2.0.LTS/lib/</path>
         <kind>archive</kind>
         <file>rts430x_lc_ld_eabi_se.lib</file>
         <name>open.c.obj</name>
      </input_file>
      <input_file id="fl-cb">
         <path>/Applications/ti/ccs1000/ccs/tools/compiler/ti-cgt-msp430_20.2.0.LTS/lib/</path>
         <kind>archive</kind>
         <file>rts430x_lc_ld_eabi_se.lib</file>
         <name>getdevice.c.obj</name>
      </input_file>
      <input_file id="fl-cc">
         <path>/Applications/ti/ccs1000/ccs/tools/compiler/ti-cgt-msp430_20.2.0.LTS/lib/</path>
         <kind>archive</kind>
         <file>rts430x_lc_ld_eabi_se.lib</file>
         <name>remove.c.obj</name>
      </input_file>
      <input_file id="fl-cd">
         <path>/Applications/ti/ccs1000/ccs/tools/compiler/ti-cgt-msp430_20.2.0.LTS/lib/</path>
         <kind>archive</kind>
         <file>rts430x_lc_ld_eabi_se.lib</file>
         <name>sprintf.c.obj</name>
      </input_file>
      <input_file id="fl-ce">
         <path>/Applications/ti/ccs1000/ccs/tools/compiler/ti-cgt-msp430_20.2.0.LTS/lib/</path>
         <kind>archive</kind>
         <file>rts430x_lc_ld_eabi_se.lib</file>
         <name>strchr.c.obj</name>
      </input_file>
      <input_file id="fl-cf">
         <path>/Applications/ti/ccs1000/ccs/tools/compiler/ti-cgt-msp430_20.2.0.LTS/lib/</path>
         <kind>archive</kind>
         <file>rts430x_lc_ld_eabi_se.lib</file>
         <name>strcmp.c.obj</name>
      </input_file>
      <input_file id="fl-d0">
         <path>/Applications/ti/ccs1000/ccs/tools/compiler/ti-cgt-msp430_20.2.0.LTS/lib/</path>
         <kind>archive</kind>
         <file>rts430x_lc_ld_eabi_se.lib</file>
         <name>strcpy.c.obj</name>
      </input_file>
      <input_file id="fl-d1">
         <path>/Applications/ti/ccs1000/ccs/tools/compiler/ti-cgt-msp430_20.2.0.LTS/lib/</path>
         <kind>archive</kind>
         <file>rts430x_lc_ld_eabi_se.lib</file>
         <name>strlen.c.obj</name>
      </input_file>
      <input_file id="fl-d2">
         <path>/Applications/ti/ccs1000/ccs/tools/compiler/ti-cgt-msp430_20.2.0.LTS/lib/</path>
         <kind>archive</kind>
         <file>rts430x_lc_ld_eabi_se.lib</file>
         <name>strncpy.c.obj</name>
      </input_file>
      <input_file id="fl-d3">
         <path>/Applications/ti/ccs1000/ccs/tools/compiler/ti-cgt-msp430_20.2.0.LTS/lib/</path>
         <kind>archive</kind>
         <file>rts430x_lc_ld_eabi_se.lib</file>
         <name>toupper.c.obj</name>
      </input_file>
      <input_file id="fl-d4">
         <path>/Applications/ti/ccs1000/ccs/tools/compiler/ti-cgt-msp430_20.2.0.LTS/lib/</path>
         <kind>archive</kind>
         <file>rts430x_lc_ld_eabi_se.lib</file>
         <name>unlink.c.obj</name>
      </input_file>
      <input_file id="fl-d5">
         <path>/Applications/ti/ccs1000/ccs/tools/compiler/ti-cgt-msp430_20.2.0.LTS/lib/</path>
         <kind>archive</kind>
         <file>rts430x_lc_ld_eabi_se.lib</file>
         <name>wcslen.c.obj</name>
      </input_file>
      <input_file id="fl-d6">
         <path>/Applications/ti/ccs1000/ccs/tools/compiler/ti-cgt-msp430_20.2.0.LTS/lib/</path>
         <kind>archive</kind>
         <file>rts430x_lc_ld_eabi_se.lib</file>
         <name>write.c.obj</name>
      </input_file>
   </input_file_list>
   <object_component_list>
      <object_component id="oc-699">
         <name>.sysmem</name>
         <uninitialized>true</uninitialized>
         <run_address>0x4000</run_address>
         <size>0x8</size>
         <input_file_ref idref="fl-c9"/>
      </object_component>
      <object_component id="oc-eb0">
         <name>.sysmem</name>
         <uninitialized>true</uninitialized>
         <run_address>0x4000</run_address>
         <size>0x0</size>
      </object_component>
      <object_component id="oc-ead">
         <name>.cinit..data.load</name>
         <load_address>0x4c3a</load_address>
         <run_address>0x4c3a</run_address>
         <size>0x63</size>
      </object_component>
      <object_component id="oc-eaa">
         <name>__TI_handler_table</name>
         <load_address>0x4c9e</load_address>
         <run_address>0x4c9e</run_address>
         <size>0xc</size>
      </object_component>
      <object_component id="oc-eae">
         <name>.cinit..TI.bound:VMWorkingSpace.load</name>
         <load_address>0x4caa</load_address>
         <run_address>0x4caa</run_address>
         <size>0x6</size>
      </object_component>
      <object_component id="oc-eac">
         <name>.cinit..bss.load</name>
         <load_address>0x4cb0</load_address>
         <run_address>0x4cb0</run_address>
         <size>0x6</size>
      </object_component>
      <object_component id="oc-eab">
         <name>__TI_cinit_table</name>
         <load_address>0x4cb6</load_address>
         <run_address>0x4cb6</run_address>
         <size>0x18</size>
      </object_component>
      <object_component id="oc-e39">
         <name>.binit</name>
         <load_address>0x4000</load_address>
         <run_address>0x4000</run_address>
         <size>0x0</size>
      </object_component>
      <object_component id="oc-6b9">
         <name>.text:_isr:Port_8</name>
         <load_address>0x4400</load_address>
         <run_address>0x4400</run_address>
         <size>0x9c</size>
         <input_file_ref idref="fl-2"/>
      </object_component>
      <object_component id="oc-6bf">
         <name>.text:_isr:Port_5</name>
         <load_address>0x449c</load_address>
         <run_address>0x449c</run_address>
         <size>0x4e</size>
         <input_file_ref idref="fl-2"/>
      </object_component>
      <object_component id="oc-6d1">
         <name>.text:_isr:ADC12_ISR</name>
         <load_address>0x44ea</load_address>
         <run_address>0x44ea</run_address>
         <size>0x24</size>
         <input_file_ref idref="fl-2"/>
      </object_component>
      <object_component id="oc-6e9">
         <name>.text:_isr:_c_int00_noargs</name>
         <load_address>0x450e</load_address>
         <run_address>0x450e</run_address>
         <size>0x1c</size>
         <input_file_ref idref="fl-8a"/>
      </object_component>
      <object_component id="oc-6c5">
         <name>.text:_isr:v4RunTimeStatsTimerOverflow</name>
         <load_address>0x452a</load_address>
         <run_address>0x452a</run_address>
         <size>0x1a</size>
         <input_file_ref idref="fl-2"/>
      </object_component>
      <object_component id="oc-6cb">
         <name>.text:_isr:vTickISREntry</name>
         <load_address>0x4544</load_address>
         <run_address>0x4544</run_address>
         <size>0x10</size>
         <input_file_ref idref="fl-f"/>
      </object_component>
      <object_component id="oc-6b4">
         <name>.text:_isr:__TI_ISR_TRAP</name>
         <load_address>0x4554</load_address>
         <run_address>0x4554</run_address>
         <size>0x8</size>
         <input_file_ref idref="fl-5c"/>
      </object_component>
      <object_component id="oc-c15">
         <name>.const:.string</name>
         <load_address>0x455c</load_address>
         <run_address>0x455c</run_address>
         <size>0x21c</size>
         <input_file_ref idref="fl-6"/>
      </object_component>
      <object_component id="oc-7e8">
         <name>.const:.string</name>
         <load_address>0x4778</load_address>
         <run_address>0x4778</run_address>
         <size>0x10e</size>
         <input_file_ref idref="fl-4"/>
      </object_component>
      <object_component id="oc-a0e">
         <name>.const:.string</name>
         <load_address>0x4886</load_address>
         <run_address>0x4886</run_address>
         <size>0xf2</size>
         <input_file_ref idref="fl-5"/>
      </object_component>
      <object_component id="oc-a1d">
         <name>.const:.string</name>
         <load_address>0x4978</load_address>
         <run_address>0x4978</run_address>
         <size>0x68</size>
         <input_file_ref idref="fl-12"/>
      </object_component>
      <object_component id="oc-72e">
         <name>.const:.string</name>
         <load_address>0x49e0</load_address>
         <run_address>0x49e0</run_address>
         <size>0x58</size>
         <input_file_ref idref="fl-2"/>
      </object_component>
      <object_component id="oc-aa7">
         <name>.const:.string</name>
         <load_address>0x4a38</load_address>
         <run_address>0x4a38</run_address>
         <size>0x4a</size>
         <input_file_ref idref="fl-13"/>
      </object_component>
      <object_component id="oc-ac8">
         <name>.const:.string</name>
         <load_address>0x4a82</load_address>
         <run_address>0x4a82</run_address>
         <size>0x32</size>
         <input_file_ref idref="fl-d"/>
      </object_component>
      <object_component id="oc-b7a">
         <name>.const:.string:CC1101_GFSK_100_kb</name>
         <load_address>0x4ab4</load_address>
         <run_address>0x4ab4</run_address>
         <size>0x2f</size>
         <input_file_ref idref="fl-4"/>
      </object_component>
      <object_component id="oc-a57">
         <name>.const</name>
         <load_address>0x4ae3</load_address>
         <run_address>0x4ae3</run_address>
         <size>0x1</size>
         <input_file_ref idref="fl-6"/>
      </object_component>
      <object_component id="oc-b7d">
         <name>.const:.string:CC1101_GFSK_1_2_kb</name>
         <load_address>0x4ae4</load_address>
         <run_address>0x4ae4</run_address>
         <size>0x2f</size>
         <input_file_ref idref="fl-4"/>
      </object_component>
      <object_component id="oc-b68">
         <name>.const:.string:CC1101_GFSK_38_4_kb</name>
         <load_address>0x4b14</load_address>
         <run_address>0x4b14</run_address>
         <size>0x2f</size>
         <input_file_ref idref="fl-4"/>
      </object_component>
      <object_component id="oc-b77">
         <name>.const:.string:CC1101_MSK_250_kb</name>
         <load_address>0x4b44</load_address>
         <run_address>0x4b44</run_address>
         <size>0x2f</size>
         <input_file_ref idref="fl-4"/>
      </object_component>
      <object_component id="oc-b74">
         <name>.const:.string:CC1101_MSK_500_kb</name>
         <load_address>0x4b74</load_address>
         <run_address>0x4b74</run_address>
         <size>0x2f</size>
         <input_file_ref idref="fl-4"/>
      </object_component>
      <object_component id="oc-b71">
         <name>.const:.string:CC1101_OOK_4_8_kb</name>
         <load_address>0x4ba4</load_address>
         <run_address>0x4ba4</run_address>
         <size>0x2f</size>
         <input_file_ref idref="fl-4"/>
      </object_component>
      <object_component id="oc-83e">
         <name>.const:GPIO_PORT_TO_BASE</name>
         <load_address>0x4bd4</load_address>
         <run_address>0x4bd4</run_address>
         <size>0x1c</size>
         <input_file_ref idref="fl-24"/>
      </object_component>
      <object_component id="oc-a7d">
         <name>.const:$P$T1$4</name>
         <load_address>0x4bf0</load_address>
         <run_address>0x4bf0</run_address>
         <size>0xc</size>
         <input_file_ref idref="fl-5"/>
      </object_component>
      <object_component id="oc-b90">
         <name>.const:.string:patable_power_315</name>
         <load_address>0x4bfc</load_address>
         <run_address>0x4bfc</run_address>
         <size>0x8</size>
         <input_file_ref idref="fl-4"/>
      </object_component>
      <object_component id="oc-b8d">
         <name>.const:.string:patable_power_433</name>
         <load_address>0x4c04</load_address>
         <run_address>0x4c04</run_address>
         <size>0x8</size>
         <input_file_ref idref="fl-4"/>
      </object_component>
      <object_component id="oc-b87">
         <name>.const:.string:patable_power_868</name>
         <load_address>0x4c0c</load_address>
         <run_address>0x4c0c</run_address>
         <size>0x8</size>
         <input_file_ref idref="fl-4"/>
      </object_component>
      <object_component id="oc-b8a">
         <name>.const:.string:patable_power_915</name>
         <load_address>0x4c14</load_address>
         <run_address>0x4c14</run_address>
         <size>0x8</size>
         <input_file_ref idref="fl-4"/>
      </object_component>
      <object_component id="oc-cc1">
         <name>.const:.string</name>
         <load_address>0x4c1c</load_address>
         <run_address>0x4c1c</run_address>
         <size>0x8</size>
         <input_file_ref idref="fl-e"/>
      </object_component>
      <object_component id="oc-a21">
         <name>.const</name>
         <load_address>0x4c24</load_address>
         <run_address>0x4c24</run_address>
         <size>0x8</size>
         <input_file_ref idref="fl-12"/>
      </object_component>
      <object_component id="oc-c93">
         <name>.const:$P$T0$1</name>
         <load_address>0x4c2c</load_address>
         <run_address>0x4c2c</run_address>
         <size>0x5</size>
         <input_file_ref idref="fl-6"/>
      </object_component>
      <object_component id="oc-a7a">
         <name>.const:$P$T0$3</name>
         <load_address>0x4c31</load_address>
         <run_address>0x4c31</run_address>
         <size>0x5</size>
         <input_file_ref idref="fl-5"/>
      </object_component>
      <object_component id="oc-73d">
         <name>.const</name>
         <load_address>0x4c36</load_address>
         <run_address>0x4c36</run_address>
         <size>0x4</size>
         <input_file_ref idref="fl-2"/>
      </object_component>
      <object_component id="oc-896">
         <name>.text:RFHandleReceive</name>
         <load_address>0x34000</load_address>
         <run_address>0x34000</run_address>
         <size>0x2d4</size>
         <input_file_ref idref="fl-5"/>
      </object_component>
      <object_component id="oc-e27">
         <name>.text:xQueueGenericSend</name>
         <load_address>0x342d4</load_address>
         <run_address>0x342d4</run_address>
         <size>0x1ac</size>
         <input_file_ref idref="fl-b"/>
      </object_component>
      <object_component id="oc-a86">
         <name>.text:xQueueReceive</name>
         <load_address>0x34480</load_address>
         <run_address>0x34480</run_address>
         <size>0x196</size>
         <input_file_ref idref="fl-b"/>
      </object_component>
      <object_component id="oc-a8e">
         <name>.text:pvPortMalloc</name>
         <load_address>0x34616</load_address>
         <run_address>0x34616</run_address>
         <size>0x16e</size>
         <input_file_ref idref="fl-11"/>
      </object_component>
      <object_component id="oc-869">
         <name>.text:prvSetupHardware</name>
         <load_address>0x34784</load_address>
         <run_address>0x34784</run_address>
         <size>0x168</size>
         <input_file_ref idref="fl-2"/>
      </object_component>
      <object_component id="oc-dbe">
         <name>.text:prvProcessReceivedCommands</name>
         <load_address>0x348ec</load_address>
         <run_address>0x348ec</run_address>
         <size>0x166</size>
         <input_file_ref idref="fl-e"/>
      </object_component>
      <object_component id="oc-84c">
         <name>.text:xTaskIncrementTick</name>
         <load_address>0x34a52</load_address>
         <run_address>0x34a52</run_address>
         <size>0x15c</size>
         <input_file_ref idref="fl-d"/>
      </object_component>
      <object_component id="oc-852">
         <name>.text:vTaskSwitchContext</name>
         <load_address>0x34bae</load_address>
         <run_address>0x34bae</run_address>
         <size>0x152</size>
         <input_file_ref idref="fl-d"/>
      </object_component>
      <object_component id="oc-b3b">
         <name>.text:CS_setDCOFreq</name>
         <load_address>0x34d00</load_address>
         <run_address>0x34d00</run_address>
         <size>0x140</size>
         <input_file_ref idref="fl-1b"/>
      </object_component>
      <object_component id="oc-a94">
         <name>.text:prvInitialiseNewTask</name>
         <load_address>0x34e40</load_address>
         <run_address>0x34e40</run_address>
         <size>0x116</size>
         <input_file_ref idref="fl-d"/>
      </object_component>
      <object_component id="oc-9e7">
         <name>.text:set_ISM</name>
         <load_address>0x34f56</load_address>
         <run_address>0x34f56</run_address>
         <size>0x116</size>
         <input_file_ref idref="fl-4"/>
      </object_component>
      <object_component id="oc-a62">
         <name>.text:xTaskGenericNotify</name>
         <load_address>0x3506c</load_address>
         <run_address>0x3506c</run_address>
         <size>0x10e</size>
         <input_file_ref idref="fl-d"/>
      </object_component>
      <object_component id="oc-bc0">
         <name>.text:xTaskResumeAll</name>
         <load_address>0x3517a</load_address>
         <run_address>0x3517a</run_address>
         <size>0x106</size>
         <input_file_ref idref="fl-d"/>
      </object_component>
      <object_component id="oc-72f">
         <name>.text:print2uart</name>
         <load_address>0x35280</load_address>
         <run_address>0x35280</run_address>
         <size>0xf8</size>
         <input_file_ref idref="fl-15"/>
      </object_component>
      <object_component id="oc-884">
         <name>.text:failureRecovery</name>
         <load_address>0x35378</load_address>
         <run_address>0x35378</run_address>
         <size>0xe0</size>
         <input_file_ref idref="fl-12"/>
      </object_component>
      <object_component id="oc-c50">
         <name>.text:prvHeapInit</name>
         <load_address>0x35458</load_address>
         <run_address>0x35458</run_address>
         <size>0xd8</size>
         <input_file_ref idref="fl-11"/>
      </object_component>
      <object_component id="oc-a74">
         <name>.text:getDataRecord</name>
         <load_address>0x35530</load_address>
         <run_address>0x35530</run_address>
         <size>0xce</size>
         <input_file_ref idref="fl-6"/>
      </object_component>
      <object_component id="oc-86f">
         <name>.text:init_rf</name>
         <load_address>0x355fe</load_address>
         <run_address>0x355fe</run_address>
         <size>0xc6</size>
         <input_file_ref idref="fl-4"/>
      </object_component>
      <object_component id="oc-9aa">
         <name>.text:setFrequency</name>
         <load_address>0x356c4</load_address>
         <run_address>0x356c4</run_address>
         <size>0xc6</size>
         <input_file_ref idref="fl-15"/>
      </object_component>
      <object_component id="oc-890">
         <name>.text:DBConstructor</name>
         <load_address>0x3578a</load_address>
         <run_address>0x3578a</run_address>
         <size>0xbe</size>
         <input_file_ref idref="fl-6"/>
      </object_component>
      <object_component id="oc-c96">
         <name>.text:ulTaskNotifyTake</name>
         <load_address>0x35848</load_address>
         <run_address>0x35848</run_address>
         <size>0xbe</size>
         <input_file_ref idref="fl-d"/>
      </object_component>
      <object_component id="oc-a9a">
         <name>.text:prvAddNewTaskToReadyList</name>
         <load_address>0x35906</load_address>
         <run_address>0x35906</run_address>
         <size>0xb8</size>
         <input_file_ref idref="fl-d"/>
      </object_component>
      <object_component id="oc-a08">
         <name>.text:xQueueGenericReset</name>
         <load_address>0x359be</load_address>
         <run_address>0x359be</run_address>
         <size>0xb0</size>
         <input_file_ref idref="fl-b"/>
      </object_component>
      <object_component id="oc-737">
         <name>.text:get_packet</name>
         <load_address>0x35a6e</load_address>
         <run_address>0x35a6e</run_address>
         <size>0xae</size>
         <input_file_ref idref="fl-4"/>
      </object_component>
      <object_component id="oc-c37">
         <name>.text:prvUnlockQueue</name>
         <load_address>0x35b1c</load_address>
         <run_address>0x35b1c</run_address>
         <size>0xac</size>
         <input_file_ref idref="fl-b"/>
      </object_component>
      <object_component id="oc-a24">
         <name>.text:vPortFree</name>
         <load_address>0x35bc8</load_address>
         <run_address>0x35bc8</run_address>
         <size>0xac</size>
         <input_file_ref idref="fl-11"/>
      </object_component>
      <object_component id="oc-c43">
         <name>.text:xTaskCheckForTimeOut</name>
         <load_address>0x35c74</load_address>
         <run_address>0x35c74</run_address>
         <size>0xaa</size>
         <input_file_ref idref="fl-d"/>
      </object_component>
      <object_component id="oc-89c">
         <name>.text:xTaskCreate</name>
         <load_address>0x35d1e</load_address>
         <run_address>0x35d1e</run_address>
         <size>0xa8</size>
         <input_file_ref idref="fl-d"/>
      </object_component>
      <object_component id="oc-76b">
         <name>.text</name>
         <load_address>0x35dc6</load_address>
         <run_address>0x35dc6</run_address>
         <size>0xa6</size>
         <input_file_ref idref="fl-10"/>
      </object_component>
      <object_component id="oc-c7b">
         <name>.text:prvSearchForNameWithinSingleList</name>
         <load_address>0x35e6c</load_address>
         <run_address>0x35e6c</run_address>
         <size>0xa6</size>
         <input_file_ref idref="fl-d"/>
      </object_component>
      <object_component id="oc-e18">
         <name>.text:prvSwitchTimerLists</name>
         <load_address>0x35f12</load_address>
         <run_address>0x35f12</run_address>
         <size>0xa6</size>
         <input_file_ref idref="fl-e"/>
      </object_component>
      <object_component id="oc-aba">
         <name>.text:readRemoteDB</name>
         <load_address>0x35fb8</load_address>
         <run_address>0x35fb8</run_address>
         <size>0xa0</size>
         <input_file_ref idref="fl-6"/>
      </object_component>
      <object_component id="oc-81f">
         <name>.text:prvCopyDataToQueue</name>
         <load_address>0x36058</load_address>
         <run_address>0x36058</run_address>
         <size>0x9e</size>
         <input_file_ref idref="fl-b"/>
      </object_component>
      <object_component id="oc-c88">
         <name>.text:prvAddCurrentTaskToDelayedList</name>
         <load_address>0x360f6</load_address>
         <run_address>0x360f6</run_address>
         <size>0x9c</size>
         <input_file_ref idref="fl-d"/>
      </object_component>
      <object_component id="oc-b4c">
         <name>.text:EUSCI_A_UART_init</name>
         <load_address>0x36192</load_address>
         <run_address>0x36192</run_address>
         <size>0x9a</size>
         <input_file_ref idref="fl-1f"/>
      </object_component>
      <object_component id="oc-9e1">
         <name>.text:set_mode</name>
         <load_address>0x3622c</load_address>
         <run_address>0x3622c</run_address>
         <size>0x98</size>
         <input_file_ref idref="fl-4"/>
      </object_component>
      <object_component id="oc-780">
         <name>.text:main</name>
         <load_address>0x362c4</load_address>
         <run_address>0x362c4</run_address>
         <size>0x94</size>
         <input_file_ref idref="fl-2"/>
      </object_component>
      <object_component id="oc-92f">
         <name>.text:xTaskPriorityDisinherit</name>
         <load_address>0x36358</load_address>
         <run_address>0x36358</run_address>
         <size>0x94</size>
         <input_file_ref idref="fl-d"/>
      </object_component>
      <object_component id="oc-825">
         <name>.text:xTaskRemoveFromEventList</name>
         <load_address>0x363ec</load_address>
         <run_address>0x363ec</run_address>
         <size>0x8e</size>
         <input_file_ref idref="fl-d"/>
      </object_component>
      <object_component id="oc-e0b">
         <name>.text:xTimerGenericCommand</name>
         <load_address>0x3647a</load_address>
         <run_address>0x3647a</run_address>
         <size>0x8e</size>
         <input_file_ref idref="fl-e"/>
      </object_component>
      <object_component id="oc-aa8">
         <name>.text:xTaskGetHandle</name>
         <load_address>0x36508</load_address>
         <run_address>0x36508</run_address>
         <size>0x88</size>
         <input_file_ref idref="fl-d"/>
      </object_component>
      <object_component id="oc-ab4">
         <name>.text:VMDBCreate</name>
         <load_address>0x36590</load_address>
         <run_address>0x36590</run_address>
         <size>0x86</size>
         <input_file_ref idref="fl-6"/>
      </object_component>
      <object_component id="oc-dfe">
         <name>.text:prvProcessExpiredTimer</name>
         <load_address>0x36616</load_address>
         <run_address>0x36616</run_address>
         <size>0x86</size>
         <input_file_ref idref="fl-e"/>
      </object_component>
      <object_component id="oc-741">
         <name>.text:xQueueGenericSendFromISR</name>
         <load_address>0x3669c</load_address>
         <run_address>0x3669c</run_address>
         <size>0x86</size>
         <input_file_ref idref="fl-b"/>
      </object_component>
      <object_component id="oc-e05">
         <name>.text:prvInsertTimerInActiveList</name>
         <load_address>0x36722</load_address>
         <run_address>0x36722</run_address>
         <size>0x7a</size>
         <input_file_ref idref="fl-e"/>
      </object_component>
      <object_component id="oc-db8">
         <name>.text:prvProcessTimerOrBlockTask</name>
         <load_address>0x3679c</load_address>
         <run_address>0x3679c</run_address>
         <size>0x7a</size>
         <input_file_ref idref="fl-e"/>
      </object_component>
      <object_component id="oc-8d3">
         <name>.text:__TI_auto_init_nobinit_nopinit_hold_wdt:__TI_auto_init_nobinit_nopinit_hold_wdt</name>
         <load_address>0x36816</load_address>
         <run_address>0x36816</run_address>
         <size>0x78</size>
         <input_file_ref idref="fl-8d"/>
      </object_component>
      <object_component id="oc-7dc">
         <name>.text:rx_payload_burst</name>
         <load_address>0x3688e</load_address>
         <run_address>0x3688e</run_address>
         <size>0x78</size>
         <input_file_ref idref="fl-4"/>
      </object_component>
      <object_component id="oc-8a8">
         <name>.text:vTaskStartScheduler</name>
         <load_address>0x36906</load_address>
         <run_address>0x36906</run_address>
         <size>0x78</size>
         <input_file_ref idref="fl-d"/>
      </object_component>
      <object_component id="oc-83">
         <name>.text:decompress:lzss:__TI_decompress_lzss</name>
         <load_address>0x3697e</load_address>
         <run_address>0x3697e</run_address>
         <size>0x76</size>
         <input_file_ref idref="fl-59"/>
      </object_component>
      <object_component id="oc-992">
         <name>.text:GPIO_setAsPeripheralModuleFunctionInputPin</name>
         <load_address>0x369f4</load_address>
         <run_address>0x369f4</run_address>
         <size>0x72</size>
         <input_file_ref idref="fl-24"/>
      </object_component>
      <object_component id="oc-998">
         <name>.text:GPIO_setAsPeripheralModuleFunctionOutputPin</name>
         <load_address>0x36a66</load_address>
         <run_address>0x36a66</run_address>
         <size>0x72</size>
         <input_file_ref idref="fl-24"/>
      </object_component>
      <object_component id="oc-a48">
         <name>.text:init</name>
         <load_address>0x36ad8</load_address>
         <run_address>0x36ad8</run_address>
         <size>0x72</size>
         <input_file_ref idref="fl-7"/>
      </object_component>
      <object_component id="oc-bba">
         <name>.text:prvInsertBlockIntoFreeList</name>
         <load_address>0x36b4a</load_address>
         <run_address>0x36b4a</run_address>
         <size>0x72</size>
         <input_file_ref idref="fl-11"/>
      </object_component>
      <object_component id="oc-9c8">
         <name>.text:uartinit</name>
         <load_address>0x36bbc</load_address>
         <run_address>0x36bbc</run_address>
         <size>0x70</size>
         <input_file_ref idref="fl-15"/>
      </object_component>
      <object_component id="oc-8a2">
         <name>.text:remoteAccessTask</name>
         <load_address>0x36c2c</load_address>
         <run_address>0x36c2c</run_address>
         <size>0x6e</size>
         <input_file_ref idref="fl-13"/>
      </object_component>
      <object_component id="oc-9b6">
         <name>.text:CS_initClockSignal</name>
         <load_address>0x36c9a</load_address>
         <run_address>0x36c9a</run_address>
         <size>0x6a</size>
         <input_file_ref idref="fl-1b"/>
      </object_component>
      <object_component id="oc-d57">
         <name>.text:tx_payload_burst</name>
         <load_address>0x36d04</load_address>
         <run_address>0x36d04</run_address>
         <size>0x66</size>
         <input_file_ref idref="fl-4"/>
      </object_component>
      <object_component id="oc-c6d">
         <name>.text:prvInitialiseTaskLists</name>
         <load_address>0x36d6a</load_address>
         <run_address>0x36d6a</run_address>
         <size>0x62</size>
         <input_file_ref idref="fl-d"/>
      </object_component>
      <object_component id="oc-aa0">
         <name>.text:regTaskStart</name>
         <load_address>0x36dcc</load_address>
         <run_address>0x36dcc</run_address>
         <size>0x62</size>
         <input_file_ref idref="fl-12"/>
      </object_component>
      <object_component id="oc-cac">
         <name>.text:prvCheckForValidListAndQueue</name>
         <load_address>0x36e2e</load_address>
         <run_address>0x36e2e</run_address>
         <size>0x60</size>
         <input_file_ref idref="fl-e"/>
      </object_component>
      <object_component id="oc-9f3">
         <name>.text:set_output_power_level</name>
         <load_address>0x36e8e</load_address>
         <run_address>0x36e8e</run_address>
         <size>0x60</size>
         <input_file_ref idref="fl-4"/>
      </object_component>
      <object_component id="oc-c9f">
         <name>.text:prvCheckTasksWaitingTermination</name>
         <load_address>0x36eee</load_address>
         <run_address>0x36eee</run_address>
         <size>0x5e</size>
         <input_file_ref idref="fl-d"/>
      </object_component>
      <object_component id="oc-9d5">
         <name>.text:spi_init_interface</name>
         <load_address>0x36f4c</load_address>
         <run_address>0x36f4c</run_address>
         <size>0x5c</size>
         <input_file_ref idref="fl-4"/>
      </object_component>
      <object_component id="oc-8f9">
         <name>.text</name>
         <load_address>0x36fa8</load_address>
         <run_address>0x36fa8</run_address>
         <size>0x58</size>
         <input_file_ref idref="fl-80"/>
      </object_component>
      <object_component id="oc-d66">
         <name>.text:vListInsert</name>
         <load_address>0x37000</load_address>
         <run_address>0x37000</run_address>
         <size>0x54</size>
         <input_file_ref idref="fl-a"/>
      </object_component>
      <object_component id="oc-df8">
         <name>.text:vQueueWaitForMessageRestricted</name>
         <load_address>0x37054</load_address>
         <run_address>0x37054</run_address>
         <size>0x54</size>
         <input_file_ref idref="fl-b"/>
      </object_component>
      <object_component id="oc-7c9">
         <name>.text:convertl</name>
         <load_address>0x370a8</load_address>
         <run_address>0x370a8</run_address>
         <size>0x4e</size>
         <input_file_ref idref="fl-15"/>
      </object_component>
      <object_component id="oc-a02">
         <name>.text:xQueueGenericCreate</name>
         <load_address>0x370f6</load_address>
         <run_address>0x370f6</run_address>
         <size>0x4e</size>
         <input_file_ref idref="fl-b"/>
      </object_component>
      <object_component id="oc-ac9">
         <name>.text:xTimerCreateTimerTask</name>
         <load_address>0x37144</load_address>
         <run_address>0x37144</run_address>
         <size>0x4c</size>
         <input_file_ref idref="fl-e"/>
      </object_component>
      <object_component id="oc-9a4">
         <name>.text:GPIO_setAsInputPinWithPullUpResistor</name>
         <load_address>0x37190</load_address>
         <run_address>0x37190</run_address>
         <size>0x4a</size>
         <input_file_ref idref="fl-24"/>
      </object_component>
      <object_component id="oc-a17">
         <name>.text:prvcheckAdd</name>
         <load_address>0x371da</load_address>
         <run_address>0x371da</run_address>
         <size>0x44</size>
         <input_file_ref idref="fl-12"/>
      </object_component>
      <object_component id="oc-7e2">
         <name>.text:check_acknowledge</name>
         <load_address>0x3721e</load_address>
         <run_address>0x3721e</run_address>
         <size>0x42</size>
         <input_file_ref idref="fl-4"/>
      </object_component>
      <object_component id="oc-df6">
         <name>.text:prvSampleTimeNow</name>
         <load_address>0x37260</load_address>
         <run_address>0x37260</run_address>
         <size>0x40</size>
         <input_file_ref idref="fl-e"/>
      </object_component>
      <object_component id="oc-ae8">
         <name>.text:l_asr_const</name>
         <load_address>0x372a0</load_address>
         <run_address>0x372a0</run_address>
         <size>0x3e</size>
         <input_file_ref idref="fl-8e"/>
      </object_component>
      <object_component id="oc-6a7">
         <name>.text:memcpy</name>
         <load_address>0x372de</load_address>
         <run_address>0x372de</run_address>
         <size>0x3c</size>
         <input_file_ref idref="fl-94"/>
      </object_component>
      <object_component id="oc-9bc">
         <name>.text:CS_turnOnLFXT</name>
         <load_address>0x3731a</load_address>
         <run_address>0x3731a</run_address>
         <size>0x3a</size>
         <input_file_ref idref="fl-1b"/>
      </object_component>
      <object_component id="oc-878">
         <name>.text:initRFQueues</name>
         <load_address>0x37354</load_address>
         <run_address>0x37354</run_address>
         <size>0x3a</size>
         <input_file_ref idref="fl-5"/>
      </object_component>
      <object_component id="oc-9db">
         <name>.text:reset</name>
         <load_address>0x3738e</load_address>
         <run_address>0x3738e</run_address>
         <size>0x3a</size>
         <input_file_ref idref="fl-4"/>
      </object_component>
      <object_component id="oc-936">
         <name>.text:uxListRemove</name>
         <load_address>0x373c8</load_address>
         <run_address>0x373c8</run_address>
         <size>0x3a</size>
         <input_file_ref idref="fl-a"/>
      </object_component>
      <object_component id="oc-e1e">
         <name>.text:vTaskPlaceOnEventListRestricted</name>
         <load_address>0x37402</load_address>
         <run_address>0x37402</run_address>
         <size>0x3a</size>
         <input_file_ref idref="fl-d"/>
      </object_component>
      <object_component id="oc-c07">
         <name>.text:listRemove</name>
         <load_address>0x3743c</load_address>
         <run_address>0x3743c</run_address>
         <size>0x38</size>
         <input_file_ref idref="fl-14"/>
      </object_component>
      <object_component id="oc-920">
         <name>.text:receive</name>
         <load_address>0x37474</load_address>
         <run_address>0x37474</run_address>
         <size>0x38</size>
         <input_file_ref idref="fl-4"/>
      </object_component>
      <object_component id="oc-90e">
         <name>.text:spi_read_burst</name>
         <load_address>0x374ac</load_address>
         <run_address>0x374ac</run_address>
         <size>0x38</size>
         <input_file_ref idref="fl-4"/>
      </object_component>
      <object_component id="oc-970">
         <name>.text:prvResetNextTaskUnblockTime</name>
         <load_address>0x374e4</load_address>
         <run_address>0x374e4</run_address>
         <size>0x36</size>
         <input_file_ref idref="fl-d"/>
      </object_component>
      <object_component id="oc-aae">
         <name>.text:vTaskDelay</name>
         <load_address>0x3751a</load_address>
         <run_address>0x3751a</run_address>
         <size>0x36</size>
         <input_file_ref idref="fl-d"/>
      </object_component>
      <object_component id="oc-98c">
         <name>.text:GPIO_setAsOutputPin</name>
         <load_address>0x37550</load_address>
         <run_address>0x37550</run_address>
         <size>0x34</size>
         <input_file_ref idref="fl-24"/>
      </object_component>
      <object_component id="oc-7c3">
         <name>.text:convert</name>
         <load_address>0x37584</load_address>
         <run_address>0x37584</run_address>
         <size>0x34</size>
         <input_file_ref idref="fl-15"/>
      </object_component>
      <object_component id="oc-a6e">
         <name>.text:createDataTransferLog</name>
         <load_address>0x375b8</load_address>
         <run_address>0x375b8</run_address>
         <size>0x34</size>
         <input_file_ref idref="fl-12"/>
      </object_component>
      <object_component id="oc-c49">
         <name>.text:prvCopyDataFromQueue</name>
         <load_address>0x375ec</load_address>
         <run_address>0x375ec</run_address>
         <size>0x34</size>
         <input_file_ref idref="fl-b"/>
      </object_component>
      <object_component id="oc-e31">
         <name>.text:prvIsQueueFull</name>
         <load_address>0x37620</load_address>
         <run_address>0x37620</run_address>
         <size>0x34</size>
         <input_file_ref idref="fl-b"/>
      </object_component>
      <object_component id="oc-b6b">
         <name>.text:spi_write_burst</name>
         <load_address>0x37654</load_address>
         <run_address>0x37654</run_address>
         <size>0x34</size>
         <input_file_ref idref="fl-4"/>
      </object_component>
      <object_component id="oc-d5d">
         <name>.text:transmit</name>
         <load_address>0x37688</load_address>
         <run_address>0x37688</run_address>
         <size>0x34</size>
         <input_file_ref idref="fl-4"/>
      </object_component>
      <object_component id="oc-858">
         <name>.text:vApplicationSetupTimerInterrupt</name>
         <load_address>0x376bc</load_address>
         <run_address>0x376bc</run_address>
         <size>0x34</size>
         <input_file_ref idref="fl-2"/>
      </object_component>
      <object_component id="oc-c0e">
         <name>.text:listInsert</name>
         <load_address>0x376f0</load_address>
         <run_address>0x376f0</run_address>
         <size>0x32</size>
         <input_file_ref idref="fl-14"/>
      </object_component>
      <object_component id="oc-c2b">
         <name>.text:prvIsQueueEmpty</name>
         <load_address>0x37722</load_address>
         <run_address>0x37722</run_address>
         <size>0x32</size>
         <input_file_ref idref="fl-b"/>
      </object_component>
      <object_component id="oc-e12">
         <name>.text:xTaskGetTickCount</name>
         <load_address>0x37754</load_address>
         <run_address>0x37754</run_address>
         <size>0x32</size>
[...]
      </symbol>
      <symbol id="sm-c8f">
         <name>xTaskRemoveFromEventList</name>
         <value>0x363ec</value>
         <object_component_ref idref="oc-825"/>
      </symbol>
      <symbol id="sm-c90">
         <name>StackToNVM</name>
         <value>0x1fcc</value>
         <object_component_ref idref="oc-849"/>
      </symbol>
      <symbol id="sm-d51">
         <name>xTimerCreateTimerTask</name>
         <value>0x37144</value>
         <object_component_ref idref="oc-ac9"/>
      </symbol>
      <symbol id="sm-d52">
         <name>xTimerGenericCommand</name>
         <value>0x3647a</value>
         <object_component_ref idref="oc-e0b"/>
      </symbol>
      <symbol id="sm-d6b">
         <name>__TI_int45</name>
         <value>0xffea</value>
         <object_component_ref idref="oc-aa"/>
      </symbol>
      <symbol id="sm-d6c">
         <name>vTickISREntry</name>
         <value>0x4544</value>
         <object_component_ref idref="oc-6cb"/>
      </symbol>
      <symbol id="sm-d6d">
         <name>usCriticalNesting</name>
         <value>0x203c</value>
         <object_component_ref idref="oc-846"/>
      </symbol>
      <symbol id="sm-d6e">
         <name>pxPortInitialiseStack</name>
         <value>0x3795e</value>
         <object_component_ref idref="oc-c66"/>
      </symbol>
      <symbol id="sm-d76">
         <name>vPortCooperativeTickISR</name>
         <value>0x35df6</value>
         <object_component_ref idref="oc-76b"/>
      </symbol>
      <symbol id="sm-d77">
         <name>vPortPreemptiveTickISR</name>
         <value>0x35dc6</value>
         <object_component_ref idref="oc-76b"/>
      </symbol>
      <symbol id="sm-d78">
         <name>vPortYield</name>
         <value>0x35e22</value>
         <object_component_ref idref="oc-76b"/>
      </symbol>
      <symbol id="sm-d79">
         <name>xPortStartScheduler</name>
         <value>0x35e52</value>
         <object_component_ref idref="oc-76b"/>
      </symbol>
      <symbol id="sm-de5">
         <name>xPortGetFreeHeapSize</name>
         <value>0x37c78</value>
         <object_component_ref idref="oc-a33"/>
      </symbol>
      <symbol id="sm-de6">
         <name>pvPortMalloc</name>
         <value>0x34616</value>
         <object_component_ref idref="oc-a8e"/>
      </symbol>
      <symbol id="sm-de7">
         <name>vPortFree</name>
         <value>0x35bc8</value>
         <object_component_ref idref="oc-a24"/>
      </symbol>
      <symbol id="sm-de8">
         <name>pvInitHeapVar</name>
         <value>0x37b30</value>
         <object_component_ref idref="oc-88a"/>
      </symbol>
      <symbol id="sm-e6d">
         <name>createDataTransferLog</name>
         <value>0x375b8</value>
         <object_component_ref idref="oc-a6e"/>
      </symbol>
      <symbol id="sm-e6e">
         <name>xBlockAllocatedBit</name>
         <value>0x4c28</value>
         <object_component_ref idref="oc-a21"/>
      </symbol>
      <symbol id="sm-e6f">
         <name>getDataTransferLog</name>
         <value>0x379e8</value>
         <object_component_ref idref="oc-a5c"/>
      </symbol>
      <symbol id="sm-e70">
         <name>prvcheckAdd</name>
         <value>0x371da</value>
         <object_component_ref idref="oc-a17"/>
      </symbol>
      <symbol id="sm-e71">
         <name>regTaskStart</name>
         <value>0x36dcc</value>
         <object_component_ref idref="oc-aa0"/>
      </symbol>
      <symbol id="sm-e72">
         <name>dataTransferLogList</name>
         <value>0x123c2</value>
         <object_component_ref idref="oc-a45"/>
      </symbol>
      <symbol id="sm-e73">
         <name>failureRecovery</name>
         <value>0x35378</value>
         <object_component_ref idref="oc-884"/>
      </symbol>
      <symbol id="sm-e74">
         <name>deleteDataTransferLog</name>
         <value>0x378c6</value>
         <object_component_ref idref="oc-a68"/>
      </symbol>
      <symbol id="sm-e88">
         <name>remoteAccessTask</name>
         <value>0x36c2c</value>
         <object_component_ref idref="oc-8a2"/>
      </symbol>
      <symbol id="sm-ebf">
         <name>createNode</name>
         <value>0x379c6</value>
         <object_component_ref idref="oc-d4e"/>
      </symbol>
      <symbol id="sm-ec0">
         <name>makeList</name>
         <value>0x37b7e</value>
         <object_component_ref idref="oc-a3f"/>
      </symbol>
      <symbol id="sm-ec1">
         <name>listRemove</name>
         <value>0x3743c</value>
         <object_component_ref idref="oc-c07"/>
      </symbol>
      <symbol id="sm-ec2">
         <name>listInsert</name>
         <value>0x376f0</value>
         <object_component_ref idref="oc-c0e"/>
      </symbol>
      <symbol id="sm-f18">
         <name>print2uart</name>
         <value>0x35280</value>
         <object_component_ref idref="oc-72f"/>
      </symbol>
      <symbol id="sm-f19">
         <name>UartParams</name>
         <value>0x1f48</value>
         <object_component_ref idref="oc-b49"/>
      </symbol>
      <symbol id="sm-f1a">
         <name>convertl</name>
         <value>0x370a8</value>
         <object_component_ref idref="oc-7c9"/>
      </symbol>
      <symbol id="sm-f1b">
         <name>setFrequency</name>
         <value>0x356c4</value>
         <object_component_ref idref="oc-9aa"/>
      </symbol>
      <symbol id="sm-f1c">
         <name>dummyprint</name>
         <value>0x37d10</value>
         <object_component_ref idref="oc-bac"/>
      </symbol>
      <symbol id="sm-f1d">
         <name>convert</name>
         <value>0x37584</value>
         <object_component_ref idref="oc-7c3"/>
      </symbol>
      <symbol id="sm-f1e">
         <name>uartinit</name>
         <value>0x36bbc</value>
         <object_component_ref idref="oc-9c8"/>
      </symbol>
      <symbol id="sm-f6b">
         <name>CS_turnOnLFXT</name>
         <value>0x3731a</value>
         <object_component_ref idref="oc-9bc"/>
      </symbol>
      <symbol id="sm-f6c">
         <name>CS_setDCOFreq</name>
         <value>0x34d00</value>
         <object_component_ref idref="oc-b3b"/>
      </symbol>
      <symbol id="sm-f6d">
         <name>CS_setExternalClockSource</name>
         <value>0x37afc</value>
         <object_component_ref idref="oc-9b0"/>
      </symbol>
      <symbol id="sm-f6e">
         <name>CS_initClockSignal</name>
         <value>0x36c9a</value>
         <object_component_ref idref="oc-9b6"/>
      </symbol>
      <symbol id="sm-f9e">
         <name>EUSCI_A_UART_enableInterrupt</name>
         <value>0x37982</value>
         <object_component_ref idref="oc-b5e"/>
      </symbol>
      <symbol id="sm-f9f">
         <name>EUSCI_A_UART_init</name>
         <value>0x36192</value>
         <object_component_ref idref="oc-b4c"/>
      </symbol>
      <symbol id="sm-fa0">
         <name>EUSCI_A_UART_enable</name>
         <value>0x37d02</value>
         <object_component_ref idref="oc-b52"/>
      </symbol>
      <symbol id="sm-fa1">
         <name>EUSCI_A_UART_clearInterrupt</name>
         <value>0x37c86</value>
         <object_component_ref idref="oc-b58"/>
      </symbol>
      <symbol id="sm-fa2">
         <name>EUSCI_A_UART_transmitData</name>
         <value>0x379a4</value>
         <object_component_ref idref="oc-7bd"/>
      </symbol>
      <symbol id="sm-1001">
         <name>GPIO_clearInterrupt</name>
         <value>0x37a6a</value>
         <object_component_ref idref="oc-760"/>
      </symbol>
      <symbol id="sm-1002">
         <name>GPIO_selectInterruptEdge</name>
         <value>0x377e6</value>
         <object_component_ref idref="oc-99e"/>
      </symbol>
      <symbol id="sm-1003">
         <name>GPIO_setAsInputPinWithPullUpResistor</name>
         <value>0x37190</value>
         <object_component_ref idref="oc-9a4"/>
      </symbol>
      <symbol id="sm-1004">
         <name>GPIO_enableInterrupt</name>
         <value>0x37aa6</value>
         <object_component_ref idref="oc-75a"/>
      </symbol>
      <symbol id="sm-1005">
         <name>GPIO_setAsOutputPin</name>
         <value>0x37550</value>
         <object_component_ref idref="oc-98c"/>
      </symbol>
      <symbol id="sm-1006">
         <name>GPIO_setOutputLowOnPin</name>
         <value>0x37ac4</value>
         <object_component_ref idref="oc-986"/>
      </symbol>
      <symbol id="sm-1007">
         <name>GPIO_setAsPeripheralModuleFunctionOutputPin</name>
         <value>0x36a66</value>
         <object_component_ref idref="oc-998"/>
      </symbol>
      <symbol id="sm-1008">
         <name>GPIO_setAsPeripheralModuleFunctionInputPin</name>
         <value>0x369f4</value>
         <object_component_ref idref="oc-992"/>
      </symbol>
      <symbol id="sm-1009">
         <name>GPIO_disableInterrupt</name>
         <value>0x37a88</value>
         <object_component_ref idref="oc-754"/>
      </symbol>
      <symbol id="sm-1017">
         <name>PMM_unlockLPM5</name>
         <value>0x37ce2</value>
         <object_component_ref idref="oc-9c2"/>
      </symbol>
      <symbol id="sm-102d">
         <name>WDT_A_hold</name>
         <value>0x37bc6</value>
         <object_component_ref idref="oc-861"/>
      </symbol>
      <symbol id="sm-1050">
         <name>__TI_decompress_lzss</name>
         <value>0x3697e</value>
         <object_component_ref idref="oc-83"/>
      </symbol>
      <symbol id="sm-1061">
         <name>__TI_decompress_none</name>
         <value>0x37bdc</value>
         <object_component_ref idref="oc-89"/>
      </symbol>
      <symbol id="sm-1064">
         <name>__TI_int18</name>
         <value>0xffb4</value>
         <object_component_ref idref="oc-8f"/>
      </symbol>
      <symbol id="sm-106c">
         <name>__TI_ISR_TRAP</name>
         <value>0x4554</value>
         <object_component_ref idref="oc-6b4"/>
      </symbol>
      <symbol id="sm-106f">
         <name>__TI_int20</name>
         <value>0xffb8</value>
         <object_component_ref idref="oc-91"/>
      </symbol>
      <symbol id="sm-1072">
         <name>__TI_int21</name>
         <value>0xffba</value>
         <object_component_ref idref="oc-92"/>
      </symbol>
      <symbol id="sm-1075">
         <name>__TI_int22</name>
         <value>0xffbc</value>
         <object_component_ref idref="oc-93"/>
      </symbol>
      <symbol id="sm-1078">
         <name>__TI_int23</name>
         <value>0xffbe</value>
         <object_component_ref idref="oc-94"/>
      </symbol>
      <symbol id="sm-107b">
         <name>__TI_int24</name>
         <value>0xffc0</value>
         <object_component_ref idref="oc-95"/>
      </symbol>
      <symbol id="sm-107e">
         <name>__TI_int25</name>
         <value>0xffc2</value>
         <object_component_ref idref="oc-96"/>
      </symbol>
      <symbol id="sm-1081">
         <name>__TI_int26</name>
         <value>0xffc4</value>
         <object_component_ref idref="oc-97"/>
      </symbol>
      <symbol id="sm-1084">
         <name>__TI_int28</name>
         <value>0xffc8</value>
         <object_component_ref idref="oc-99"/>
      </symbol>
      <symbol id="sm-1087">
         <name>__TI_int29</name>
         <value>0xffca</value>
         <object_component_ref idref="oc-9a"/>
      </symbol>
      <symbol id="sm-108a">
         <name>__TI_int30</name>
         <value>0xffcc</value>
         <object_component_ref idref="oc-9b"/>
      </symbol>
      <symbol id="sm-108d">
         <name>__TI_int31</name>
         <value>0xffce</value>
         <object_component_ref idref="oc-9c"/>
      </symbol>
      <symbol id="sm-1090">
         <name>__TI_int32</name>
         <value>0xffd0</value>
         <object_component_ref idref="oc-9d"/>
      </symbol>
      <symbol id="sm-1093">
         <name>__TI_int33</name>
         <value>0xffd2</value>
         <object_component_ref idref="oc-9e"/>
      </symbol>
      <symbol id="sm-1096">
         <name>__TI_int34</name>
         <value>0xffd4</value>
         <object_component_ref idref="oc-9f"/>
      </symbol>
      <symbol id="sm-1099">
         <name>__TI_int35</name>
         <value>0xffd6</value>
         <object_component_ref idref="oc-a0"/>
      </symbol>
      <symbol id="sm-109c">
         <name>__TI_int36</name>
         <value>0xffd8</value>
         <object_component_ref idref="oc-a1"/>
      </symbol>
      <symbol id="sm-109f">
         <name>__TI_int37</name>
         <value>0xffda</value>
         <object_component_ref idref="oc-a2"/>
      </symbol>
      <symbol id="sm-10a2">
         <name>__TI_int38</name>
         <value>0xffdc</value>
         <object_component_ref idref="oc-a3"/>
      </symbol>
      <symbol id="sm-10a5">
         <name>__TI_int39</name>
         <value>0xffde</value>
         <object_component_ref idref="oc-a4"/>
      </symbol>
      <symbol id="sm-10a8">
         <name>__TI_int41</name>
         <value>0xffe2</value>
         <object_component_ref idref="oc-a6"/>
      </symbol>
      <symbol id="sm-10ab">
         <name>__TI_int42</name>
         <value>0xffe4</value>
         <object_component_ref idref="oc-a7"/>
      </symbol>
      <symbol id="sm-10ae">
         <name>__TI_int43</name>
         <value>0xffe6</value>
         <object_component_ref idref="oc-a8"/>
      </symbol>
      <symbol id="sm-10b1">
         <name>__TI_int44</name>
         <value>0xffe8</value>
         <object_component_ref idref="oc-a9"/>
      </symbol>
      <symbol id="sm-10b4">
         <name>__TI_int47</name>
         <value>0xffee</value>
         <object_component_ref idref="oc-ac"/>
      </symbol>
      <symbol id="sm-10b7">
         <name>__TI_int48</name>
         <value>0xfff0</value>
         <object_component_ref idref="oc-ad"/>
      </symbol>
      <symbol id="sm-10ba">
         <name>__TI_int49</name>
         <value>0xfff2</value>
         <object_component_ref idref="oc-ae"/>
      </symbol>
      <symbol id="sm-10bd">
         <name>__TI_int50</name>
         <value>0xfff4</value>
         <object_component_ref idref="oc-af"/>
      </symbol>
      <symbol id="sm-10c0">
         <name>__TI_int51</name>
         <value>0xfff6</value>
         <object_component_ref idref="oc-b0"/>
      </symbol>
      <symbol id="sm-10c3">
         <name>__TI_int52</name>
         <value>0xfff8</value>
         <object_component_ref idref="oc-b1"/>
      </symbol>
      <symbol id="sm-10c6">
         <name>__TI_int53</name>
         <value>0xfffa</value>
         <object_component_ref idref="oc-b2"/>
      </symbol>
      <symbol id="sm-10c9">
         <name>__TI_int54</name>
         <value>0xfffc</value>
         <object_component_ref idref="oc-b3"/>
      </symbol>
      <symbol id="sm-10dc">
         <name>__TI_zero_init</name>
         <value>0x3793a</value>
         <object_component_ref idref="oc-6dd"/>
      </symbol>
      <symbol id="sm-10e8">
         <name>__mspabi_remu</name>
         <value>0x37c1e</value>
         <object_component_ref idref="oc-8f1"/>
      </symbol>
      <symbol id="sm-10e9">
         <name>__mspabi_divu</name>
         <value>0x37c1e</value>
         <object_component_ref idref="oc-8f1"/>
      </symbol>
      <symbol id="sm-10f7">
         <name>__mspabi_remul</name>
         <value>0x36fa8</value>
         <object_component_ref idref="oc-8f9"/>
      </symbol>
      <symbol id="sm-10f8">
         <name>__mspabi_divul</name>
         <value>0x36fa8</value>
         <object_component_ref idref="oc-8f9"/>
      </symbol>
      <symbol id="sm-1101">
         <name>__mspabi_mpyi_f5hw</name>
         <value>0x37bae</value>
         <object_component_ref idref="oc-93c"/>
      </symbol>
      <symbol id="sm-1118">
         <name>_stack</name>
         <value>0x2b60</value>
         <object_component_ref idref="oc-695"/>
      </symbol>
      <symbol id="sm-1119">
         <name>_c_int00_noargs</name>
         <value>0x450e</value>
         <object_component_ref idref="oc-6e9"/>
      </symbol>
      <symbol id="sm-111a">
         <name>_reset_vector</name>
         <value>0xfffe</value>
         <object_component_ref idref="oc-698"/>
      </symbol>
      <symbol id="sm-113e">
         <name>__TI_auto_init_nobinit_nopinit_hold_wdt</name>
         <value>0x36816</value>
         <object_component_ref idref="oc-8d3"/>
      </symbol>
      <symbol id="sm-1146">
         <name>__mspabi_sral_15</name>
         <value>0x372a0</value>
         <object_component_ref idref="oc-ae8"/>
      </symbol>
      <symbol id="sm-1147">
         <name>__mspabi_sral_14</name>
         <value>0x372a4</value>
         <object_component_ref idref="oc-ae8"/>
      </symbol>
      <symbol id="sm-1148">
         <name>__mspabi_sral_13</name>
         <value>0x372a8</value>
         <object_component_ref idref="oc-ae8"/>
      </symbol>
      <symbol id="sm-1149">
         <name>__mspabi_sral_12</name>
         <value>0x372ac</value>
         <object_component_ref idref="oc-ae8"/>
      </symbol>
      <symbol id="sm-114a">
         <name>__mspabi_sral_11</name>
         <value>0x372b0</value>
         <object_component_ref idref="oc-ae8"/>
      </symbol>
      <symbol id="sm-114b">
         <name>__mspabi_sral_10</name>
         <value>0x372b4</value>
         <object_component_ref idref="oc-ae8"/>
      </symbol>
      <symbol id="sm-114c">
         <name>__mspabi_sral_8</name>
         <value>0x372bc</value>
         <object_component_ref idref="oc-ae8"/>
      </symbol>
      <symbol id="sm-114d">
         <name>__mspabi_sral_9</name>
         <value>0x372b8</value>
         <object_component_ref idref="oc-ae8"/>
      </symbol>
      <symbol id="sm-114e">
         <name>__mspabi_sral_6</name>
         <value>0x372c4</value>
         <object_component_ref idref="oc-ae8"/>
      </symbol>
      <symbol id="sm-114f">
         <name>__mspabi_sral_7</name>
         <value>0x372c0</value>
         <object_component_ref idref="oc-ae8"/>
      </symbol>
      <symbol id="sm-1150">
         <name>__mspabi_sral_4</name>
         <value>0x372cc</value>
         <object_component_ref idref="oc-ae8"/>
      </symbol>
      <symbol id="sm-1151">
         <name>__mspabi_sral_5</name>
         <value>0x372c8</value>
         <object_component_ref idref="oc-ae8"/>
      </symbol>
      <symbol id="sm-1152">
         <name>__mspabi_sral_2</name>
         <value>0x372d4</value>
         <object_component_ref idref="oc-ae8"/>
      </symbol>
      <symbol id="sm-1153">
         <name>__mspabi_sral_3</name>
         <value>0x372d0</value>
         <object_component_ref idref="oc-ae8"/>
      </symbol>
      <symbol id="sm-1154">
         <name>__mspabi_sral_1</name>
         <value>0x372d8</value>
         <object_component_ref idref="oc-ae8"/>
      </symbol>
      <symbol id="sm-115d">
         <name>_system_post_cinit</name>
         <value>0x37d0e</value>
         <object_component_ref idref="oc-aed"/>
      </symbol>
      <symbol id="sm-1168">
         <name>C$$EXIT</name>
         <value>0x37d08</value>
         <object_component_ref idref="oc-8af"/>
      </symbol>
      <symbol id="sm-1169">
         <name>abort</name>
         <value>0x37d08</value>
         <object_component_ref idref="oc-8af"/>
      </symbol>
      <symbol id="sm-117a">
         <name>memcpy</name>
         <value>0x372de</value>
         <object_component_ref idref="oc-6a7"/>
      </symbol>
      <symbol id="sm-1189">
         <name>memset</name>
         <value>0x37a0a</value>
         <object_component_ref idref="oc-907"/>
      </symbol>
      <symbol id="sm-11d0">
         <name>_sys_memory</name>
         <value>0x4000</value>
         <object_component_ref idref="oc-699"/>
      </symbol>
      <symbol id="sm-11e4">
         <name>strlen</name>
         <value>0x37c4a</value>
         <object_component_ref idref="oc-c75"/>
      </symbol>
      <symbol id="sm-11ee">
         <name>vPortSetupTimerInterrupt</name>
         <value>0x376bc</value>
      </symbol>
   </symbol_table>
   <title>Link successful</title>
</link_info>
